Product: MDK-ARM Lite 5.10
Component: ARM Compiler 5.04 update 1 (build 49)
Tool: armlink [5040049]

==============================================================================

Section Cross References

    main.o(i.main) refers to _printf_percent.o(.ARM.Collect$$_printf_percent$$00000000) for _printf_percent
    main.o(i.main) refers to _printf_s.o(.ARM.Collect$$_printf_percent$$00000014) for _printf_s
    main.o(i.main) refers to _printf_str.o(.text) for _printf_str
    main.o(i.main) refers to sysctl.o(i.SysCtlClockSet) for SysCtlClockSet
    main.o(i.main) refers to termio.o(i.TERMIO_Init) for TERMIO_Init
    main.o(i.main) refers to puts.o(.text) for puts
    main.o(i.main) refers to noretval__2printf.o(.text) for __2printf
    main.o(i.main) refers to es_framework.o(i.ES_Initialize) for ES_Initialize
    main.o(i.main) refers to es_framework.o(i.ES_Run) for ES_Run
    eventcheckers.o(i.Check4Keystroke) refers to termio.o(i.kbhit) for kbhit
    eventcheckers.o(i.Check4Keystroke) refers to getc.o(.text) for getc
    eventcheckers.o(i.Check4Keystroke) refers to mapkeys.o(i.PostMapKeys) for PostMapKeys
    eventcheckers.o(i.Check4Keystroke) refers to retarget.o(.data) for __stdin
    mapkeys.o(i.InitMapKeys) refers to mapkeys.o(.data) for .data
    mapkeys.o(i.PostMapKeys) refers to es_framework.o(i.ES_PostToService) for ES_PostToService
    mapkeys.o(i.PostMapKeys) refers to mapkeys.o(.data) for .data
    mapkeys.o(i.RunMapKeys) refers to toupper.o(.text) for toupper
    mapkeys.o(i.RunMapKeys) refers to noretval__2printf.o(.text) for __2printf
    mapkeys.o(i.RunMapKeys) refers to sm_master.o(i.PostMasterSM) for PostMasterSM
    drs.o(i.DRS_EOTIntHandler) refers to sm_drs.o(i.PostDRS_SM) for PostDRS_SM
    drs.o(i.DRS_EOTIntHandler) refers to drs.o(.data) for .data
    drs.o(i.DRS_EOTIntHandler) refers to drs.o(.constdata) for .constdata
    drs.o(i.DRS_Initialize) refers to noretval__2printf.o(.text) for __2printf
    drs.o(i.DRS_PrintData) refers to _printf_pad.o(.text) for _printf_pre_padding
    drs.o(i.DRS_PrintData) refers to _printf_percent.o(.ARM.Collect$$_printf_percent$$00000000) for _printf_percent
    drs.o(i.DRS_PrintData) refers to _printf_x.o(.ARM.Collect$$_printf_percent$$0000000C) for _printf_x
    drs.o(i.DRS_PrintData) refers to _printf_hex_int.o(.text) for _printf_longlong_hex
    drs.o(i.DRS_PrintData) refers to noretval__2printf.o(.text) for __2printf
    drs.o(i.DRS_PrintData) refers to drs.o(.data) for .data
    sm_master.o(i.InitMasterSM) refers to sm_master.o(i.StartMasterSM) for StartMasterSM
    sm_master.o(i.InitMasterSM) refers to sm_master.o(.data) for .data
    sm_master.o(i.PostMasterSM) refers to es_framework.o(i.ES_PostToService) for ES_PostToService
    sm_master.o(i.PostMasterSM) refers to sm_master.o(.data) for .data
    sm_master.o(i.RunMasterSM) refers to noretval__2printf.o(.text) for __2printf
    sm_master.o(i.RunMasterSM) refers to sm_playing.o(i.RunPlayingSM) for RunPlayingSM
    sm_master.o(i.RunMasterSM) refers to sm_playing.o(i.StartPlayingSM) for StartPlayingSM
    sm_master.o(i.RunMasterSM) refers to sm_master.o(.data) for .data
    sm_master.o(i.RunMasterSM) refers to sm_master.o(.constdata) for .constdata
    sm_master.o(i.StartMasterSM) refers to sm_master.o(i.RunMasterSM) for RunMasterSM
    sm_master.o(i.StartMasterSM) refers to sm_master.o(.data) for .data
    sm_drs.o(i.GetMyKartData) refers to sm_drs.o(.data) for .data
    sm_drs.o(i.GetMyKartData) refers to sm_drs.o(.bss) for .bss
    sm_drs.o(i.InitDRS_SM) refers to drs.o(i.DRS_Initialize) for DRS_Initialize
    sm_drs.o(i.InitDRS_SM) refers to sm_drs.o(i.RunDRS_SM) for RunDRS_SM
    sm_drs.o(i.InitDRS_SM) refers to sm_drs.o(.data) for .data
    sm_drs.o(i.PostDRS_SM) refers to es_framework.o(i.ES_PostToService) for ES_PostToService
    sm_drs.o(i.PostDRS_SM) refers to sm_drs.o(.data) for .data
    sm_drs.o(i.QueryDRS_SM) refers to sm_drs.o(.data) for .data
    sm_drs.o(i.RunDRS_SM) refers to _printf_pad.o(.text) for _printf_pre_padding
    sm_drs.o(i.RunDRS_SM) refers to _printf_percent.o(.ARM.Collect$$_printf_percent$$00000000) for _printf_percent
    sm_drs.o(i.RunDRS_SM) refers to _printf_x.o(.ARM.Collect$$_printf_percent$$0000000C) for _printf_x
    sm_drs.o(i.RunDRS_SM) refers to _printf_hex_int.o(.text) for _printf_longlong_hex
    sm_drs.o(i.RunDRS_SM) refers to noretval__2printf.o(.text) for __2printf
    sm_drs.o(i.RunDRS_SM) refers to es_timers.o(i.ES_Timer_InitTimer) for ES_Timer_InitTimer
    sm_drs.o(i.RunDRS_SM) refers to sm_drs.o(i.PostDRS_SM) for PostDRS_SM
    sm_drs.o(i.RunDRS_SM) refers to es_timers.o(i.ES_Timer_StopTimer) for ES_Timer_StopTimer
    sm_drs.o(i.RunDRS_SM) refers to drs.o(i.DRS_SendQuery) for DRS_SendQuery
    sm_drs.o(i.RunDRS_SM) refers to drs.o(i.DRS_PrintData) for DRS_PrintData
    sm_drs.o(i.RunDRS_SM) refers to sm_drs.o(.data) for .data
[...]
    rtexit2.o(.ARM.exidx) refers to rtexit2.o(.ARM.Collect$$rtexit$$00000004) for .ARM.Collect$$rtexit$$00000004
    _get_argv_nomalloc.o(.text) refers (Special) to hrguard.o(.text) for __heap_region$guard
    _get_argv_nomalloc.o(.text) refers to defsig_rtmem_outer.o(.text) for __rt_SIGRTMEM
    _get_argv_nomalloc.o(.text) refers to sys_command.o(.text) for _sys_command_string
    sys_command.o(.text) refers (Special) to use_no_semi.o(.text) for __I$use$semihosting
    sys_command.o(.text) refers (Special) to indicate_semi.o(.text) for __semihosting_library_function
    defsig_rtmem_outer.o(.text) refers to defsig_rtmem_inner.o(.text) for __rt_SIGRTMEM_inner
    defsig_rtmem_outer.o(.text) refers to defsig_exit.o(.text) for __sig_exit
    defsig_rtmem_formal.o(.text) refers to rt_raise.o(.text) for __rt_raise
    libshutdown.o(.ARM.Collect$$libshutdown$$00000000) refers (Special) to libshutdown2.o(.ARM.Collect$$libshutdown$$00000006) for __rt_lib_shutdown_fp_trap_1
    libshutdown.o(.ARM.Collect$$libshutdown$$00000000) refers (Special) to libshutdown2.o(.ARM.Collect$$libshutdown$$0000000E) for __rt_lib_shutdown_heap_1
    libshutdown.o(.ARM.Collect$$libshutdown$$00000000) refers (Special) to libshutdown2.o(.ARM.Collect$$libshutdown$$0000000F) for __rt_lib_shutdown_return
    libshutdown.o(.ARM.Collect$$libshutdown$$00000000) refers (Special) to libshutdown2.o(.ARM.Collect$$libshutdown$$00000009) for __rt_lib_shutdown_signal_1
    libshutdown.o(.ARM.Collect$$libshutdown$$00000000) refers (Special) to libshutdown2.o(.ARM.Collect$$libshutdown$$00000003) for __rt_lib_shutdown_stdio_1
    libshutdown.o(.ARM.Collect$$libshutdown$$00000000) refers (Special) to libshutdown2.o(.ARM.Collect$$libshutdown$$0000000B) for __rt_lib_shutdown_user_alloc_1
    rt_raise.o(.text) refers to __raise.o(.text) for __raise
    rt_raise.o(.text) refers to retarget.o(i._sys_exit) for _sys_exit
    defsig_exit.o(.text) refers to retarget.o(i._sys_exit) for _sys_exit
    defsig_rtmem_inner.o(.text) refers to defsig_general.o(.text) for __default_signal_display
    __raise.o(.text) refers to defsig.o(CL$$defsig) for __default_signal_handler
    defsig_general.o(.text) refers to retarget.o(i._ttywrch) for _ttywrch
    defsig.o(CL$$defsig) refers to defsig_rtmem_inner.o(.text) for __rt_SIGRTMEM_inner
    defsig_abrt_inner.o(.text) refers to defsig_general.o(.text) for __default_signal_display
    defsig_fpe_inner.o(.text) refers to defsig_general.o(.text) for __default_signal_display
    defsig_rtred_inner.o(.text) refers to defsig_general.o(.text) for __default_signal_display
    defsig_stak_inner.o(.text) refers to defsig_general.o(.text) for __default_signal_display
    defsig_pvfn_inner.o(.text) refers to defsig_general.o(.text) for __default_signal_display
    defsig_cppl_inner.o(.text) refers to defsig_general.o(.text) for __default_signal_display
    defsig_segv_inner.o(.text) refers to defsig_general.o(.text) for __default_signal_display
    defsig_other.o(.text) refers to defsig_general.o(.text) for __default_signal_display


==============================================================================

Removing Unused input sections from the image.

    Removing sm_drs.o(i.GetMyKartData), (56 bytes).
    Removing sm_drs.o(i.QueryDRS_SM), (12 bytes).
    Removing sm_drs.o(.bss), (30 bytes).
    Removing sm_playing.o(i.QueryPlayingSM), (12 bytes).
    Removing sm_racing.o(i.QueryRacingSM), (12 bytes).
    Removing es_deferrecall.o(i.ES_RecallEvents), (44 bytes).
    Removing es_framework.o(i.ES_PostAll), (72 bytes).
    Removing es_framework.o(i.ES_PostToServiceLIFO), (56 bytes).
    Removing es_port.o(i.ConsoleInit), (80 bytes).
    Removing es_port.o(i._HW_GetTickCount), (12 bytes).
    Removing es_postlist.o(i.ES_PostList00), (48 bytes).
    Removing es_postlist.o(.constdata), (12 bytes).
    Removing es_queue.o(i.ES_EnQueueLIFO), (72 bytes).
    Removing es_queue.o(i.ES_IsQueueEmpty), (12 bytes).
    Removing es_timers.o(i.ES_Timer_GetTime), (4 bytes).
    Removing es_timers.o(i.ES_Timer_SetTimer), (40 bytes).
    Removing es_timers.o(i.ES_Timer_StartTimer), (48 bytes).
    Removing retarget.o(i._ttywrch), (6 bytes).
    Removing uartstdio.o(i.UARTgets), (132 bytes).
    Removing uartstdio.o(i.UARTprintf), (18 bytes).
    Removing uartstdio.o(i.UARTvprintf), (436 bytes).
    Removing uartstdio.o(i.UARTwrite), (60 bytes).
    Removing gpio.o(i.GPIOADCTriggerDisable), (14 bytes).
    Removing gpio.o(i.GPIOADCTriggerEnable), (14 bytes).
    Removing gpio.o(i.GPIODMATriggerDisable), (14 bytes).
    Removing gpio.o(i.GPIODMATriggerEnable), (14 bytes).
    Removing gpio.o(i.GPIODirModeGet), (34 bytes).
    Removing gpio.o(i.GPIOIntClear), (6 bytes).
    Removing gpio.o(i.GPIOIntDisable), (14 bytes).
    Removing gpio.o(i.GPIOIntEnable), (14 bytes).
    Removing gpio.o(i.GPIOIntRegister), (88 bytes).
    Removing gpio.o(i.GPIOIntStatus), (14 bytes).
    Removing gpio.o(i.GPIOIntTypeGet), (68 bytes).
    Removing gpio.o(i.GPIOIntTypeSet), (80 bytes).
    Removing gpio.o(i.GPIOIntUnregister), (88 bytes).
    Removing gpio.o(i.GPIOPadConfigGet), (204 bytes).
    Removing gpio.o(i.GPIOPinRead), (6 bytes).
    Removing gpio.o(i.GPIOPinTypeADC), (28 bytes).
    Removing gpio.o(i.GPIOPinTypeCAN), (28 bytes).
    Removing gpio.o(i.GPIOPinTypeCIR), (28 bytes).
    Removing gpio.o(i.GPIOPinTypeComparator), (28 bytes).
    Removing gpio.o(i.GPIOPinTypeEPI), (28 bytes).
    Removing gpio.o(i.GPIOPinTypeEthernetLED), (28 bytes).
    Removing gpio.o(i.GPIOPinTypeEthernetMII), (28 bytes).
    Removing gpio.o(i.GPIOPinTypeGPIOInput), (28 bytes).
    Removing gpio.o(i.GPIOPinTypeGPIOOutput), (28 bytes).
    Removing gpio.o(i.GPIOPinTypeGPIOOutputOD), (28 bytes).
    Removing gpio.o(i.GPIOPinTypeI2C), (28 bytes).
    Removing gpio.o(i.GPIOPinTypeI2CSCL), (28 bytes).
    Removing gpio.o(i.GPIOPinTypeKBColumn), (28 bytes).
    Removing gpio.o(i.GPIOPinTypeKBRow), (28 bytes).
    Removing gpio.o(i.GPIOPinTypeLCD), (28 bytes).
    Removing gpio.o(i.GPIOPinTypeLEDSeq), (28 bytes).
    Removing gpio.o(i.GPIOPinTypeLPC), (28 bytes).
    Removing gpio.o(i.GPIOPinTypePECIRx), (28 bytes).
    Removing gpio.o(i.GPIOPinTypePECITx), (28 bytes).
    Removing gpio.o(i.GPIOPinTypePWM), (28 bytes).
    Removing gpio.o(i.GPIOPinTypeQEI), (28 bytes).
    Removing gpio.o(i.GPIOPinTypeSSI), (28 bytes).
    Removing gpio.o(i.GPIOPinTypeTimer), (28 bytes).
    Removing gpio.o(i.GPIOPinTypeUSBAnalog), (28 bytes).
    Removing gpio.o(i.GPIOPinTypeUSBDigital), (28 bytes).
    Removing gpio.o(i.GPIOPinTypeWakeHigh), (30 bytes).
    Removing gpio.o(i.GPIOPinTypeWakeLow), (30 bytes).
    Removing gpio.o(i.GPIOPinWakeStatus), (6 bytes).
    Removing gpio.o(i.GPIOPinWrite), (6 bytes).
    Removing interrupt.o(i.IntDisable), (100 bytes).
    Removing interrupt.o(i.IntEnable), (100 bytes).
    Removing interrupt.o(i.IntIsEnabled), (96 bytes).
    Removing interrupt.o(i.IntMasterDisable), (14 bytes).
    Removing interrupt.o(i.IntPendClear), (68 bytes).
    Removing interrupt.o(i.IntPendSet), (84 bytes).
    Removing interrupt.o(i.IntPriorityGet), (28 bytes).
    Removing interrupt.o(i.IntPriorityGroupingGet), (36 bytes).
    Removing interrupt.o(i.IntPriorityGroupingSet), (28 bytes).
    Removing interrupt.o(i.IntPriorityMaskGet), (4 bytes).
    Removing interrupt.o(i.IntPriorityMaskSet), (4 bytes).
    Removing interrupt.o(i.IntPrioritySet), (40 bytes).
    Removing interrupt.o(i.IntRegister), (52 bytes).
    Removing interrupt.o(i.IntTrigger), (12 bytes).
    Removing interrupt.o(i.IntUnregister), (20 bytes).
    Removing interrupt.o(i._IntDefaultHandler), (2 bytes).
    Removing interrupt.o(.constdata), (268 bytes).
    Removing interrupt.o(vtable), (620 bytes).
    Removing sysctl.o(i.SysCtlAltClkConfig), (12 bytes).
    Removing sysctl.o(i.SysCtlClockFreqSet), (712 bytes).
    Removing sysctl.o(i.SysCtlClockGet), (356 bytes).
    Removing sysctl.o(i.SysCtlClockOutConfig), (16 bytes).
    Removing sysctl.o(i.SysCtlDeepSleep), (32 bytes).
    Removing sysctl.o(i.SysCtlDeepSleepClockConfigSet), (112 bytes).
    Removing sysctl.o(i.SysCtlDeepSleepClockSet), (12 bytes).
    Removing sysctl.o(i.SysCtlDeepSleepPowerSet), (12 bytes).
    Removing sysctl.o(i.SysCtlFlashSectorSizeGet), (56 bytes).
    Removing sysctl.o(i.SysCtlFlashSizeGet), (56 bytes).
    Removing sysctl.o(i.SysCtlGPIOAHBDisable), (28 bytes).
    Removing sysctl.o(i.SysCtlGPIOAHBEnable), (24 bytes).
    Removing sysctl.o(i.SysCtlIntClear), (12 bytes).
    Removing sysctl.o(i.SysCtlIntDisable), (16 bytes).
    Removing sysctl.o(i.SysCtlIntEnable), (16 bytes).
    Removing sysctl.o(i.SysCtlIntRegister), (20 bytes).
    Removing sysctl.o(i.SysCtlIntStatus), (16 bytes).
    Removing sysctl.o(i.SysCtlIntUnregister), (18 bytes).
    Removing sysctl.o(i.SysCtlLDODeepSleepGet), (12 bytes).
    Removing sysctl.o(i.SysCtlLDODeepSleepSet), (12 bytes).
    Removing sysctl.o(i.SysCtlLDOSleepGet), (12 bytes).
    Removing sysctl.o(i.SysCtlLDOSleepSet), (12 bytes).
    Removing sysctl.o(i.SysCtlMOSCConfigSet), (12 bytes).
    Removing sysctl.o(i.SysCtlNMIClear), (16 bytes).
    Removing sysctl.o(i.SysCtlNMIStatus), (12 bytes).
    Removing sysctl.o(i.SysCtlPIOSCCalibrate), (76 bytes).
    Removing sysctl.o(i.SysCtlPWMClockGet), (24 bytes).
    Removing sysctl.o(i.SysCtlPWMClockSet), (20 bytes).
    Removing sysctl.o(i.SysCtlPeripheralClockGating), (68 bytes).
    Removing sysctl.o(i.SysCtlPeripheralDeepSleepDisable), (40 bytes).
    Removing sysctl.o(i.SysCtlPeripheralDeepSleepEnable), (40 bytes).
    Removing sysctl.o(i.SysCtlPeripheralDisable), (40 bytes).
    Removing sysctl.o(i.SysCtlPeripheralPowerOff), (40 bytes).
    Removing sysctl.o(i.SysCtlPeripheralPowerOn), (40 bytes).
    Removing sysctl.o(i.SysCtlPeripheralPresent), (44 bytes).
    Removing sysctl.o(i.SysCtlPeripheralReady), (44 bytes).
    Removing sysctl.o(i.SysCtlPeripheralReset), (60 bytes).
    Removing sysctl.o(i.SysCtlPeripheralSleepDisable), (40 bytes).
    Removing sysctl.o(i.SysCtlPeripheralSleepEnable), (40 bytes).
    Removing sysctl.o(i.SysCtlReset), (16 bytes).
    Removing sysctl.o(i.SysCtlResetBehaviorGet), (12 bytes).
    Removing sysctl.o(i.SysCtlResetBehaviorSet), (12 bytes).
    Removing sysctl.o(i.SysCtlResetCauseClear), (16 bytes).
    Removing sysctl.o(i.SysCtlResetCauseGet), (12 bytes).
    Removing sysctl.o(i.SysCtlSRAMSizeGet), (16 bytes).
    Removing sysctl.o(i.SysCtlSleep), (4 bytes).
    Removing sysctl.o(i.SysCtlSleepPowerSet), (12 bytes).
    Removing sysctl.o(i.SysCtlUSBPLLDisable), (16 bytes).
    Removing sysctl.o(i.SysCtlUSBPLLEnable), (16 bytes).
    Removing sysctl.o(i.SysCtlVoltageEventClear), (16 bytes).
    Removing sysctl.o(i.SysCtlVoltageEventConfig), (12 bytes).
    Removing sysctl.o(i.SysCtlVoltageEventStatus), (12 bytes).
    Removing sysctl.o(.constdata), (452 bytes).
    Removing systick.o(i.SysTickDisable), (14 bytes).
    Removing systick.o(i.SysTickIntDisable), (14 bytes).
    Removing systick.o(i.SysTickIntRegister), (24 bytes).
    Removing systick.o(i.SysTickIntUnregister), (18 bytes).
    Removing systick.o(i.SysTickPeriodGet), (10 bytes).
    Removing systick.o(i.SysTickValueGet), (8 bytes).
    Removing uart.o(i.UART9BitAddrSend), (38 bytes).
    Removing uart.o(i.UART9BitAddrSet), (10 bytes).
    Removing uart.o(i.UART9BitDisable), (14 bytes).
    Removing uart.o(i.UART9BitEnable), (14 bytes).
    Removing uart.o(i.UARTBreakCtl), (18 bytes).
    Removing uart.o(i.UARTBusy), (8 bytes).
    Removing uart.o(i.UARTCharGet), (12 bytes).
    Removing uart.o(i.UARTCharGetNonBlocking), (16 bytes).
    Removing uart.o(i.UARTCharPutNonBlocking), (16 bytes).
    Removing uart.o(i.UARTCharsAvail), (10 bytes).
    Removing uart.o(i.UARTClockSourceGet), (6 bytes).
    Removing uart.o(i.UARTConfigGetExpClk), (46 bytes).
    Removing uart.o(i.UARTConfigSetExpClk), (110 bytes).
    Removing uart.o(i.UARTDMADisable), (10 bytes).
    Removing uart.o(i.UARTDMAEnable), (8 bytes).
    Removing uart.o(i.UARTDisable), (30 bytes).
    Removing uart.o(i.UARTDisableSIR), (10 bytes).
    Removing uart.o(i.UARTEnable), (20 bytes).
    Removing uart.o(i.UARTEnableSIR), (18 bytes).
    Removing uart.o(i.UARTFIFODisable), (10 bytes).
    Removing uart.o(i.UARTFIFOEnable), (10 bytes).
    Removing uart.o(i.UARTFIFOLevelGet), (16 bytes).
    Removing uart.o(i.UARTFIFOLevelSet), (6 bytes).
    Removing uart.o(i.UARTFlowControlGet), (8 bytes).
    Removing uart.o(i.UARTFlowControlSet), (12 bytes).
    Removing uart.o(i.UARTIntClear), (4 bytes).
    Removing uart.o(i.UARTIntDisable), (10 bytes).
    Removing uart.o(i.UARTIntEnable), (8 bytes).
    Removing uart.o(i.UARTIntRegister), (88 bytes).
    Removing uart.o(i.UARTIntStatus), (10 bytes).
    Removing uart.o(i.UARTIntUnregister), (88 bytes).
    Removing uart.o(i.UARTModemControlClear), (14 bytes).
    Removing uart.o(i.UARTModemControlGet), (8 bytes).
    Removing uart.o(i.UARTModemControlSet), (12 bytes).
    Removing uart.o(i.UARTModemStatusGet), (10 bytes).
    Removing uart.o(i.UARTParityModeGet), (8 bytes).
    Removing uart.o(i.UARTParityModeSet), (12 bytes).
    Removing uart.o(i.UARTRxErrorClear), (6 bytes).
    Removing uart.o(i.UARTRxErrorGet), (8 bytes).
    Removing uart.o(i.UARTSmartCardDisable), (10 bytes).
    Removing uart.o(i.UARTSmartCardEnable), (22 bytes).
    Removing uart.o(i.UARTSpaceAvail), (10 bytes).
    Removing uart.o(i.UARTTxIntModeGet), (8 bytes).
    Removing uart.o(i.UARTTxIntModeSet), (12 bytes).
    Removing uart.o(.constdata), (128 bytes).

188 unused section(s) (total 8188 bytes) removed from the image.

==============================================================================

Image Symbol Table

    Local Symbols

    Symbol Name                              Value     Ov Type        Size  Object(Section)

    RESET                                    0x00000000   Section      648  startup_rvmdk.o(RESET)
    ../clib/angel/boardlib.s                 0x00000000   Number         0  boardshut.o ABSOLUTE
    ../clib/angel/boardlib.s                 0x00000000   Number         0  boardinit2.o ABSOLUTE
    ../clib/angel/boardlib.s                 0x00000000   Number         0  boardinit3.o ABSOLUTE
    ../clib/angel/boardlib.s                 0x00000000   Number         0  boardinit1.o ABSOLUTE
    ../clib/angel/handlers.s                 0x00000000   Number         0  __scatter_copy.o ABSOLUTE
    ../clib/angel/handlers.s                 0x00000000   Number         0  __scatter_zi.o ABSOLUTE
    ../clib/angel/kernel.s                   0x00000000   Number         0  rtentry2.o ABSOLUTE
    ../clib/angel/kernel.s                   0x00000000   Number         0  rtentry4.o ABSOLUTE
    ../clib/angel/kernel.s                   0x00000000   Number         0  rtexit.o ABSOLUTE
    ../clib/angel/kernel.s                   0x00000000   Number         0  rtentry.o ABSOLUTE
    ../clib/angel/kernel.s                   0x00000000   Number         0  rtexit2.o ABSOLUTE
    ../clib/angel/rt.s                       0x00000000   Number         0  rt_locale.o ABSOLUTE
    ../clib/angel/rt.s                       0x00000000   Number         0  rt_raise.o ABSOLUTE
    ../clib/angel/rt.s                       0x00000000   Number         0  rt_ctype_table.o ABSOLUTE
    ../clib/angel/rt.s                       0x00000000   Number         0  rt_locale_intlibspace.o ABSOLUTE
    ../clib/angel/scatter.s                  0x00000000   Number         0  __scatter.o ABSOLUTE
    ../clib/angel/startup.s                  0x00000000   Number         0  __main.o ABSOLUTE
    ../clib/angel/sys.s                      0x00000000   Number         0  indicate_semi.o ABSOLUTE
    ../clib/angel/sys.s                      0x00000000   Number         0  use_no_semi.o ABSOLUTE
    ../clib/angel/sys.s                      0x00000000   Number         0  libspace.o ABSOLUTE
    ../clib/angel/sys.s                      0x00000000   Number         0  sys_stackheap_outer.o ABSOLUTE
    ../clib/angel/sysapp.c                   0x00000000   Number         0  sys_command.o ABSOLUTE
    ../clib/armsys.c                         0x00000000   Number         0  no_argv.o ABSOLUTE
    ../clib/armsys.c                         0x00000000   Number         0  argv_veneer.o ABSOLUTE
    ../clib/armsys.c                         0x00000000   Number         0  argv_veneer.o ABSOLUTE
    ../clib/armsys.c                         0x00000000   Number         0  _get_argv_nomalloc.o ABSOLUTE
    ../clib/ctype.c                          0x00000000   Number         0  toupper.o ABSOLUTE
    ../clib/heapalloc.c                      0x00000000   Number         0  hrguard.o ABSOLUTE
    ../clib/heapaux.c                        0x00000000   Number         0  heapauxi.o ABSOLUTE
    ../clib/libinit.s                        0x00000000   Number         0  libinit2.o ABSOLUTE
    ../clib/libinit.s                        0x00000000   Number         0  libshutdown2.o ABSOLUTE
    ../clib/libinit.s                        0x00000000   Number         0  libshutdown.o ABSOLUTE
    ../clib/libinit.s                        0x00000000   Number         0  libinit.o ABSOLUTE
    ../clib/locale.s                         0x00000000   Number         0  lc_ctype_c.o ABSOLUTE
    ../clib/memcpset.s                       0x00000000   Number         0  strcmpv7m.o ABSOLUTE
    ../clib/misc.s                           0x00000000   Number         0  printf_stubs.o ABSOLUTE
    ../clib/printf.c                         0x00000000   Number         0  __printf_nopercent.o ABSOLUTE
    ../clib/printf.c                         0x00000000   Number         0  _printf_char_common.o ABSOLUTE
    ../clib/printf.c                         0x00000000   Number         0  _printf_char_file.o ABSOLUTE
    ../clib/printf.c                         0x00000000   Number         0  _printf_char.o ABSOLUTE
    ../clib/printf.c                         0x00000000   Number         0  _printf_intcommon.o ABSOLUTE
    ../clib/printf.c                         0x00000000   Number         0  __printf_flags_ss_wp.o ABSOLUTE
    ../clib/printf.c                         0x00000000   Number         0  __printf_ss_wp.o ABSOLUTE
    ../clib/printf.c                         0x00000000   Number         0  __printf_flags_wp.o ABSOLUTE
    ../clib/printf.c                         0x00000000   Number         0  __printf_wp.o ABSOLUTE
    ../clib/printf.c                         0x00000000   Number         0  __printf_flags_ss.o ABSOLUTE
    ../clib/printf.c                         0x00000000   Number         0  __printf_flags.o ABSOLUTE
    ../clib/printf.c                         0x00000000   Number         0  _printf_hex_int_ll_ptr.o ABSOLUTE
    ../clib/printf.c                         0x00000000   Number         0  _printf_hex_ll_ptr.o ABSOLUTE
    ../clib/printf.c                         0x00000000   Number         0  _printf_hex_int_ptr.o ABSOLUTE
    ../clib/printf.c                         0x00000000   Number         0  _printf_hex_ptr.o ABSOLUTE
    ../clib/printf.c                         0x00000000   Number         0  _printf_hex_int_ll.o ABSOLUTE
    ../clib/printf.c                         0x00000000   Number         0  _printf_hex_int.o ABSOLUTE
    ../clib/printf.c                         0x00000000   Number         0  _printf_hex_ll.o ABSOLUTE
    ../clib/printf.c                         0x00000000   Number         0  _printf_str.o ABSOLUTE
    ../clib/printf.c                         0x00000000   Number         0  _printf_pad.o ABSOLUTE
    ../clib/printf.c                         0x00000000   Number         0  __printf.o ABSOLUTE
    ../clib/printf.c                         0x00000000   Number         0  noretval__2printf.o ABSOLUTE
    ../clib/printf.c                         0x00000000   Number         0  __2printf.o ABSOLUTE
    ../clib/printf.c                         0x00000000   Number         0  __printf_ss.o ABSOLUTE
    ../clib/printf_percent.s                 0x00000000   Number         0  _printf_percent_end.o ABSOLUTE
    ../clib/printf_percent.s                 0x00000000   Number         0  _printf_s.o ABSOLUTE
    ../clib/printf_percent.s                 0x00000000   Number         0  _printf_percent.o ABSOLUTE
    ../clib/printf_percent.s                 0x00000000   Number         0  _printf_x.o ABSOLUTE
    ../clib/signal.c                         0x00000000   Number         0  defsig_fpe_inner.o ABSOLUTE
    ../clib/signal.c                         0x00000000   Number         0  defsig_abrt_inner.o ABSOLUTE
    ../clib/signal.c                         0x00000000   Number         0  defsig_rtred_inner.o ABSOLUTE
    ../clib/signal.c                         0x00000000   Number         0  defsig_general.o ABSOLUTE
    ../clib/signal.c                         0x00000000   Number         0  __raise.o ABSOLUTE
    ../clib/signal.c                         0x00000000   Number         0  defsig_rtmem_formal.o ABSOLUTE
    ../clib/signal.c                         0x00000000   Number         0  defsig_rtmem_outer.o ABSOLUTE
    ../clib/signal.c                         0x00000000   Number         0  defsig_rtmem_inner.o ABSOLUTE
    ../clib/signal.c                         0x00000000   Number         0  defsig_other.o ABSOLUTE
    ../clib/signal.c                         0x00000000   Number         0  defsig_segv_inner.o ABSOLUTE
    ../clib/signal.c                         0x00000000   Number         0  defsig_cppl_inner.o ABSOLUTE
    ../clib/signal.c                         0x00000000   Number         0  defsig_pvfn_inner.o ABSOLUTE
    ../clib/signal.c                         0x00000000   Number         0  defsig_stak_inner.o ABSOLUTE
    ../clib/signal.c                         0x00000000   Number         0  defsig_exit.o ABSOLUTE
    ../clib/signal.s                         0x00000000   Number         0  defsig.o ABSOLUTE
    ../clib/stdio.c                          0x00000000   Number         0  getc.o ABSOLUTE
    ../clib/stdio.c                          0x00000000   Number         0  puts.o ABSOLUTE
    ../clib/stdlib.c                         0x00000000   Number         0  exit.o ABSOLUTE
    ../fplib/fpinit.s                        0x00000000   Number         0  fpinit.o ABSOLUTE
    Source\DRS.c                             0x00000000   Number         0  drs.o ABSOLUTE
    Source\ES_CheckEvents.c                  0x00000000   Number         0  es_checkevents.o ABSOLUTE
    Source\ES_DeferRecall.c                  0x00000000   Number         0  es_deferrecall.o ABSOLUTE
    Source\ES_Framework.c                    0x00000000   Number         0  es_framework.o ABSOLUTE
    Source\ES_LookupTables.c                 0x00000000   Number         0  es_lookuptables.o ABSOLUTE
    Source\ES_Port.c                         0x00000000   Number         0  es_port.o ABSOLUTE
    Source\ES_PostList.c                     0x00000000   Number         0  es_postlist.o ABSOLUTE
    Source\ES_Queue.c                        0x00000000   Number         0  es_queue.o ABSOLUTE
    Source\ES_Timers.c                       0x00000000   Number         0  es_timers.o ABSOLUTE
    Source\EventCheckers.c                   0x00000000   Number         0  eventcheckers.o ABSOLUTE
    Source\Main.c                            0x00000000   Number         0  main.o ABSOLUTE
    Source\MapKeys.c                         0x00000000   Number         0  mapkeys.o ABSOLUTE
    Source\SM_DRS.c                          0x00000000   Number         0  sm_drs.o ABSOLUTE
    Source\SM_Master.c                       0x00000000   Number         0  sm_master.o ABSOLUTE
    Source\SM_Playing.c                      0x00000000   Number         0  sm_playing.o ABSOLUTE
    Source\SM_Racing.c                       0x00000000   Number         0  sm_racing.o ABSOLUTE
    Source\retarget.c                        0x00000000   Number         0  retarget.o ABSOLUTE
    Source\termio.c                          0x00000000   Number         0  termio.o ABSOLUTE
    Source\uartstdio.c                       0x00000000   Number         0  uartstdio.o ABSOLUTE
    StartUp\startup_rvmdk.S                  0x00000000   Number         0  startup_rvmdk.o ABSOLUTE
    cpu.c                                    0x00000000   Number         0  cpu.o ABSOLUTE
    cpu.c                                    0x00000000   Number         0  cpu.o ABSOLUTE
    dc.s                                     0x00000000   Number         0  dc.o ABSOLUTE
    gpio.c                                   0x00000000   Number         0  gpio.o ABSOLUTE
    interrupt.c                              0x00000000   Number         0  interrupt.o ABSOLUTE
    sysctl.c                                 0x00000000   Number         0  sysctl.o ABSOLUTE
    sysctl.c                                 0x00000000   Number         0  sysctl.o ABSOLUTE
    systick.c                                0x00000000   Number         0  systick.o ABSOLUTE
    uart.c                                   0x00000000   Number         0  uart.o ABSOLUTE
    $v0                                      0x0000026c   Number         0  startup_rvmdk.o(RESET)
    NmiSR                                    0x00000281   Thumb Code     0  startup_rvmdk.o(RESET)
    FaultISR                                 0x00000283   Thumb Code     0  startup_rvmdk.o(RESET)
    IntDefaultHandler                        0x00000285   Thumb Code     0  startup_rvmdk.o(RESET)
    !!!main                                  0x00000288   Section        8  __main.o(!!!main)
    !!!scatter                               0x00000290   Section       52  __scatter.o(!!!scatter)
    !!handler_copy                           0x000002c4   Section       26  __scatter_copy.o(!!handler_copy)
    !!handler_zi                             0x000002e0   Section       28  __scatter_zi.o(!!handler_zi)
    .ARM.Collect$$_printf_percent$$00000000  0x000002fc   Section        0  _printf_percent.o(.ARM.Collect$$_printf_percent$$00000000)
    .ARM.Collect$$_printf_percent$$0000000C  0x000002fc   Section        6  _printf_x.o(.ARM.Collect$$_printf_percent$$0000000C)
    .ARM.Collect$$_printf_percent$$00000014  0x00000302   Section        6  _printf_s.o(.ARM.Collect$$_printf_percent$$00000014)
    .ARM.Collect$$_printf_percent$$00000017  0x00000308   Section        4  _printf_percent_end.o(.ARM.Collect$$_printf_percent$$00000017)
    .ARM.Collect$$libinit$$00000000          0x0000030c   Section        2  libinit.o(.ARM.Collect$$libinit$$00000000)
    .ARM.Collect$$libinit$$00000001          0x0000030e   Section        4  libinit2.o(.ARM.Collect$$libinit$$00000001)
    .ARM.Collect$$libinit$$00000008          0x00000312   Section        0  libinit2.o(.ARM.Collect$$libinit$$00000008)
    .ARM.Collect$$libinit$$0000000A          0x00000312   Section        0  libinit2.o(.ARM.Collect$$libinit$$0000000A)
    .ARM.Collect$$libinit$$0000000C          0x00000312   Section        0  libinit2.o(.ARM.Collect$$libinit$$0000000C)
    .ARM.Collect$$libinit$$0000000D          0x00000312   Section        6  libinit2.o(.ARM.Collect$$libinit$$0000000D)
    .ARM.Collect$$libinit$$0000000F          0x00000318   Section        0  libinit2.o(.ARM.Collect$$libinit$$0000000F)
    .ARM.Collect$$libinit$$00000010          0x00000318   Section       12  libinit2.o(.ARM.Collect$$libinit$$00000010)
    .ARM.Collect$$libinit$$00000011          0x00000324   Section        0  libinit2.o(.ARM.Collect$$libinit$$00000011)
    .ARM.Collect$$libinit$$00000013          0x00000324   Section        0  libinit2.o(.ARM.Collect$$libinit$$00000013)
    .ARM.Collect$$libinit$$00000015          0x00000324   Section        0  libinit2.o(.ARM.Collect$$libinit$$00000015)
    .ARM.Collect$$libinit$$00000017          0x00000324   Section        0  libinit2.o(.ARM.Collect$$libinit$$00000017)
    .ARM.Collect$$libinit$$00000019          0x00000324   Section        0  libinit2.o(.ARM.Collect$$libinit$$00000019)
    .ARM.Collect$$libinit$$0000001B          0x00000324   Section        0  libinit2.o(.ARM.Collect$$libinit$$0000001B)
    .ARM.Collect$$libinit$$0000001D          0x00000324   Section        0  libinit2.o(.ARM.Collect$$libinit$$0000001D)
    .ARM.Collect$$libinit$$0000001F          0x00000324   Section        0  libinit2.o(.ARM.Collect$$libinit$$0000001F)
    .ARM.Collect$$libinit$$00000021          0x00000324   Section        0  libinit2.o(.ARM.Collect$$libinit$$00000021)
    .ARM.Collect$$libinit$$00000023          0x00000324   Section        0  libinit2.o(.ARM.Collect$$libinit$$00000023)
    .ARM.Collect$$libinit$$0000002A          0x00000324   Section        0  libinit2.o(.ARM.Collect$$libinit$$0000002A)
    .ARM.Collect$$libinit$$0000002C          0x00000324   Section        0  libinit2.o(.ARM.Collect$$libinit$$0000002C)
    .ARM.Collect$$libinit$$0000002E          0x00000324   Section        0  libinit2.o(.ARM.Collect$$libinit$$0000002E)
    .ARM.Collect$$libinit$$00000030          0x00000324   Section        0  libinit2.o(.ARM.Collect$$libinit$$00000030)
    .ARM.Collect$$libinit$$00000031          0x00000324   Section        2  libinit2.o(.ARM.Collect$$libinit$$00000031)
    .ARM.Collect$$libshutdown$$00000000      0x00000326   Section        2  libshutdown.o(.ARM.Collect$$libshutdown$$00000000)
    .ARM.Collect$$libshutdown$$00000003      0x00000328   Section        0  libshutdown2.o(.ARM.Collect$$libshutdown$$00000003)
    .ARM.Collect$$libshutdown$$00000006      0x00000328   Section        0  libshutdown2.o(.ARM.Collect$$libshutdown$$00000006)
    .ARM.Collect$$libshutdown$$00000009      0x00000328   Section        0  libshutdown2.o(.ARM.Collect$$libshutdown$$00000009)
    .ARM.Collect$$libshutdown$$0000000B      0x00000328   Section        0  libshutdown2.o(.ARM.Collect$$libshutdown$$0000000B)
    .ARM.Collect$$libshutdown$$0000000E      0x00000328   Section        0  libshutdown2.o(.ARM.Collect$$libshutdown$$0000000E)
    .ARM.Collect$$libshutdown$$0000000F      0x00000328   Section        2  libshutdown2.o(.ARM.Collect$$libshutdown$$0000000F)
    .ARM.Collect$$rtentry$$00000000          0x0000032a   Section        0  rtentry.o(.ARM.Collect$$rtentry$$00000000)
    .ARM.Collect$$rtentry$$00000002          0x0000032a   Section        0  rtentry2.o(.ARM.Collect$$rtentry$$00000002)
    .ARM.Collect$$rtentry$$00000004          0x0000032a   Section        6  rtentry4.o(.ARM.Collect$$rtentry$$00000004)
    .ARM.Collect$$rtentry$$00000009          0x00000330   Section        0  rtentry2.o(.ARM.Collect$$rtentry$$00000009)
    .ARM.Collect$$rtentry$$0000000A          0x00000330   Section        4  rtentry2.o(.ARM.Collect$$rtentry$$0000000A)
    .ARM.Collect$$rtentry$$0000000C          0x00000334   Section        0  rtentry2.o(.ARM.Collect$$rtentry$$0000000C)
    .ARM.Collect$$rtentry$$0000000D          0x00000334   Section        8  rtentry2.o(.ARM.Collect$$rtentry$$0000000D)
    .ARM.Collect$$rtexit$$00000000           0x0000033c   Section        2  rtexit.o(.ARM.Collect$$rtexit$$00000000)
    .ARM.Collect$$rtexit$$00000002           0x0000033e   Section        0  rtexit2.o(.ARM.Collect$$rtexit$$00000002)
    .ARM.Collect$$rtexit$$00000003           0x0000033e   Section        4  rtexit2.o(.ARM.Collect$$rtexit$$00000003)
    .ARM.Collect$$rtexit$$00000004           0x00000342   Section        6  rtexit2.o(.ARM.Collect$$rtexit$$00000004)
    .emb_text                                0x00000348   Section        6  sysctl.o(.emb_text)
    $v0                                      0x00000348   Number         0  sysctl.o(.emb_text)
    .emb_text                                0x00000350   Section       38  cpu.o(.emb_text)
    $v0                                      0x00000350   Number         0  cpu.o(.emb_text)
    .text                                    0x00000378   Section       24  startup_rvmdk.o(.text)
    $v0                                      0x00000378   Number         0  startup_rvmdk.o(.text)
    .text                                    0x00000390   Section        2  use_no_semi.o(.text)
    .text                                    0x00000392   Section        0  toupper.o(.text)
    .text                                    0x000003b0   Section        0  noretval__2printf.o(.text)
    .text                                    0x000003c8   Section        0  _printf_pad.o(.text)
    .text                                    0x00000416   Section        0  _printf_str.o(.text)
    .text                                    0x00000468   Section        0  _printf_hex_int.o(.text)
    .text                                    0x000004c0   Section        0  __printf_flags_wp.o(.text)
    .text                                    0x000005f8   Section        0  getc.o(.text)
    .text                                    0x000005fc   Section        0  puts.o(.text)
    .text                                    0x00000628   Section        0  heapauxi.o(.text)
    .text                                    0x00000630   Section       16  rt_ctype_table.o(.text)
    .text                                    0x00000640   Section        0  _printf_intcommon.o(.text)
    .text                                    0x000006f2   Section        0  _printf_char.o(.text)
    .text                                    0x00000720   Section        0  _printf_char_file.o(.text)
    .text                                    0x00000744   Section        8  rt_locale_intlibspace.o(.text)
    .text                                    0x0000074c   Section        0  _printf_char_common.o(.text)
    _printf_input_char                       0x0000074d   Thumb Code    10  _printf_char_common.o(.text)
    .text                                    0x0000077c   Section        8  libspace.o(.text)
    .text                                    0x00000784   Section       74  sys_stackheap_outer.o(.text)
    .text                                    0x000007ce   Section        0  exit.o(.text)
    .text                                    0x000007dc   Section      128  strcmpv7m.o(.text)
    i.CPUgetPRIMASK_cpsid                    0x0000085c   Section        0  es_port.o(i.CPUgetPRIMASK_cpsid)
    i.CPUsetPRIMASK                          0x00000864   Section        0  es_port.o(i.CPUsetPRIMASK)
    i.Check4Keystroke                        0x0000086c   Section        0  eventcheckers.o(i.Check4Keystroke)
    i.DRS_EOTIntHandler                      0x00000898   Section        0  drs.o(i.DRS_EOTIntHandler)
    i.DRS_Initialize                         0x000008c4   Section        0  drs.o(i.DRS_Initialize)
    i.DRS_PrintData                          0x000009d0   Section        0  drs.o(i.DRS_PrintData)
    i.DRS_SendQuery                          0x00000a3c   Section        0  drs.o(i.DRS_SendQuery)
    i.ES_CheckUserEvents                     0x00000a68   Section        0  es_checkevents.o(i.ES_CheckUserEvents)
    i.ES_DeQueue                             0x00000a90   Section        0  es_queue.o(i.ES_DeQueue)
    i.ES_EnQueueFIFO                         0x00000ae4   Section        0  es_queue.o(i.ES_EnQueueFIFO)
    i.ES_GetMSBitSet                         0x00000b2c   Section        0  es_lookuptables.o(i.ES_GetMSBitSet)
    i.ES_InitQueue                           0x00000b60   Section        0  es_queue.o(i.ES_InitQueue)
    i.ES_Initialize                          0x00000b70   Section        0  es_framework.o(i.ES_Initialize)
    i.ES_PostToService                       0x00000bbc   Section        0  es_framework.o(i.ES_PostToService)
    i.ES_Run                                 0x00000bf4   Section        0  es_framework.o(i.ES_Run)
    i.ES_Timer_Init                          0x00000c54   Section        0  es_timers.o(i.ES_Timer_Init)
    i.ES_Timer_InitTimer                     0x00000c58   Section        0  es_timers.o(i.ES_Timer_InitTimer)
    i.ES_Timer_StopTimer                     0x00000c94   Section        0  es_timers.o(i.ES_Timer_StopTimer)
    i.ES_Timer_Tick_Resp                     0x00000cb8   Section        0  es_timers.o(i.ES_Timer_Tick_Resp)
    i.GPIODirModeSet                         0x00000d24   Section        0  gpio.o(i.GPIODirModeSet)
    i.GPIOPadConfigSet                       0x00000d4c   Section        0  gpio.o(i.GPIOPadConfigSet)
    i.GPIOPinConfigure                       0x00000e88   Section        0  gpio.o(i.GPIOPinConfigure)
    i.GPIOPinTypeUART                        0x00000ed0   Section        0  gpio.o(i.GPIOPinTypeUART)
    i.InitDRS_SM                             0x00000eec   Section        0  sm_drs.o(i.InitDRS_SM)
    i.InitMapKeys                            0x00000f14   Section        0  mapkeys.o(i.InitMapKeys)
    i.InitMasterSM                           0x00000f20   Section        0  sm_master.o(i.InitMasterSM)
    i.IntMasterEnable                        0x00000f3c   Section        0  interrupt.o(i.IntMasterEnable)
    i.PostDRS_SM                             0x00000f4c   Section        0  sm_drs.o(i.PostDRS_SM)
    i.PostMapKeys                            0x00000f5c   Section        0  mapkeys.o(i.PostMapKeys)
    i.PostMasterSM                           0x00000f6c   Section        0  sm_master.o(i.PostMasterSM)
    i.RunDRS_SM                              0x00000f7c   Section        0  sm_drs.o(i.RunDRS_SM)
    i.RunMapKeys                             0x00001190   Section        0  mapkeys.o(i.RunMapKeys)
    i.RunMasterSM                            0x00001320   Section        0  sm_master.o(i.RunMasterSM)
    i.RunPlayingSM                           0x0000142c   Section        0  sm_playing.o(i.RunPlayingSM)
    i.RunRacingSM                            0x00001530   Section        0  sm_racing.o(i.RunRacingSM)
    i.StartMasterSM                          0x00001760   Section        0  sm_master.o(i.StartMasterSM)
    i.StartPlayingSM                         0x00001770   Section        0  sm_playing.o(i.StartPlayingSM)
    i.StartRacingSM                          0x00001780   Section        0  sm_racing.o(i.StartRacingSM)
    i.SysCtlClockSet                         0x00001790   Section        0  sysctl.o(i.SysCtlClockSet)
    i.SysCtlPeripheralEnable                 0x000018b0   Section        0  sysctl.o(i.SysCtlPeripheralEnable)
    i.SysTickEnable                          0x000018d8   Section        0  systick.o(i.SysTickEnable)
    i.SysTickIntEnable                       0x000018e6   Section        0  systick.o(i.SysTickIntEnable)
    i.SysTickIntHandler                      0x000018f4   Section        0  es_port.o(i.SysTickIntHandler)
    i.SysTickPeriodSet                       0x00001908   Section        0  systick.o(i.SysTickPeriodSet)
    i.TERMIO_GetChar                         0x00001912   Section        0  termio.o(i.TERMIO_GetChar)
    i.TERMIO_Init                            0x00001918   Section        0  termio.o(i.TERMIO_Init)
    i.TERMIO_PutChar                         0x00001968   Section        0  termio.o(i.TERMIO_PutChar)
    i.UARTCharPut                            0x00001974   Section        0  uart.o(i.UARTCharPut)
    i.UARTClockSourceSet                     0x00001980   Section        0  uart.o(i.UARTClockSourceSet)
    i.UARTStdioConfig                        0x00001988   Section        0  uartstdio.o(i.UARTStdioConfig)
    i.UARTgetc                               0x000019e4   Section        0  uartstdio.o(i.UARTgetc)
    i._HW_Process_Pending_Ints               0x000019fc   Section        0  es_port.o(i._HW_Process_Pending_Ints)
    i._HW_Timer_Init                         0x00001a1c   Section        0  es_port.o(i._HW_Timer_Init)
    i._is_digit                              0x00001a32   Section        0  __printf_wp.o(i._is_digit)
    i._sys_exit                              0x00001a40   Section        0  retarget.o(i._sys_exit)
    i.ferror                                 0x00001a42   Section        0  retarget.o(i.ferror)
    i.fgetc                                  0x00001a48   Section        0  retarget.o(i.fgetc)
    i.fputc                                  0x00001a4c   Section        0  retarget.o(i.fputc)
    i.kbhit                                  0x00001a5c   Section        0  termio.o(i.kbhit)
    i.main                                   0x00001a70   Section        0  main.o(i.main)
    locale$$code                             0x00001bac   Section       44  lc_ctype_c.o(locale$$code)
    x$fpl$fpinit                             0x00001bd8   Section       10  fpinit.o(x$fpl$fpinit)
    $v0                                      0x00001bd8   Number         0  fpinit.o(x$fpl$fpinit)
    .constdata                               0x00001be4   Section        4  drs.o(.constdata)
    .constdata                               0x00001be8   Section        4  sm_master.o(.constdata)
    .constdata                               0x00001bec   Section        8  sm_drs.o(.constdata)
    .constdata                               0x00001bf4   Section        4  sm_playing.o(.constdata)
    .constdata                               0x00001bf8   Section        4  sm_racing.o(.constdata)
    .constdata                               0x00001bfc   Section        4  es_checkevents.o(.constdata)
    ES_EventList                             0x00001bfc   Data           4  es_checkevents.o(.constdata)
    .constdata                               0x00001c00   Section       48  es_framework.o(.constdata)
    ServDescList                             0x00001c00   Data          24  es_framework.o(.constdata)
    EventQueues                              0x00001c18   Data          24  es_framework.o(.constdata)
    .constdata                               0x00001c30   Section       32  es_lookuptables.o(.constdata)
    .constdata                               0x00001c50   Section       15  es_lookuptables.o(.constdata)
    .constdata                               0x00001c60   Section       64  es_timers.o(.constdata)
    Timer2PostFunc                           0x00001c60   Data          64  es_timers.o(.constdata)
    .constdata                               0x00001ca0   Section       28  uartstdio.o(.constdata)
    g_pcHex                                  0x00001ca0   Data           4  uartstdio.o(.constdata)
    g_ui32UARTBase                           0x00001ca4   Data          12  uartstdio.o(.constdata)
    g_ui32UARTPeriph                         0x00001cb0   Data          12  uartstdio.o(.constdata)
    .constdata                               0x00001cbc   Section      528  gpio.o(.constdata)
    g_ppui32GPIOIntMapBlizzard               0x00001cbc   Data         192  gpio.o(.constdata)
    g_ppui32GPIOIntMapSnowflake              0x00001d7c   Data         192  gpio.o(.constdata)
    g_pui32GPIOBaseAddrs                     0x00001e3c   Data         144  gpio.o(.constdata)
    .constdata                               0x00001ecc   Section       40  _printf_hex_int.o(.constdata)
    uc_hextab                                0x00001ecc   Data          20  _printf_hex_int.o(.constdata)
    lc_hextab                                0x00001ee0   Data          20  _printf_hex_int.o(.constdata)
    .constdata                               0x00001ef4   Section       17  __printf_flags_wp.o(.constdata)
    maptable                                 0x00001ef4   Data          17  __printf_flags_wp.o(.constdata)
    .conststring                             0x00001f08   Section       17  uartstdio.o(.conststring)
    locale$$data                             0x00001f3c   Section      272  lc_ctype_c.o(locale$$data)
    __lcctype_c_name                         0x00001f40   Data           2  lc_ctype_c.o(locale$$data)
    __lcctype_c_start                        0x00001f48   Data           0  lc_ctype_c.o(locale$$data)
    __lcctype_c_end                          0x0000204c   Data           0  lc_ctype_c.o(locale$$data)
    .data                                    0x20000000   Section        1  mapkeys.o(.data)
    MyPriority                               0x20000000   Data           1  mapkeys.o(.data)
    .data                                    0x20000001   Section        8  drs.o(.data)
    DRS_Data                                 0x20000001   Data           8  drs.o(.data)
    .data                                    0x20000009   Section        2  sm_master.o(.data)
    CurrentState                             0x20000009   Data           1  sm_master.o(.data)
    MyPriority                               0x2000000a   Data           1  sm_master.o(.data)
    .data                                    0x2000000b   Section        5  sm_drs.o(.data)
    MyPriority                               0x2000000b   Data           1  sm_drs.o(.data)
    CurrentState                             0x2000000c   Data           1  sm_drs.o(.data)
    CurrentQuery                             0x2000000d   Data           1  sm_drs.o(.data)
    LastQuery                                0x2000000e   Data           1  sm_drs.o(.data)
    MyKart                                   0x2000000f   Data           1  sm_drs.o(.data)
    .data                                    0x20000010   Section        1  sm_playing.o(.data)
    CurrentState                             0x20000010   Data           1  sm_playing.o(.data)
    .data                                    0x20000011   Section        1  sm_racing.o(.data)
    CurrentState                             0x20000011   Data           1  sm_racing.o(.data)
    .data                                    0x20000012   Section        6  es_framework.o(.data)
    ThisEvent                                0x20000014   Data           4  es_framework.o(.data)
    .data                                    0x20000018   Section        4  es_port.o(.data)
    TickCount                                0x20000018   Data           1  es_port.o(.data)
    SysTickCounter                           0x2000001a   Data           2  es_port.o(.data)
    .data                                    0x2000001c   Section        4  es_queue.o(.data)
    .data                                    0x20000020   Section       10  es_timers.o(.data)
    NextTimer2Process                        0x20000020   Data           1  es_timers.o(.data)
    NeedsProcessing                          0x20000022   Data           2  es_timers.o(.data)
    TMR_ActiveFlags                          0x20000024   Data           2  es_timers.o(.data)
    NewEvent                                 0x20000026   Data           4  es_timers.o(.data)
    .data                                    0x2000002c   Section        4  retarget.o(.data)
    .data                                    0x20000030   Section        4  retarget.o(.data)
    .data                                    0x20000034   Section        8  uartstdio.o(.data)
    bLastWasCR                               0x20000034   Data           1  uartstdio.o(.data)
    g_ui32Base                               0x20000038   Data           4  uartstdio.o(.data)
    .bss                                     0x2000003c   Section       12  es_framework.o(.bss)
    Queue0                                   0x2000003c   Data          12  es_framework.o(.bss)
    .bss                                     0x20000048   Section       16  es_framework.o(.bss)
    Queue1                                   0x20000048   Data          16  es_framework.o(.bss)
    .bss                                     0x20000058   Section       16  es_framework.o(.bss)
    Queue2                                   0x20000058   Data          16  es_framework.o(.bss)
    .bss                                     0x20000068   Section       32  es_timers.o(.bss)
    TMR_TimerArray                           0x20000068   Data          32  es_timers.o(.bss)
    .bss                                     0x20000088   Section       96  libspace.o(.bss)
    HEAP                                     0x200000e8   Section        0  startup_rvmdk.o(HEAP)
    STACK                                    0x200000e8   Section     2048  startup_rvmdk.o(STACK)
    HeapMem                                  0x200000e8   Data           0  startup_rvmdk.o(HEAP)
    StackMem                                 0x200000e8   Data           0  startup_rvmdk.o(STACK)

    Global Symbols

    Symbol Name                              Value     Ov Type        Size  Object(Section)

    BuildAttributes$$THM_ISAv4$E$P$D$K$B$S$7EM$VFPi3$EXTD16$VFPS$VFMA$PE$A:L22UL41UL21$X:L11$S22US41US21$IEEE1$IW$USESV6$~STKCKD$USESV7$~SHL$OTIME$ROPI$EBA8$UX$STANDARDLIB$REQ8$PRES8$EABIv2 0x00000000   Number         0  anon$$obj.o ABSOLUTE
    __ARM_use_no_argv                        0x00000000   Number         0  main.o ABSOLUTE
    __Vectors                                0x00000000   Data           0  startup_rvmdk.o(RESET)
    _printf_flags                            0x00000000   Number         0  printf_stubs.o ABSOLUTE
    _printf_return_value                     0x00000000   Number         0  printf_stubs.o ABSOLUTE
    _printf_sizespec                         0x00000000   Number         0  printf_stubs.o ABSOLUTE
    _printf_widthprec                        0x00000000   Number         0  printf_stubs.o ABSOLUTE
    __ARM_exceptions_init                     - Undefined Weak Reference
    __alloca_initialize                       - Undefined Weak Reference
    __cpp_initialize__aeabi_                  - Undefined Weak Reference
    __cxa_finalize                            - Undefined Weak Reference
    __sigvec_lookup                           - Undefined Weak Reference
    _atexit_init                              - Undefined Weak Reference
    _call_atexit_fns                          - Undefined Weak Reference
    _clock_init                               - Undefined Weak Reference
    _fp_trap_init                             - Undefined Weak Reference
    _fp_trap_shutdown                         - Undefined Weak Reference
    _get_lc_collate                           - Undefined Weak Reference
    _get_lc_monetary                          - Undefined Weak Reference
    _get_lc_numeric                           - Undefined Weak Reference
    _get_lc_time                              - Undefined Weak Reference
    _getenv_init                              - Undefined Weak Reference
    _handle_redirection                       - Undefined Weak Reference
    _init_alloc                               - Undefined Weak Reference
    _init_user_alloc                          - Undefined Weak Reference
    _initio                                   - Undefined Weak Reference
    _printf_mbtowc                            - Undefined Weak Reference
    _printf_truncate_unsigned                 - Undefined Weak Reference
    _rand_init                                - Undefined Weak Reference
    _signal_finish                            - Undefined Weak Reference
    _signal_init                              - Undefined Weak Reference
    _terminate_alloc                          - Undefined Weak Reference
    _terminate_user_alloc                     - Undefined Weak Reference
    _terminateio                              - Undefined Weak Reference
    Reset_Handler                            0x0000026d   Thumb Code     0  startup_rvmdk.o(RESET)
    __main                                   0x00000289   Thumb Code     8  __main.o(!!!main)
    __scatterload                            0x00000291   Thumb Code     0  __scatter.o(!!!scatter)
    __scatterload_rt2                        0x00000291   Thumb Code    44  __scatter.o(!!!scatter)
    __scatterload_rt2_thumb_only             0x00000291   Thumb Code     0  __scatter.o(!!!scatter)
    __scatterload_null                       0x0000029f   Thumb Code     0  __scatter.o(!!!scatter)
    __scatterload_copy                       0x000002c5   Thumb Code    26  __scatter_copy.o(!!handler_copy)
    __scatterload_zeroinit                   0x000002e1   Thumb Code    28  __scatter_zi.o(!!handler_zi)
    _printf_percent                          0x000002fd   Thumb Code     0  _printf_percent.o(.ARM.Collect$$_printf_percent$$00000000)
    _printf_x                                0x000002fd   Thumb Code     0  _printf_x.o(.ARM.Collect$$_printf_percent$$0000000C)
    _printf_s                                0x00000303   Thumb Code     0  _printf_s.o(.ARM.Collect$$_printf_percent$$00000014)
    _printf_percent_end                      0x00000309   Thumb Code     0  _printf_percent_end.o(.ARM.Collect$$_printf_percent$$00000017)
    __rt_lib_init                            0x0000030d   Thumb Code     0  libinit.o(.ARM.Collect$$libinit$$00000000)
    __rt_lib_init_fp_1                       0x0000030f   Thumb Code     0  libinit2.o(.ARM.Collect$$libinit$$00000001)
    __rt_lib_init_heap_1                     0x00000313   Thumb Code     0  libinit2.o(.ARM.Collect$$libinit$$00000008)
    __rt_lib_init_lc_common                  0x00000313   Thumb Code     0  libinit2.o(.ARM.Collect$$libinit$$0000000D)
    __rt_lib_init_rand_1                     0x00000313   Thumb Code     0  libinit2.o(.ARM.Collect$$libinit$$0000000C)
    __rt_lib_init_user_alloc_1               0x00000313   Thumb Code     0  libinit2.o(.ARM.Collect$$libinit$$0000000A)
    __rt_lib_init_lc_collate_1               0x00000319   Thumb Code     0  libinit2.o(.ARM.Collect$$libinit$$0000000F)
    __rt_lib_init_lc_ctype_2                 0x00000319   Thumb Code     0  libinit2.o(.ARM.Collect$$libinit$$00000010)
    __rt_lib_init_alloca_1                   0x00000325   Thumb Code     0  libinit2.o(.ARM.Collect$$libinit$$0000002C)
    __rt_lib_init_argv_1                     0x00000325   Thumb Code     0  libinit2.o(.ARM.Collect$$libinit$$0000002A)
    __rt_lib_init_atexit_1                   0x00000325   Thumb Code     0  libinit2.o(.ARM.Collect$$libinit$$00000019)
    __rt_lib_init_clock_1                    0x00000325   Thumb Code     0  libinit2.o(.ARM.Collect$$libinit$$0000001F)
    __rt_lib_init_cpp_1                      0x00000325   Thumb Code     0  libinit2.o(.ARM.Collect$$libinit$$00000030)
    __rt_lib_init_exceptions_1               0x00000325   Thumb Code     0  libinit2.o(.ARM.Collect$$libinit$$0000002E)
    __rt_lib_init_fp_trap_1                  0x00000325   Thumb Code     0  libinit2.o(.ARM.Collect$$libinit$$0000001D)
    __rt_lib_init_getenv_1                   0x00000325   Thumb Code     0  libinit2.o(.ARM.Collect$$libinit$$00000021)
    __rt_lib_init_lc_ctype_1                 0x00000325   Thumb Code     0  libinit2.o(.ARM.Collect$$libinit$$00000011)
    __rt_lib_init_lc_monetary_1              0x00000325   Thumb Code     0  libinit2.o(.ARM.Collect$$libinit$$00000013)
    __rt_lib_init_lc_numeric_1               0x00000325   Thumb Code     0  libinit2.o(.ARM.Collect$$libinit$$00000015)
    __rt_lib_init_lc_time_1                  0x00000325   Thumb Code     0  libinit2.o(.ARM.Collect$$libinit$$00000017)
    __rt_lib_init_return                     0x00000325   Thumb Code     0  libinit2.o(.ARM.Collect$$libinit$$00000031)
    __rt_lib_init_signal_1                   0x00000325   Thumb Code     0  libinit2.o(.ARM.Collect$$libinit$$0000001B)
    __rt_lib_init_stdio_1                    0x00000325   Thumb Code     0  libinit2.o(.ARM.Collect$$libinit$$00000023)
    __rt_lib_shutdown                        0x00000327   Thumb Code     0  libshutdown.o(.ARM.Collect$$libshutdown$$00000000)
    __rt_lib_shutdown_fp_trap_1              0x00000329   Thumb Code     0  libshutdown2.o(.ARM.Collect$$libshutdown$$00000006)
    __rt_lib_shutdown_heap_1                 0x00000329   Thumb Code     0  libshutdown2.o(.ARM.Collect$$libshutdown$$0000000E)
    __rt_lib_shutdown_return                 0x00000329   Thumb Code     0  libshutdown2.o(.ARM.Collect$$libshutdown$$0000000F)
    __rt_lib_shutdown_signal_1               0x00000329   Thumb Code     0  libshutdown2.o(.ARM.Collect$$libshutdown$$00000009)
    __rt_lib_shutdown_stdio_1                0x00000329   Thumb Code     0  libshutdown2.o(.ARM.Collect$$libshutdown$$00000003)
    __rt_lib_shutdown_user_alloc_1           0x00000329   Thumb Code     0  libshutdown2.o(.ARM.Collect$$libshutdown$$0000000B)
    __rt_entry                               0x0000032b   Thumb Code     0  rtentry.o(.ARM.Collect$$rtentry$$00000000)
    __rt_entry_presh_1                       0x0000032b   Thumb Code     0  rtentry2.o(.ARM.Collect$$rtentry$$00000002)
    __rt_entry_sh                            0x0000032b   Thumb Code     0  rtentry4.o(.ARM.Collect$$rtentry$$00000004)
    __rt_entry_li                            0x00000331   Thumb Code     0  rtentry2.o(.ARM.Collect$$rtentry$$0000000A)
    __rt_entry_postsh_1                      0x00000331   Thumb Code     0  rtentry2.o(.ARM.Collect$$rtentry$$00000009)
    __rt_entry_main                          0x00000335   Thumb Code     0  rtentry2.o(.ARM.Collect$$rtentry$$0000000D)
    __rt_entry_postli_1                      0x00000335   Thumb Code     0  rtentry2.o(.ARM.Collect$$rtentry$$0000000C)
    __rt_exit                                0x0000033d   Thumb Code     0  rtexit.o(.ARM.Collect$$rtexit$$00000000)
    __rt_exit_ls                             0x0000033f   Thumb Code     0  rtexit2.o(.ARM.Collect$$rtexit$$00000003)
    __rt_exit_prels_1                        0x0000033f   Thumb Code     0  rtexit2.o(.ARM.Collect$$rtexit$$00000002)
    __rt_exit_exit                           0x00000343   Thumb Code     0  rtexit2.o(.ARM.Collect$$rtexit$$00000004)
    SysCtlDelay                              0x00000349   Thumb Code     6  sysctl.o(.emb_text)
    CPUcpsid                                 0x00000351   Thumb Code     8  cpu.o(.emb_text)
    CPUprimask                               0x00000359   Thumb Code     6  cpu.o(.emb_text)
    CPUcpsie                                 0x0000035f   Thumb Code     8  cpu.o(.emb_text)
    CPUwfi                                   0x00000367   Thumb Code     4  cpu.o(.emb_text)
    CPUbasepriSet                            0x0000036b   Thumb Code     6  cpu.o(.emb_text)
    CPUbasepriGet                            0x00000371   Thumb Code     6  cpu.o(.emb_text)
    __user_initial_stackheap                 0x00000379   Thumb Code     0  startup_rvmdk.o(.text)
    __I$use$semihosting                      0x00000391   Thumb Code     0  use_no_semi.o(.text)
    __use_no_semihosting_swi                 0x00000391   Thumb Code     2  use_no_semi.o(.text)
    toupper                                  0x00000393   Thumb Code    30  toupper.o(.text)
    __2printf                                0x000003b1   Thumb Code    20  noretval__2printf.o(.text)
    _printf_pre_padding                      0x000003c9   Thumb Code    44  _printf_pad.o(.text)
    _printf_post_padding                     0x000003f5   Thumb Code    34  _printf_pad.o(.text)
    _printf_str                              0x00000417   Thumb Code    82  _printf_str.o(.text)
    _printf_int_hex                          0x00000469   Thumb Code    84  _printf_hex_int.o(.text)
    _printf_longlong_hex                     0x00000469   Thumb Code     0  _printf_hex_int.o(.text)
    __printf                                 0x000004c1   Thumb Code   308  __printf_flags_wp.o(.text)
    getc                                     0x000005f9   Thumb Code     4  getc.o(.text)
    puts                                     0x000005fd   Thumb Code    40  puts.o(.text)
    __use_two_region_memory                  0x00000629   Thumb Code     2  heapauxi.o(.text)
    __rt_heap_escrow$2region                 0x0000062b   Thumb Code     2  heapauxi.o(.text)
    __rt_heap_expand$2region                 0x0000062d   Thumb Code     2  heapauxi.o(.text)
    __rt_ctype_table                         0x00000631   Thumb Code    16  rt_ctype_table.o(.text)
    _printf_int_common                       0x00000641   Thumb Code   178  _printf_intcommon.o(.text)
    _printf_cs_common                        0x000006f3   Thumb Code    20  _printf_char.o(.text)
    _printf_char                             0x00000707   Thumb Code    16  _printf_char.o(.text)
    _printf_string                           0x00000717   Thumb Code     8  _printf_char.o(.text)
    _printf_char_file                        0x00000721   Thumb Code    32  _printf_char_file.o(.text)
    __rt_locale                              0x00000745   Thumb Code     8  rt_locale_intlibspace.o(.text)
    _printf_char_common                      0x00000757   Thumb Code    32  _printf_char_common.o(.text)
    __user_libspace                          0x0000077d   Thumb Code     8  libspace.o(.text)
    __user_perproc_libspace                  0x0000077d   Thumb Code     0  libspace.o(.text)
    __user_perthread_libspace                0x0000077d   Thumb Code     0  libspace.o(.text)
    __user_setup_stackheap                   0x00000785   Thumb Code    74  sys_stackheap_outer.o(.text)
    exit                                     0x000007cf   Thumb Code    12  exit.o(.text)
    strcmp                                   0x000007dd   Thumb Code   128  strcmpv7m.o(.text)
    CPUgetPRIMASK_cpsid                      0x0000085d   Thumb Code     8  es_port.o(i.CPUgetPRIMASK_cpsid)
    CPUsetPRIMASK                            0x00000865   Thumb Code     6  es_port.o(i.CPUsetPRIMASK)
    Check4Keystroke                          0x0000086d   Thumb Code    40  eventcheckers.o(i.Check4Keystroke)
    DRS_EOTIntHandler                        0x00000899   Thumb Code    30  drs.o(i.DRS_EOTIntHandler)
    DRS_Initialize                           0x000008c5   Thumb Code   214  drs.o(i.DRS_Initialize)
    DRS_PrintData                            0x000009d1   Thumb Code    42  drs.o(i.DRS_PrintData)
    DRS_SendQuery                            0x00000a3d   Thumb Code    38  drs.o(i.DRS_SendQuery)
    ES_CheckUserEvents                       0x00000a69   Thumb Code    34  es_checkevents.o(i.ES_CheckUserEvents)
    ES_DeQueue                               0x00000a91   Thumb Code    80  es_queue.o(i.ES_DeQueue)
    ES_EnQueueFIFO                           0x00000ae5   Thumb Code    66  es_queue.o(i.ES_EnQueueFIFO)
    ES_GetMSBitSet                           0x00000b2d   Thumb Code    48  es_lookuptables.o(i.ES_GetMSBitSet)
    ES_InitQueue                             0x00000b61   Thumb Code    16  es_queue.o(i.ES_InitQueue)
    ES_Initialize                            0x00000b71   Thumb Code    72  es_framework.o(i.ES_Initialize)
    ES_PostToService                         0x00000bbd   Thumb Code    42  es_framework.o(i.ES_PostToService)
    ES_Run                                   0x00000bf5   Thumb Code    84  es_framework.o(i.ES_Run)
    ES_Timer_Init                            0x00000c55   Thumb Code     4  es_timers.o(i.ES_Timer_Init)
    ES_Timer_InitTimer                       0x00000c59   Thumb Code    44  es_timers.o(i.ES_Timer_InitTimer)
    ES_Timer_StopTimer                       0x00000c95   Thumb Code    28  es_timers.o(i.ES_Timer_StopTimer)
    ES_Timer_Tick_Resp                       0x00000cb9   Thumb Code    90  es_timers.o(i.ES_Timer_Tick_Resp)
    GPIODirModeSet                           0x00000d25   Thumb Code    40  gpio.o(i.GPIODirModeSet)
    GPIOPadConfigSet                         0x00000d4d   Thumb Code   314  gpio.o(i.GPIOPadConfigSet)
    GPIOPinConfigure                         0x00000e89   Thumb Code    64  gpio.o(i.GPIOPinConfigure)
    GPIOPinTypeUART                          0x00000ed1   Thumb Code    28  gpio.o(i.GPIOPinTypeUART)
    InitDRS_SM                               0x00000eed   Thumb Code    34  sm_drs.o(i.InitDRS_SM)
    InitMapKeys                              0x00000f15   Thumb Code     8  mapkeys.o(i.InitMapKeys)
    InitMasterSM                             0x00000f21   Thumb Code    22  sm_master.o(i.InitMasterSM)
    IntMasterEnable                          0x00000f3d   Thumb Code    14  interrupt.o(i.IntMasterEnable)
    PostDRS_SM                               0x00000f4d   Thumb Code    10  sm_drs.o(i.PostDRS_SM)
    PostMapKeys                              0x00000f5d   Thumb Code    10  mapkeys.o(i.PostMapKeys)
    PostMasterSM                             0x00000f6d   Thumb Code    10  sm_master.o(i.PostMasterSM)
    RunDRS_SM                                0x00000f7d   Thumb Code   298  sm_drs.o(i.RunDRS_SM)
    RunMapKeys                               0x00001191   Thumb Code   198  mapkeys.o(i.RunMapKeys)
    RunMasterSM                              0x00001321   Thumb Code   160  sm_master.o(i.RunMasterSM)
    RunPlayingSM                             0x0000142d   Thumb Code   146  sm_playing.o(i.RunPlayingSM)
    RunRacingSM                              0x00001531   Thumb Code   296  sm_racing.o(i.RunRacingSM)
    StartMasterSM                            0x00001761   Thumb Code    10  sm_master.o(i.StartMasterSM)
    StartPlayingSM                           0x00001771   Thumb Code    10  sm_playing.o(i.StartPlayingSM)
    StartRacingSM                            0x00001781   Thumb Code    10  sm_racing.o(i.StartRacingSM)
    SysCtlClockSet                           0x00001791   Thumb Code   270  sysctl.o(i.SysCtlClockSet)
    SysCtlPeripheralEnable                   0x000018b1   Thumb Code    36  sysctl.o(i.SysCtlPeripheralEnable)
    SysTickEnable                            0x000018d9   Thumb Code    14  systick.o(i.SysTickEnable)
    SysTickIntEnable                         0x000018e7   Thumb Code    14  systick.o(i.SysTickIntEnable)
    SysTickIntHandler                        0x000018f5   Thumb Code    16  es_port.o(i.SysTickIntHandler)
    SysTickPeriodSet                         0x00001909   Thumb Code    10  systick.o(i.SysTickPeriodSet)
    TERMIO_GetChar                           0x00001913   Thumb Code     4  termio.o(i.TERMIO_GetChar)
    TERMIO_Init                              0x00001919   Thumb Code    62  termio.o(i.TERMIO_Init)
    TERMIO_PutChar                           0x00001969   Thumb Code     8  termio.o(i.TERMIO_PutChar)
    UARTCharPut                              0x00001975   Thumb Code    12  uart.o(i.UARTCharPut)
    UARTClockSourceSet                       0x00001981   Thumb Code     6  uart.o(i.UARTClockSourceSet)
    UARTStdioConfig                          0x00001989   Thumb Code    82  uartstdio.o(i.UARTStdioConfig)
    UARTgetc                                 0x000019e5   Thumb Code    20  uartstdio.o(i.UARTgetc)
    _HW_Process_Pending_Ints                 0x000019fd   Thumb Code    26  es_port.o(i._HW_Process_Pending_Ints)
    _HW_Timer_Init                           0x00001a1d   Thumb Code    22  es_port.o(i._HW_Timer_Init)
    _is_digit                                0x00001a33   Thumb Code    14  __printf_wp.o(i._is_digit)
    _sys_exit                                0x00001a41   Thumb Code     2  retarget.o(i._sys_exit)
    ferror                                   0x00001a43   Thumb Code     6  retarget.o(i.ferror)
    fgetc                                    0x00001a49   Thumb Code     4  retarget.o(i.fgetc)
    fputc                                    0x00001a4d   Thumb Code    14  retarget.o(i.fputc)
    kbhit                                    0x00001a5d   Thumb Code    16  termio.o(i.kbhit)
    main                                     0x00001a71   Thumb Code    86  main.o(i.main)
    _get_lc_ctype                            0x00001bad   Thumb Code    44  lc_ctype_c.o(locale$$code)
    _fp_init                                 0x00001bd9   Thumb Code    10  fpinit.o(x$fpl$fpinit)
    __fplib_config_fpu_vfp                   0x00001be1   Thumb Code     0  fpinit.o(x$fpl$fpinit)
    __fplib_config_pureend_doubles           0x00001be1   Thumb Code     0  fpinit.o(x$fpl$fpinit)
    BitNum2SetMask                           0x00001c30   Data          32  es_lookuptables.o(.constdata)
    Nybble2MSBitNum                          0x00001c50   Data          15  es_lookuptables.o(.constdata)
    Region$$Table$$Base                      0x00001f1c   Number         0  anon$$obj.o(Region$$Table)
    Region$$Table$$Limit                     0x00001f3c   Number         0  anon$$obj.o(Region$$Table)
    __ctype                                  0x00001f49   Data           0  lc_ctype_c.o(locale$$data)
    Ready                                    0x20000012   Data           2  es_framework.o(.data)
    _PRIMASK_temp                            0x2000001c   Data           4  es_queue.o(.data)
    __stdout                                 0x2000002c   Data           4  retarget.o(.data)
    __stdin                                  0x20000030   Data           4  retarget.o(.data)
    __libspace_start                         0x20000088   Data          96  libspace.o(.bss)
    __temporary_stack_top$libspace           0x200000e8   Data           0  libspace.o(.bss)



==============================================================================

Memory Map of the image

  Image Entry point : 0x0000026d

  Load Region LR_IROM1 (Base: 0x00000000, Size: 0x00002088, Max: 0x00040000, ABSOLUTE)

    Execution Region ER_IROM1 (Base: 0x00000000, Size: 0x0000204c, Max: 0x00040000, ABSOLUTE)

    Base Addr    Size         Type   Attr      Idx    E Section Name        Object

    0x00000000   0x00000288   Code   RO          335  * RESET               startup_rvmdk.o
    0x00000288   0x00000008   Code   RO         1968  * !!!main             c_w.l(__main.o)
    0x00000290   0x00000034   Code   RO         2139    !!!scatter          c_w.l(__scatter.o)
    0x000002c4   0x0000001a   Code   RO         2141    !!handler_copy      c_w.l(__scatter_copy.o)
    0x000002de   0x00000002   PAD
    0x000002e0   0x0000001c   Code   RO         2143    !!handler_zi        c_w.l(__scatter_zi.o)
    0x000002fc   0x00000000   Code   RO         1961    .ARM.Collect$$_printf_percent$$00000000  c_w.l(_printf_percent.o)
    0x000002fc   0x00000006   Code   RO         1960    .ARM.Collect$$_printf_percent$$0000000C  c_w.l(_printf_x.o)
    0x00000302   0x00000006   Code   RO         1959    .ARM.Collect$$_printf_percent$$00000014  c_w.l(_printf_s.o)
    0x00000308   0x00000004   Code   RO         1979    .ARM.Collect$$_printf_percent$$00000017  c_w.l(_printf_percent_end.o)
    0x0000030c   0x00000002   Code   RO         2021    .ARM.Collect$$libinit$$00000000  c_w.l(libinit.o)
    0x0000030e   0x00000004   Code   RO         2022    .ARM.Collect$$libinit$$00000001  c_w.l(libinit2.o)
    0x00000312   0x00000000   Code   RO         2026    .ARM.Collect$$libinit$$00000008  c_w.l(libinit2.o)
    0x00000312   0x00000000   Code   RO         2028    .ARM.Collect$$libinit$$0000000A  c_w.l(libinit2.o)
    0x00000312   0x00000000   Code   RO         2030    .ARM.Collect$$libinit$$0000000C  c_w.l(libinit2.o)
    0x00000312   0x00000006   Code   RO         2031    .ARM.Collect$$libinit$$0000000D  c_w.l(libinit2.o)
    0x00000318   0x00000000   Code   RO         2033    .ARM.Collect$$libinit$$0000000F  c_w.l(libinit2.o)
    0x00000318   0x0000000c   Code   RO         2034    .ARM.Collect$$libinit$$00000010  c_w.l(libinit2.o)
    0x00000324   0x00000000   Code   RO         2035    .ARM.Collect$$libinit$$00000011  c_w.l(libinit2.o)
    0x00000324   0x00000000   Code   RO         2037    .ARM.Collect$$libinit$$00000013  c_w.l(libinit2.o)
    0x00000324   0x00000000   Code   RO         2039    .ARM.Collect$$libinit$$00000015  c_w.l(libinit2.o)
    0x00000324   0x00000000   Code   RO         2041    .ARM.Collect$$libinit$$00000017  c_w.l(libinit2.o)
    0x00000324   0x00000000   Code   RO         2043    .ARM.Collect$$libinit$$00000019  c_w.l(libinit2.o)
    0x00000324   0x00000000   Code   RO         2045    .ARM.Collect$$libinit$$0000001B  c_w.l(libinit2.o)
    0x00000324   0x00000000   Code   RO         2047    .ARM.Collect$$libinit$$0000001D  c_w.l(libinit2.o)
    0x00000324   0x00000000   Code   RO         2049    .ARM.Collect$$libinit$$0000001F  c_w.l(libinit2.o)
    0x00000324   0x00000000   Code   RO         2051    .ARM.Collect$$libinit$$00000021  c_w.l(libinit2.o)
    0x00000324   0x00000000   Code   RO         2053    .ARM.Collect$$libinit$$00000023  c_w.l(libinit2.o)
    0x00000324   0x00000000   Code   RO         2057    .ARM.Collect$$libinit$$0000002A  c_w.l(libinit2.o)
    0x00000324   0x00000000   Code   RO         2059    .ARM.Collect$$libinit$$0000002C  c_w.l(libinit2.o)
    0x00000324   0x00000000   Code   RO         2061    .ARM.Collect$$libinit$$0000002E  c_w.l(libinit2.o)
    0x00000324   0x00000000   Code   RO         2063    .ARM.Collect$$libinit$$00000030  c_w.l(libinit2.o)
    0x00000324   0x00000002   Code   RO         2064    .ARM.Collect$$libinit$$00000031  c_w.l(libinit2.o)
    0x00000326   0x00000002   Code   RO         2092    .ARM.Collect$$libshutdown$$00000000  c_w.l(libshutdown.o)
    0x00000328   0x00000000   Code   RO         2102    .ARM.Collect$$libshutdown$$00000003  c_w.l(libshutdown2.o)
    0x00000328   0x00000000   Code   RO         2105    .ARM.Collect$$libshutdown$$00000006  c_w.l(libshutdown2.o)
    0x00000328   0x00000000   Code   RO         2108    .ARM.Collect$$libshutdown$$00000009  c_w.l(libshutdown2.o)
    0x00000328   0x00000000   Code   RO         2110    .ARM.Collect$$libshutdown$$0000000B  c_w.l(libshutdown2.o)
    0x00000328   0x00000000   Code   RO         2113    .ARM.Collect$$libshutdown$$0000000E  c_w.l(libshutdown2.o)
    0x00000328   0x00000002   Code   RO         2114    .ARM.Collect$$libshutdown$$0000000F  c_w.l(libshutdown2.o)
    0x0000032a   0x00000000   Code   RO         1970    .ARM.Collect$$rtentry$$00000000  c_w.l(rtentry.o)
    0x0000032a   0x00000000   Code   RO         1981    .ARM.Collect$$rtentry$$00000002  c_w.l(rtentry2.o)
    0x0000032a   0x00000006   Code   RO         1993    .ARM.Collect$$rtentry$$00000004  c_w.l(rtentry4.o)
    0x00000330   0x00000000   Code   RO         1983    .ARM.Collect$$rtentry$$00000009  c_w.l(rtentry2.o)
    0x00000330   0x00000004   Code   RO         1984    .ARM.Collect$$rtentry$$0000000A  c_w.l(rtentry2.o)
    0x00000334   0x00000000   Code   RO         1986    .ARM.Collect$$rtentry$$0000000C  c_w.l(rtentry2.o)
    0x00000334   0x00000008   Code   RO         1987    .ARM.Collect$$rtentry$$0000000D  c_w.l(rtentry2.o)
    0x0000033c   0x00000002   Code   RO         2065    .ARM.Collect$$rtexit$$00000000  c_w.l(rtexit.o)
    0x0000033e   0x00000000   Code   RO         2072    .ARM.Collect$$rtexit$$00000002  c_w.l(rtexit2.o)
    0x0000033e   0x00000004   Code   RO         2073    .ARM.Collect$$rtexit$$00000003  c_w.l(rtexit2.o)
    0x00000342   0x00000006   Code   RO         2074    .ARM.Collect$$rtexit$$00000004  c_w.l(rtexit2.o)
    0x00000348   0x00000006   Code   RO         1198    .emb_text           driverlib.lib(sysctl.o)
    0x0000034e   0x00000002   PAD
    0x00000350   0x00000026   Code   RO         1892    .emb_text           driverlib.lib(cpu.o)
    0x00000376   0x00000002   PAD
    0x00000378   0x00000018   Code   RO          336    .text               startup_rvmdk.o
    0x00000390   0x00000002   Code   RO         1904    .text               c_w.l(use_no_semi.o)
    0x00000392   0x0000001e   Code   RO         1906    .text               c_w.l(toupper.o)
    0x000003b0   0x00000018   Code   RO         1910    .text               c_w.l(noretval__2printf.o)
    0x000003c8   0x0000004e   Code   RO         1914    .text               c_w.l(_printf_pad.o)
    0x00000416   0x00000052   Code   RO         1916    .text               c_w.l(_printf_str.o)
    0x00000468   0x00000058   Code   RO         1921    .text               c_w.l(_printf_hex_int.o)
    0x000004c0   0x00000138   Code   RO         1951    .text               c_w.l(__printf_flags_wp.o)
    0x000005f8   0x00000004   Code   RO         1962    .text               c_w.l(getc.o)
    0x000005fc   0x0000002c   Code   RO         1964    .text               c_w.l(puts.o)
    0x00000628   0x00000006   Code   RO         1966    .text               c_w.l(heapauxi.o)
    0x0000062e   0x00000002   PAD
    0x00000630   0x00000010   Code   RO         1971    .text               c_w.l(rt_ctype_table.o)
    0x00000640   0x000000b2   Code   RO         1973    .text               c_w.l(_printf_intcommon.o)
    0x000006f2   0x0000002c   Code   RO         1975    .text               c_w.l(_printf_char.o)
    0x0000071e   0x00000002   PAD
    0x00000720   0x00000024   Code   RO         1977    .text               c_w.l(_printf_char_file.o)
    0x00000744   0x00000008   Code   RO         1998    .text               c_w.l(rt_locale_intlibspace.o)
    0x0000074c   0x00000030   Code   RO         2000    .text               c_w.l(_printf_char_common.o)
    0x0000077c   0x00000008   Code   RO         2005    .text               c_w.l(libspace.o)
    0x00000784   0x0000004a   Code   RO         2008    .text               c_w.l(sys_stackheap_outer.o)
    0x000007ce   0x0000000c   Code   RO         2012    .text               c_w.l(exit.o)
    0x000007da   0x00000002   PAD
    0x000007dc   0x00000080   Code   RO         2014    .text               c_w.l(strcmpv7m.o)
    0x0000085c   0x00000008   Code   RO          472    i.CPUgetPRIMASK_cpsid  es_port.o
    0x00000864   0x00000006   Code   RO          478    i.CPUsetPRIMASK     es_port.o
    0x0000086a   0x00000002   PAD
    0x0000086c   0x0000002c   Code   RO           74    i.Check4Keystroke   eventcheckers.o
    0x00000898   0x0000002c   Code   RO          130    i.DRS_EOTIntHandler  drs.o
    0x000008c4   0x0000010c   Code   RO          131    i.DRS_Initialize    drs.o
    0x000009d0   0x0000006c   Code   RO          132    i.DRS_PrintData     drs.o
    0x00000a3c   0x0000002c   Code   RO          133    i.DRS_SendQuery     drs.o
    0x00000a68   0x00000028   Code   RO          342    i.ES_CheckUserEvents  es_checkevents.o
    0x00000a90   0x00000054   Code   RO          514    i.ES_DeQueue        es_queue.o
    0x00000ae4   0x00000048   Code   RO          515    i.ES_EnQueueFIFO    es_queue.o
    0x00000b2c   0x00000034   Code   RO          421    i.ES_GetMSBitSet    es_lookuptables.o
    0x00000b60   0x00000010   Code   RO          517    i.ES_InitQueue      es_queue.o
    0x00000b70   0x0000004c   Code   RO          374    i.ES_Initialize     es_framework.o
    0x00000bbc   0x00000038   Code   RO          376    i.ES_PostToService  es_framework.o
    0x00000bf4   0x00000060   Code   RO          378    i.ES_Run            es_framework.o
    0x00000c54   0x00000004   Code   RO          557    i.ES_Timer_Init     es_timers.o
    0x00000c58   0x0000003c   Code   RO          558    i.ES_Timer_InitTimer  es_timers.o
    0x00000c94   0x00000024   Code   RO          561    i.ES_Timer_StopTimer  es_timers.o
    0x00000cb8   0x0000006c   Code   RO          562    i.ES_Timer_Tick_Resp  es_timers.o
    0x00000d24   0x00000028   Code   RO          761    i.GPIODirModeSet    driverlib.lib(gpio.o)
    0x00000d4c   0x0000013a   Code   RO          771    i.GPIOPadConfigSet  driverlib.lib(gpio.o)
    0x00000e86   0x00000002   PAD
    0x00000e88   0x00000048   Code   RO          772    i.GPIOPinConfigure  driverlib.lib(gpio.o)
    0x00000ed0   0x0000001c   Code   RO          797    i.GPIOPinTypeUART   driverlib.lib(gpio.o)
    0x00000eec   0x00000028   Code   RO          237    i.InitDRS_SM        sm_drs.o
    0x00000f14   0x0000000c   Code   RO          101    i.InitMapKeys       mapkeys.o
    0x00000f20   0x0000001c   Code   RO          200    i.InitMasterSM      sm_master.o
    0x00000f3c   0x0000000e   Code   RO         1086    i.IntMasterEnable   driverlib.lib(interrupt.o)
    0x00000f4a   0x00000002   PAD
    0x00000f4c   0x00000010   Code   RO          238    i.PostDRS_SM        sm_drs.o
    0x00000f5c   0x00000010   Code   RO          102    i.PostMapKeys       mapkeys.o
    0x00000f6c   0x00000010   Code   RO          201    i.PostMasterSM      sm_master.o
    0x00000f7c   0x00000214   Code   RO          240    i.RunDRS_SM         sm_drs.o
    0x00001190   0x00000190   Code   RO          103    i.RunMapKeys        mapkeys.o
    0x00001320   0x0000010c   Code   RO          202    i.RunMasterSM       sm_master.o
    0x0000142c   0x00000104   Code   RO          277    i.RunPlayingSM      sm_playing.o
    0x00001530   0x00000230   Code   RO          307    i.RunRacingSM       sm_racing.o
    0x00001760   0x00000010   Code   RO          203    i.StartMasterSM     sm_master.o
    0x00001770   0x00000010   Code   RO          278    i.StartPlayingSM    sm_playing.o
    0x00001780   0x00000010   Code   RO          308    i.StartRacingSM     sm_racing.o
    0x00001790   0x00000120   Code   RO         1203    i.SysCtlClockSet    driverlib.lib(sysctl.o)
    0x000018b0   0x00000028   Code   RO         1232    i.SysCtlPeripheralEnable  driverlib.lib(sysctl.o)
    0x000018d8   0x0000000e   Code   RO         1541    i.SysTickEnable     driverlib.lib(systick.o)
    0x000018e6   0x0000000e   Code   RO         1543    i.SysTickIntEnable  driverlib.lib(systick.o)
    0x000018f4   0x00000014   Code   RO          438    i.SysTickIntHandler  es_port.o
    0x00001908   0x0000000a   Code   RO         1547    i.SysTickPeriodSet  driverlib.lib(systick.o)
    0x00001912   0x00000004   Code   RO          658    i.TERMIO_GetChar    termio.o
    0x00001916   0x00000002   PAD
    0x00001918   0x00000050   Code   RO          659    i.TERMIO_Init       termio.o
    0x00001968   0x0000000c   Code   RO          660    i.TERMIO_PutChar    termio.o
    0x00001974   0x0000000c   Code   RO         1611    i.UARTCharPut       driverlib.lib(uart.o)
    0x00001980   0x00000006   Code   RO         1615    i.UARTClockSourceSet  driverlib.lib(uart.o)
    0x00001986   0x00000002   PAD
    0x00001988   0x0000005c   Code   RO          701    i.UARTStdioConfig   uartstdio.o
    0x000019e4   0x00000018   Code   RO          702    i.UARTgetc          uartstdio.o
    0x000019fc   0x00000020   Code   RO          440    i._HW_Process_Pending_Ints  es_port.o
    0x00001a1c   0x00000016   Code   RO          441    i._HW_Timer_Init    es_port.o
    0x00001a32   0x0000000e   Code   RO         1949    i._is_digit         c_w.l(__printf_wp.o)
    0x00001a40   0x00000002   Code   RO          608    i._sys_exit         retarget.o
    0x00001a42   0x00000006   Code   RO          610    i.ferror            retarget.o
    0x00001a48   0x00000004   Code   RO          611    i.fgetc             retarget.o
    0x00001a4c   0x0000000e   Code   RO          612    i.fputc             retarget.o
    0x00001a5a   0x00000002   PAD
    0x00001a5c   0x00000014   Code   RO          661    i.kbhit             termio.o
    0x00001a70   0x0000013c   Code   RO            1    i.main              main.o
    0x00001bac   0x0000002c   Code   RO         2003    locale$$code        c_w.l(lc_ctype_c.o)
    0x00001bd8   0x0000000a   Code   RO         2069    x$fpl$fpinit        fz_wm.l(fpinit.o)
    0x00001be2   0x00000002   PAD
    0x00001be4   0x00000004   Data   RO          134    .constdata          drs.o
    0x00001be8   0x00000004   Data   RO          204    .constdata          sm_master.o
    0x00001bec   0x00000008   Data   RO          242    .constdata          sm_drs.o
    0x00001bf4   0x00000004   Data   RO          279    .constdata          sm_playing.o
    0x00001bf8   0x00000004   Data   RO          309    .constdata          sm_racing.o
    0x00001bfc   0x00000004   Data   RO          343    .constdata          es_checkevents.o
    0x00001c00   0x00000030   Data   RO          382    .constdata          es_framework.o
    0x00001c30   0x00000020   Data   RO          422    .constdata          es_lookuptables.o
    0x00001c50   0x0000000f   Data   RO          423    .constdata          es_lookuptables.o
    0x00001c5f   0x00000001   PAD
    0x00001c60   0x00000040   Data   RO          564    .constdata          es_timers.o
    0x00001ca0   0x0000001c   Data   RO          707    .constdata          uartstdio.o
    0x00001cbc   0x00000210   Data   RO          804    .constdata          driverlib.lib(gpio.o)
    0x00001ecc   0x00000028   Data   RO         1922    .constdata          c_w.l(_printf_hex_int.o)
    0x00001ef4   0x00000011   Data   RO         1952    .constdata          c_w.l(__printf_flags_wp.o)
    0x00001f05   0x00000003   PAD
    0x00001f08   0x00000011   Data   RO          708    .conststring        uartstdio.o
    0x00001f19   0x00000003   PAD
    0x00001f1c   0x00000020   Data   RO         2137    Region$$Table       anon$$obj.o
    0x00001f3c   0x00000110   Data   RO         2002    locale$$data        c_w.l(lc_ctype_c.o)


    Execution Region RW_IRAM1 (Base: 0x20000000, Size: 0x000008e8, Max: 0x00008000, ABSOLUTE)

    Base Addr    Size         Type   Attr      Idx    E Section Name        Object

    0x20000000   0x00000001   Data   RW          104    .data               mapkeys.o
    0x20000001   0x00000008   Data   RW          135    .data               drs.o
    0x20000009   0x00000002   Data   RW          205    .data               sm_master.o
    0x2000000b   0x00000005   Data   RW          243    .data               sm_drs.o
    0x20000010   0x00000001   Data   RW          280    .data               sm_playing.o
    0x20000011   0x00000001   Data   RW          310    .data               sm_racing.o
    0x20000012   0x00000006   Data   RW          383    .data               es_framework.o
    0x20000018   0x00000004   Data   RW          442    .data               es_port.o
    0x2000001c   0x00000004   Data   RW          519    .data               es_queue.o
    0x20000020   0x0000000a   Data   RW          565    .data               es_timers.o
    0x2000002a   0x00000002   PAD
    0x2000002c   0x00000004   Data   RW          613    .data               retarget.o
    0x20000030   0x00000004   Data   RW          614    .data               retarget.o
    0x20000034   0x00000008   Data   RW          709    .data               uartstdio.o
    0x2000003c   0x0000000c   Zero   RW          379    .bss                es_framework.o
    0x20000048   0x00000010   Zero   RW          380    .bss                es_framework.o
    0x20000058   0x00000010   Zero   RW          381    .bss                es_framework.o
    0x20000068   0x00000020   Zero   RW          563    .bss                es_timers.o
    0x20000088   0x00000060   Zero   RW         2006    .bss                c_w.l(libspace.o)
    0x200000e8   0x00000000   Zero   RW          334    HEAP                startup_rvmdk.o
    0x200000e8   0x00000800   Zero   RW          333    STACK               startup_rvmdk.o


==============================================================================

Image component sizes


      Code (inc. data)   RO Data    RW Data    ZI Data      Debug   Object Name

       464        140          4          8          0       3225   drs.o
        40          6          4          0          0       1225   es_checkevents.o
       228         30         48          6         44       3004   es_framework.o
        52          4         47          0          0       1334   es_lookuptables.o
        88         10          0          4          0       3686   es_port.o
       172         10          0          4          0       2517   es_queue.o
       208         42         64         10         32       3047   es_timers.o
        44          4          0          0          0       1490   eventcheckers.o
       316        230          0          0          0       9563   main.o
       428        220          0          1          0       1953   mapkeys.o
        26          0          0          8          0       3755   retarget.o
       588        246          8          5          0       3366   sm_drs.o
       328        126          4          2          0       3688   sm_master.o
       276        120          4          1          0       2632   sm_playing.o
       576        278          4          1          0       3042   sm_racing.o
       672        636          0          0       2048        588   startup_rvmdk.o
       116         26          0          0          0       2024   termio.o
       116         14         45          8          0       2808   uartstdio.o

    ----------------------------------------------------------------------
      4744       2142        268         60       2124      52947   Object Totals
         0          0         32          0          0          0   (incl. Generated)
         6          0          4          2          0          0   (incl. Padding)

    ----------------------------------------------------------------------

      Code (inc. data)   RO Data    RW Data    ZI Data      Debug   Library Member Name

         8          0          0          0          0         68   __main.o
       312          4         17          0          0         92   __printf_flags_wp.o
        14          0          0          0          0         68   __printf_wp.o
        52          8          0          0          0          0   __scatter.o
        26          0          0          0          0          0   __scatter_copy.o
        28          0          0          0          0          0   __scatter_zi.o
        44          0          0          0          0        108   _printf_char.o
        48          6          0          0          0         96   _printf_char_common.o
        36          4          0          0          0         80   _printf_char_file.o
        88          4         40          0          0         88   _printf_hex_int.o
       178          0          0          0          0         88   _printf_intcommon.o
        78          0          0          0          0        108   _printf_pad.o
         0          0          0          0          0          0   _printf_percent.o
         4          0          0          0          0          0   _printf_percent_end.o
         6          0          0          0          0          0   _printf_s.o
        82          0          0          0          0         80   _printf_str.o
         6          0          0          0          0          0   _printf_x.o
        12          0          0          0          0         72   exit.o
         4          0          0          0          0         68   getc.o
         6          0          0          0          0        152   heapauxi.o
        44         10        272          0          0         76   lc_ctype_c.o
         2          0          0          0          0          0   libinit.o
        24          0          0          0          0          0   libinit2.o
         2          0          0          0          0          0   libshutdown.o
         2          0          0          0          0          0   libshutdown2.o
         8          4          0          0         96         68   libspace.o
        24          4          0          0          0         84   noretval__2printf.o
        44          4          0          0          0         84   puts.o
        16          4          0          0          0         76   rt_ctype_table.o
         8          4          0          0          0         68   rt_locale_intlibspace.o
         0          0          0          0          0          0   rtentry.o
        12          0          0          0          0          0   rtentry2.o
         6          0          0          0          0          0   rtentry4.o
         2          0          0          0          0          0   rtexit.o
        10          0          0          0          0          0   rtexit2.o
       128          0          0          0          0         68   strcmpv7m.o
        74          0          0          0          0         80   sys_stackheap_outer.o
        30          0          0          0          0         76   toupper.o
         2          0          0          0          0         68   use_no_semi.o
        38          0          0          0          0        504   cpu.o
       454          8        528          0          0       5929   gpio.o
        14          0          0          0          0        450   interrupt.o
       334         22          0          0          0       1550   sysctl.o
        38          0          0          0          0       1218   systick.o
        18          0          0          0          0        867   uart.o
        10          0          0          0          0        116   fpinit.o

    ----------------------------------------------------------------------
      2396         86        860          0         96      12550   Library Totals
        20          0          3          0          0          0   (incl. Padding)

    ----------------------------------------------------------------------

      Code (inc. data)   RO Data    RW Data    ZI Data      Debug   Library Name

      1470         56        329          0         96       1916   c_w.l
       896         30        528          0          0      10518   driverlib.lib
        10          0          0          0          0        116   fz_wm.l

    ----------------------------------------------------------------------
      2396         86        860          0         96      12550   Library Totals

    ----------------------------------------------------------------------

==============================================================================


      Code (inc. data)   RO Data    RW Data    ZI Data      Debug   

      7140       2228       1128         60       2220      59109   Grand Totals
      7140       2228       1128         60       2220      59109   ELF Image Totals
      7140       2228       1128         60          0          0   ROM Totals

==============================================================================

    Total RO  Size (Code + RO Data)                 8268 (   8.07kB)
    Total RW  Size (RW Data + ZI Data)              2280 (   2.23kB)
    Total ROM Size (Code + RO Data + RW Data)       8328 (   8.13kB)

==============================================================================

