<html>
<body>
<pre>
<h1>µVision Build Log</h1>
<h2>Project:</h2>
C:\Users\Kyle Moy\Desktop\ME218B_Team18_SpeedRacer\ME218B_Team18_SpeedRacer.uvproj
Project File Date:  03/01/2015

<h2>Output:</h2>
Rebuild target 'BaseFrameworkTarget'
compiling Main.c...
compiling EventCheckers.c...
compiling MapKeys.c...
compiling DRS.c...
compiling SM_Master.c...
compiling SM_DRS.c...
compiling SM_Playing.c...
compiling SM_Racing.c...
compiling Display.c...
compiling GamefieldPositions.c...
compiling DriveMotors.c...
compiling DriveMotorsService.c...
compiling DriveMotorsEncoder.c...
compiling DriveMotorsPID.c...
compiling SM_Navigation.c...
compiling BallLauncher.c...
compiling SM_ObstacleCrossing.c...
compiling SM_BallLaunching.c...
compiling BeaconSensor.c...
compiling BumpSensor.c...
assembling startup_rvmdk.S...
compiling ES_CheckEvents.c...
compiling ES_DeferRecall.c...
compiling ES_Framework.c...
compiling ES_LookupTables.c...
compiling ES_Port.c...
compiling ES_PostList.c...
compiling ES_Queue.c...
compiling ES_Timers.c...
compiling retarget.c...
compiling termio.c...
compiling uartstdio.c...
linking...
Program Size: Code=21892 RO-data=2240 RW-data=224 ZI-data=2288  
After Build - User command #1: fromelf --bin --output .\Outputs\BaseTarget.bin .\Outputs\BaseTarget.axf
".\Outputs\BaseTarget.axf" - 0 Error(s), 0 Warning(s).
Load "C:\\Users\\Kyle Moy\\Desktop\\ME218B_Team18_SpeedRacer\\Outputs\\BaseTarget.axf" 
Connecting: Mode=JTAG, Speed=1000000Hz
Erase Done.
Programming Done.
Verify OK.
Load "C:\\Users\\Kyle Moy\\Desktop\\ME218B_Team18_SpeedRacer\\Outputs\\BaseTarget.axf" 
Connecting: Mode=JTAG, Speed=1000000Hz
Erase Done.
Programming Done.
Verify OK.
