Product: MDK-ARM Lite 5.10
Component: ARM Compiler 5.04 update 1 (build 49)
Tool: armlink [5040049]

==============================================================================

Section Cross References

    main.o(i.main) refers to _printf_percent.o(.ARM.Collect$$_printf_percent$$00000000) for _printf_percent
    main.o(i.main) refers to _printf_s.o(.ARM.Collect$$_printf_percent$$00000014) for _printf_s
    main.o(i.main) refers to _printf_str.o(.text) for _printf_str
    main.o(i.main) refers to sysctl.o(i.SysCtlClockSet) for SysCtlClockSet
    main.o(i.main) refers to termio.o(i.TERMIO_Init) for TERMIO_Init
    main.o(i.main) refers to puts.o(.text) for puts
    main.o(i.main) refers to noretval__2printf.o(.text) for __2printf
    main.o(i.main) refers to kartswitchandled.o(i.InitializeKartSwitchAndLED) for InitializeKartSwitchAndLED
    main.o(i.main) refers to drs.o(i.InitializeDRS) for InitializeDRS
    main.o(i.main) refers to beaconsensor.o(i.InitBeaconSensingCapture) for InitBeaconSensingCapture
    main.o(i.main) refers to drivemotors.o(i.InitializeDriveMotors) for InitializeDriveMotors
    main.o(i.main) refers to bumpsensor.o(i.InitializeBumpSensors) for InitializeBumpSensors
    main.o(i.main) refers to balllauncher.o(i.InitializeBallLauncher) for InitializeBallLauncher
    main.o(i.main) refers to es_framework.o(i.ES_Initialize) for ES_Initialize
    main.o(i.main) refers to es_framework.o(i.ES_Run) for ES_Run
    gamefieldpositions.o(i.GetAngle) refers to dflt_clz.o(x$fpl$dflt) for __aeabi_i2d
    gamefieldpositions.o(i.GetAngle) refers to atan2.o(i.__hardfp_atan2) for __hardfp_atan2
    gamefieldpositions.o(i.GetAngle) refers to dmul.o(x$fpl$dmul) for __aeabi_dmul
    gamefieldpositions.o(i.GetAngle) refers to ddiv.o(x$fpl$ddiv) for __aeabi_ddiv
    gamefieldpositions.o(i.GetAngle) refers to daddsub_clz.o(x$fpl$dadd) for __aeabi_dadd
    eventcheckers.o(i.Check4Keystroke) refers to termio.o(i.kbhit) for kbhit
    eventcheckers.o(i.Check4Keystroke) refers to getc.o(.text) for getc
    eventcheckers.o(i.Check4Keystroke) refers to mapkeys.o(i.PostMapKeys) for PostMapKeys
    eventcheckers.o(i.Check4Keystroke) refers to retarget.o(.data) for __stdin
    eventcheckers.o(i.CheckBumpSensor) refers to bumpsensor.o(i.BumpSensorDetected) for BumpSensorDetected
    eventcheckers.o(i.CheckBumpSensor) refers to sm_master.o(i.PostMasterSM) for PostMasterSM
    eventcheckers.o(i.CheckBumpSensor) refers to eventcheckers.o(.data) for .data
    eventcheckers.o(i.CheckBumpSensor) refers to eventcheckers.o(.constdata) for .constdata
    eventcheckers.o(i.CheckIRSensor) refers to beaconsensor.o(i.IsBeaconSensed) for IsBeaconSensed
    eventcheckers.o(i.CheckIRSensor) refers to sm_master.o(i.PostMasterSM) for PostMasterSM
    eventcheckers.o(i.CheckIRSensor) refers to eventcheckers.o(.data) for .data
    eventcheckers.o(i.CheckIRSensor) refers to eventcheckers.o(.constdata) for .constdata
    mapkeys.o(i.InitMapKeys) refers to mapkeys.o(.data) for .data
    mapkeys.o(i.PostMapKeys) refers to es_framework.o(i.ES_PostToService) for ES_PostToService
    mapkeys.o(i.PostMapKeys) refers to mapkeys.o(.data) for .data
    mapkeys.o(i.RunMapKeys) refers to _printf_percent.o(.ARM.Collect$$_printf_percent$$00000000) for _printf_percent
    mapkeys.o(i.RunMapKeys) refers to _printf_d.o(.ARM.Collect$$_printf_percent$$00000009) for _printf_d
    mapkeys.o(i.RunMapKeys) refers to _printf_s.o(.ARM.Collect$$_printf_percent$$00000014) for _printf_s
    mapkeys.o(i.RunMapKeys) refers to _printf_dec.o(.text) for _printf_int_dec
    mapkeys.o(i.RunMapKeys) refers to _printf_str.o(.text) for _printf_str
    mapkeys.o(i.RunMapKeys) refers to toupper.o(.text) for toupper
    mapkeys.o(i.RunMapKeys) refers to drivemotors.o(i.DriveForwardWithSetDistance) for DriveForwardWithSetDistance
    mapkeys.o(i.RunMapKeys) refers to drivemotors.o(i.DriveBackward) for DriveBackward
    mapkeys.o(i.RunMapKeys) refers to drivemotors.o(i.PivotCWwithSetTicks) for PivotCWwithSetTicks
    mapkeys.o(i.RunMapKeys) refers to drivemotors.o(i.PivotCCWwithSetTicks) for PivotCCWwithSetTicks
    mapkeys.o(i.RunMapKeys) refers to drivemotors.o(i.StopMotors) for StopMotors
    mapkeys.o(i.RunMapKeys) refers to balllauncher.o(i.TurnOnShooter) for TurnOnShooter
    mapkeys.o(i.RunMapKeys) refers to balllauncher.o(i.TurnOffShooter) for TurnOffShooter
    mapkeys.o(i.RunMapKeys) refers to balllauncher.o(i.ServoForward) for ServoForward
    mapkeys.o(i.RunMapKeys) refers to balllauncher.o(i.ServoReverse) for ServoReverse
    mapkeys.o(i.RunMapKeys) refers to drs.o(i.GetKartData) for GetKartData
    mapkeys.o(i.RunMapKeys) refers to gamefieldpositions.o(i.GamefieldPositionString) for GamefieldPositionString
    mapkeys.o(i.RunMapKeys) refers to noretval__2printf.o(.text) for __2printf
    mapkeys.o(i.RunMapKeys) refers to sm_master.o(i.PostMasterSM) for PostMasterSM
    mapkeys.o(i.RunMapKeys) refers to mapkeys.o(.conststring) for .conststring
[...]
    $v0                                      0x00000348   Number         0  sysctl.o(.emb_text)
    .emb_text                                0x00000350   Section       38  cpu.o(.emb_text)
    $v0                                      0x00000350   Number         0  cpu.o(.emb_text)
    .text                                    0x00000378   Section       24  startup_rvmdk.o(.text)
    $v0                                      0x00000378   Number         0  startup_rvmdk.o(.text)
    .text                                    0x00000390   Section        2  use_no_semi.o(.text)
    .text                                    0x00000392   Section       72  llsdiv.o(.text)
    .text                                    0x000003da   Section        0  toupper.o(.text)
    .text                                    0x000003f8   Section        0  noretval__2printf.o(.text)
    .text                                    0x00000410   Section        0  _printf_str.o(.text)
    .text                                    0x00000464   Section        0  _printf_dec.o(.text)
    .text                                    0x000004d8   Section        0  __printf_wp.o(.text)
    .text                                    0x000005e6   Section        0  getc.o(.text)
    .text                                    0x000005ec   Section        0  puts.o(.text)
    .text                                    0x00000618   Section        0  heapauxi.o(.text)
    .text                                    0x00000620   Section       16  rt_ctype_table.o(.text)
    .text                                    0x00000630   Section      238  lludivv7m.o(.text)
    .text                                    0x0000071e   Section        0  _printf_intcommon.o(.text)
    .text                                    0x000007d0   Section        0  _printf_char.o(.text)
    .text                                    0x000007fc   Section        0  _printf_char_file.o(.text)
    .text                                    0x00000820   Section        8  rt_locale_intlibspace.o(.text)
    .text                                    0x00000828   Section        0  _printf_char_common.o(.text)
    _printf_input_char                       0x00000829   Thumb Code    10  _printf_char_common.o(.text)
    .text                                    0x00000858   Section        8  libspace.o(.text)
    .text                                    0x00000860   Section       74  sys_stackheap_outer.o(.text)
    .text                                    0x000008aa   Section        0  exit.o(.text)
    .text                                    0x000008b8   Section      128  strcmpv7m.o(.text)
    i.BeaconSensedCaptureResponse            0x00000938   Section        0  beaconsensor.o(i.BeaconSensedCaptureResponse)
    i.BumpSensorDetected                     0x00000970   Section        0  bumpsensor.o(i.BumpSensorDetected)
    i.CPUgetPRIMASK_cpsid                    0x00000984   Section        0  es_port.o(i.CPUgetPRIMASK_cpsid)
    i.CPUsetPRIMASK                          0x0000098c   Section        0  es_port.o(i.CPUsetPRIMASK)
    i.Check4Keystroke                        0x00000994   Section        0  eventcheckers.o(i.Check4Keystroke)
    i.CheckBumpSensor                        0x000009c0   Section        0  eventcheckers.o(i.CheckBumpSensor)
    i.CheckIRSensor                          0x000009f8   Section        0  eventcheckers.o(i.CheckIRSensor)
    i.ClearSumError                          0x00000a34   Section        0  drivemotorspid.o(i.ClearSumError)
    i.DisablePIDcontrol                      0x00000a4c   Section        0  drivemotorspid.o(i.DisablePIDcontrol)
    i.DriveBackward                          0x00000a58   Section        0  drivemotors.o(i.DriveBackward)
    i.DriveBackwardsWithBias                 0x00000ad4   Section        0  drivemotors.o(i.DriveBackwardsWithBias)
    i.DriveForward                           0x00000b24   Section        0  drivemotors.o(i.DriveForward)
    i.DriveForwardWithBias                   0x00000b9c   Section        0  drivemotors.o(i.DriveForwardWithBias)
    i.DriveForwardWithSetDistance            0x00000bec   Section        0  drivemotors.o(i.DriveForwardWithSetDistance)
    i.DuringStraight                         0x00000c54   Section        0  sm_racing.o(i.DuringStraight)
    DuringStraight                           0x00000c55   Thumb Code   160  sm_racing.o(i.DuringStraight)
    i.EOTIntHandler                          0x00000d3c   Section        0  drs.o(i.EOTIntHandler)
    i.ES_CheckUserEvents                     0x00000d6c   Section        0  es_checkevents.o(i.ES_CheckUserEvents)
    i.ES_DeQueue                             0x00000d94   Section        0  es_queue.o(i.ES_DeQueue)
    i.ES_EnQueueFIFO                         0x00000de8   Section        0  es_queue.o(i.ES_EnQueueFIFO)
    i.ES_GetMSBitSet                         0x00000e30   Section        0  es_lookuptables.o(i.ES_GetMSBitSet)
    i.ES_InitQueue                           0x00000e64   Section        0  es_queue.o(i.ES_InitQueue)
    i.ES_Initialize                          0x00000e74   Section        0  es_framework.o(i.ES_Initialize)
    i.ES_PostToService                       0x00000ec0   Section        0  es_framework.o(i.ES_PostToService)
    i.ES_Run                                 0x00000ef8   Section        0  es_framework.o(i.ES_Run)
    i.ES_Timer_Init                          0x00000f58   Section        0  es_timers.o(i.ES_Timer_Init)
    i.ES_Timer_InitTimer                     0x00000f5c   Section        0  es_timers.o(i.ES_Timer_InitTimer)
    i.ES_Timer_StopTimer                     0x00000f98   Section        0  es_timers.o(i.ES_Timer_StopTimer)
    i.ES_Timer_Tick_Resp                     0x00000fbc   Section        0  es_timers.o(i.ES_Timer_Tick_Resp)
    i.EnablePIDcontrol                       0x00001028   Section        0  drivemotorspid.o(i.EnablePIDcontrol)
    i.GPIODirModeSet                         0x00001034   Section        0  gpio.o(i.GPIODirModeSet)
    i.GPIOPadConfigSet                       0x0000105c   Section        0  gpio.o(i.GPIOPadConfigSet)
    i.GPIOPinConfigure                       0x00001198   Section        0  gpio.o(i.GPIOPinConfigure)
    i.GPIOPinTypeUART                        0x000011e0   Section        0  gpio.o(i.GPIOPinTypeUART)
    i.GamefieldPositionString                0x000011fc   Section        0  gamefieldpositions.o(i.GamefieldPositionString)
    i.GetAveragePerioduS                     0x000012c4   Section        0  beaconsensor.o(i.GetAveragePerioduS)
    i.GetGamefieldPosition                   0x000012ec   Section        0  gamefieldpositions.o(i.GetGamefieldPosition)
    i.GetKartData                            0x0000134c   Section        0  drs.o(i.GetKartData)
    i.GetMyKart                              0x00001380   Section        0  drs.o(i.GetMyKart)
    i.GetRPML                                0x00001398   Section        0  drivemotorsencoder.o(i.GetRPML)
    i.GetRPMR                                0x000013bc   Section        0  drivemotorsencoder.o(i.GetRPMR)
    i.InitBeaconSensingCapture               0x000013e0   Section        0  beaconsensor.o(i.InitBeaconSensingCapture)
    i.InitDRS_SM                             0x0000148c   Section        0  sm_drs.o(i.InitDRS_SM)
    i.InitDisplay                            0x000014ac   Section        0  display.o(i.InitDisplay)
    i.InitDriveMotorsService                 0x000014b8   Section        0  drivemotorsservice.o(i.InitDriveMotorsService)
    i.InitInputCapturePeriod                 0x000014c4   Section        0  drivemotorsencoder.o(i.InitInputCapturePeriod)
    i.InitMapKeys                            0x000015bc   Section        0  mapkeys.o(i.InitMapKeys)
    i.InitMasterSM                           0x000015c8   Section        0  sm_master.o(i.InitMasterSM)
    i.InitPeriodicInt                        0x000015e4   Section        0  drivemotorspid.o(i.InitPeriodicInt)
    i.InitializeBallLauncher                 0x00001640   Section        0  balllauncher.o(i.InitializeBallLauncher)
    i.InitializeBumpSensors                  0x0000177c   Section        0  bumpsensor.o(i.InitializeBumpSensors)
    i.InitializeDRS                          0x000017b4   Section        0  drs.o(i.InitializeDRS)
    i.InitializeDriveMotors                  0x0000192c   Section        0  drivemotors.o(i.InitializeDriveMotors)
    i.InitializeKartSwitchAndLED             0x00001a4c   Section        0  kartswitchandled.o(i.InitializeKartSwitchAndLED)
    i.IntMasterEnable                        0x00001aa8   Section        0  interrupt.o(i.IntMasterEnable)
    i.IsBeaconSensed                         0x00001ab8   Section        0  beaconsensor.o(i.IsBeaconSensed)
    i.LDriveCaptureResponse                  0x00001ae4   Section        0  drivemotorsencoder.o(i.LDriveCaptureResponse)
    i.PivotCCWwithSetTicks                   0x00001b3c   Section        0  drivemotors.o(i.PivotCCWwithSetTicks)
    i.PivotCWwithSetTicks                    0x00001be8   Section        0  drivemotors.o(i.PivotCWwithSetTicks)
    i.PostDRS_SM                             0x00001c94   Section        0  sm_drs.o(i.PostDRS_SM)
    i.PostDisplay                            0x00001ca4   Section        0  display.o(i.PostDisplay)
    i.PostDriveMotorsService                 0x00001cb4   Section        0  drivemotorsservice.o(i.PostDriveMotorsService)
    i.PostMapKeys                            0x00001cc4   Section        0  mapkeys.o(i.PostMapKeys)
    i.PostMasterSM                           0x00001cd4   Section        0  sm_master.o(i.PostMasterSM)
    i.PrintMyKartStatus                      0x00001ce4   Section        0  display.o(i.PrintMyKartStatus)
    i.RDriveCaptureResponse                  0x00001d58   Section        0  drivemotorsencoder.o(i.RDriveCaptureResponse)
    i.ReadKartSwitch                         0x00001db4   Section        0  kartswitchandled.o(i.ReadKartSwitch)
    i.RotateCCW                              0x00001de8   Section        0  drivemotors.o(i.RotateCCW)
    i.RotateCW                               0x00001e60   Section        0  drivemotors.o(i.RotateCW)
    i.RunBallLaunchingSM                     0x00001ed4   Section        0  sm_balllaunching.o(i.RunBallLaunchingSM)
    i.RunDRS_SM                              0x00002174   Section        0  sm_drs.o(i.RunDRS_SM)
    i.RunDisplay                             0x00002270   Section        0  display.o(i.RunDisplay)
    i.RunDriveMotorsService                  0x00002430   Section        0  drivemotorsservice.o(i.RunDriveMotorsService)
    i.RunMapKeys                             0x00002478   Section        0  mapkeys.o(i.RunMapKeys)
    i.RunMasterSM                            0x000026d8   Section        0  sm_master.o(i.RunMasterSM)
    i.RunObstacleCrossingSM                  0x00002834   Section        0  sm_obstaclecrossing.o(i.RunObstacleCrossingSM)
    i.RunPlayingSM                           0x000029e0   Section        0  sm_playing.o(i.RunPlayingSM)
    i.RunRacingSM                            0x00002b24   Section        0  sm_racing.o(i.RunRacingSM)
    i.SendQuery                              0x00002cd8   Section        0  drs.o(i.SendQuery)
    i.ServoForward                           0x00002d0c   Section        0  balllauncher.o(i.ServoForward)
    i.ServoReverse                           0x00002d4c   Section        0  balllauncher.o(i.ServoReverse)
    i.SetMotorDirection                      0x00002d8c   Section        0  drivemotors.o(i.SetMotorDirection)
    i.SetMotorPWM                            0x00002ddc   Section        0  drivemotors.o(i.SetMotorPWM)
    i.SetPIDgains                            0x00002e54   Section        0  drivemotorspid.o(i.SetPIDgains)
    i.SetRPMResponse                         0x00002e94   Section        0  drivemotorspid.o(i.SetRPMResponse)
    i.SetTargetRPM                           0x00002f94   Section        0  drivemotorspid.o(i.SetTargetRPM)
    i.SetTargetTickCount                     0x00002fa4   Section        0  drivemotorsencoder.o(i.SetTargetTickCount)
    i.StartBallLaunchingSM                   0x00002fc4   Section        0  sm_balllaunching.o(i.StartBallLaunchingSM)
    i.StartMasterSM                          0x00002fd4   Section        0  sm_master.o(i.StartMasterSM)
    i.StartObstacleCrossingSM                0x00002fe4   Section        0  sm_obstaclecrossing.o(i.StartObstacleCrossingSM)
    i.StartPlayingSM                         0x00002ff8   Section        0  sm_playing.o(i.StartPlayingSM)
    i.StartRacingSM                          0x0000300c   Section        0  sm_racing.o(i.StartRacingSM)
    i.StopMotors                             0x00003058   Section        0  drivemotors.o(i.StopMotors)
    i.StoreData                              0x000030a4   Section        0  drs.o(i.StoreData)
    i.SysCtlClockSet                         0x000032f4   Section        0  sysctl.o(i.SysCtlClockSet)
    i.SysCtlPeripheralEnable                 0x00003414   Section        0  sysctl.o(i.SysCtlPeripheralEnable)
    i.SysTickEnable                          0x0000343c   Section        0  systick.o(i.SysTickEnable)
    i.SysTickIntEnable                       0x0000344a   Section        0  systick.o(i.SysTickIntEnable)
    i.SysTickIntHandler                      0x00003458   Section        0  es_port.o(i.SysTickIntHandler)
    i.SysTickPeriodSet                       0x0000346c   Section        0  systick.o(i.SysTickPeriodSet)
    i.TERMIO_GetChar                         0x00003476   Section        0  termio.o(i.TERMIO_GetChar)
    i.TERMIO_Init                            0x0000347c   Section        0  termio.o(i.TERMIO_Init)
    i.TERMIO_PutChar                         0x000034cc   Section        0  termio.o(i.TERMIO_PutChar)
    i.TurnOffRaceLED                         0x000034d8   Section        0  kartswitchandled.o(i.TurnOffRaceLED)
    i.TurnOffShooter                         0x000034ec   Section        0  balllauncher.o(i.TurnOffShooter)
    i.TurnOnRaceLED                          0x0000352c   Section        0  kartswitchandled.o(i.TurnOnRaceLED)
    i.TurnOnShooter                          0x00003540   Section        0  balllauncher.o(i.TurnOnShooter)
    i.UARTCharPut                            0x0000357c   Section        0  uart.o(i.UARTCharPut)
    i.UARTClockSourceSet                     0x00003588   Section        0  uart.o(i.UARTClockSourceSet)
    i.UARTStdioConfig                        0x00003590   Section        0  uartstdio.o(i.UARTStdioConfig)
    i.UARTgetc                               0x000035ec   Section        0  uartstdio.o(i.UARTgetc)
    i._HW_Process_Pending_Ints               0x00003604   Section        0  es_port.o(i._HW_Process_Pending_Ints)
    i._HW_Timer_Init                         0x00003624   Section        0  es_port.o(i._HW_Timer_Init)
    i._is_digit                              0x0000363a   Section        0  __printf_wp.o(i._is_digit)
    i._sys_exit                              0x00003648   Section        0  retarget.o(i._sys_exit)
    i.ferror                                 0x0000364a   Section        0  retarget.o(i.ferror)
    i.fgetc                                  0x00003650   Section        0  retarget.o(i.fgetc)
    i.fputc                                  0x00003654   Section        0  retarget.o(i.fputc)
    i.kbhit                                  0x00003664   Section        0  termio.o(i.kbhit)
    i.main                                   0x00003678   Section        0  main.o(i.main)
    locale$$code                             0x000037cc   Section       44  lc_ctype_c.o(locale$$code)
    x$fpl$d2f                                0x000037f8   Section       98  d2f.o(x$fpl$d2f)
    $v0                                      0x000037f8   Number         0  d2f.o(x$fpl$d2f)
    x$fpl$ddiv                               0x0000385c   Section      688  ddiv.o(x$fpl$ddiv)
    $v0                                      0x0000385c   Number         0  ddiv.o(x$fpl$ddiv)
    ddiv_entry                               0x00003863   Thumb Code     0  ddiv.o(x$fpl$ddiv)
    x$fpl$dfixu                              0x00003b0c   Section       90  dfixu.o(x$fpl$dfixu)
    $v0                                      0x00003b0c   Number         0  dfixu.o(x$fpl$dfixu)
    x$fpl$dfltu                              0x00003b66   Section       38  dflt_clz.o(x$fpl$dfltu)
    $v0                                      0x00003b66   Number         0  dflt_clz.o(x$fpl$dfltu)
    x$fpl$dnaninf                            0x00003b8c   Section      156  dnaninf.o(x$fpl$dnaninf)
    $v0                                      0x00003b8c   Number         0  dnaninf.o(x$fpl$dnaninf)
    x$fpl$dretinf                            0x00003c28   Section       12  dretinf.o(x$fpl$dretinf)
    $v0                                      0x00003c28   Number         0  dretinf.o(x$fpl$dretinf)
    x$fpl$fpinit                             0x00003c34   Section       10  fpinit.o(x$fpl$fpinit)
    $v0                                      0x00003c34   Number         0  fpinit.o(x$fpl$fpinit)
    x$fpl$fretinf                            0x00003c3e   Section       10  fretinf.o(x$fpl$fretinf)
    $v0                                      0x00003c3e   Number         0  fretinf.o(x$fpl$fretinf)
    .constdata                               0x00003c48   Section       12  eventcheckers.o(.constdata)
    x$fpl$usenofp                            0x00003c48   Section        0  usenofp.o(x$fpl$usenofp)
    .constdata                               0x00003c54   Section       28  drs.o(.constdata)
    .constdata                               0x00003c70   Section        4  sm_master.o(.constdata)
    .constdata                               0x00003c74   Section        8  sm_drs.o(.constdata)
    .constdata                               0x00003c7c   Section        4  sm_playing.o(.constdata)
    .constdata                               0x00003c80   Section       12  sm_racing.o(.constdata)
    .constdata                               0x00003c8c   Section        8  sm_obstaclecrossing.o(.constdata)
    .constdata                               0x00003c94   Section        8  sm_balllaunching.o(.constdata)
    .constdata                               0x00003c9c   Section        8  drivemotorsencoder.o(.constdata)
    .constdata                               0x00003ca4   Section       12  es_checkevents.o(.constdata)
    ES_EventList                             0x00003ca4   Data          12  es_checkevents.o(.constdata)
    .constdata                               0x00003cb0   Section       80  es_framework.o(.constdata)
    ServDescList                             0x00003cb0   Data          40  es_framework.o(.constdata)
    EventQueues                              0x00003cd8   Data          40  es_framework.o(.constdata)
    .constdata                               0x00003d00   Section       32  es_lookuptables.o(.constdata)
    .constdata                               0x00003d20   Section       15  es_lookuptables.o(.constdata)
    .constdata                               0x00003d30   Section       64  es_timers.o(.constdata)
    Timer2PostFunc                           0x00003d30   Data          64  es_timers.o(.constdata)
    .constdata                               0x00003d70   Section       28  uartstdio.o(.constdata)
    g_pcHex                                  0x00003d70   Data           4  uartstdio.o(.constdata)
    g_ui32UARTBase                           0x00003d74   Data          12  uartstdio.o(.constdata)
    g_ui32UARTPeriph                         0x00003d80   Data          12  uartstdio.o(.constdata)
    .constdata                               0x00003d8c   Section      528  gpio.o(.constdata)
    g_ppui32GPIOIntMapBlizzard               0x00003d8c   Data         192  gpio.o(.constdata)
    g_ppui32GPIOIntMapSnowflake              0x00003e4c   Data         192  gpio.o(.constdata)
    g_pui32GPIOBaseAddrs                     0x00003f0c   Data         144  gpio.o(.constdata)
    .conststring                             0x00003f9c   Section      317  mapkeys.o(.conststring)
    .conststring                             0x000040dc   Section      107  display.o(.conststring)
    .conststring                             0x00004148   Section      227  drs.o(.conststring)
    .conststring                             0x0000422c   Section      246  drivemotors.o(.conststring)
    .conststring                             0x00004324   Section       17  uartstdio.o(.conststring)
    locale$$data                             0x00004358   Section      272  lc_ctype_c.o(locale$$data)
    __lcctype_c_name                         0x0000435c   Data           2  lc_ctype_c.o(locale$$data)
    __lcctype_c_start                        0x00004364   Data           0  lc_ctype_c.o(locale$$data)
    __lcctype_c_end                          0x00004468   Data           0  lc_ctype_c.o(locale$$data)
    .data                                    0x20000000   Section        2  eventcheckers.o(.data)
    LastBumpState                            0x20000000   Data           1  eventcheckers.o(.data)
    LastIRstate                              0x20000001   Data           1  eventcheckers.o(.data)
    .data                                    0x20000002   Section        1  mapkeys.o(.data)
    MyPriority                               0x20000002   Data           1  mapkeys.o(.data)
    .data                                    0x20000003   Section        1  display.o(.data)
    MyPriority                               0x20000003   Data           1  display.o(.data)
    .data                                    0x20000004   Section       52  drs.o(.data)
    DRS_Data                                 0x2000000c   Data           8  drs.o(.data)
    .data                                    0x20000038   Section        2  sm_master.o(.data)
    CurrentState                             0x20000038   Data           1  sm_master.o(.data)
    MyPriority                               0x20000039   Data           1  sm_master.o(.data)
    .data                                    0x2000003a   Section        4  sm_drs.o(.data)
    MyPriority                               0x2000003a   Data           1  sm_drs.o(.data)
    CurrentState                             0x2000003b   Data           1  sm_drs.o(.data)
    CurrentQuery                             0x2000003c   Data           1  sm_drs.o(.data)
    LastQuery                                0x2000003d   Data           1  sm_drs.o(.data)
    .data                                    0x2000003e   Section        1  sm_playing.o(.data)
    CurrentState                             0x2000003e   Data           1  sm_playing.o(.data)
    .data                                    0x2000003f   Section        5  sm_racing.o(.data)
    WillCrossObstacle                        0x2000003f   Data           1  sm_racing.o(.data)
    WillBallLaunch                           0x20000040   Data           1  sm_racing.o(.data)
    MotorTimeoutCase                         0x20000041   Data           1  sm_racing.o(.data)
    CurrentState                             0x20000042   Data           1  sm_racing.o(.data)
    CurrentStraight                          0x20000043   Data           1  sm_racing.o(.data)
    .data                                    0x20000044   Section        2  sm_obstaclecrossing.o(.data)
    MotorTimeoutCase                         0x20000044   Data           1  sm_obstaclecrossing.o(.data)
    CurrentState                             0x20000045   Data           1  sm_obstaclecrossing.o(.data)
    .data                                    0x20000046   Section        2  sm_balllaunching.o(.data)
    MotorTimeoutCase                         0x20000046   Data           1  sm_balllaunching.o(.data)
    CurrentState                             0x20000047   Data           1  sm_balllaunching.o(.data)
    .data                                    0x20000048   Section        4  drivemotors.o(.data)
    RightMotorDutyCycle                      0x20000048   Data           1  drivemotors.o(.data)
    LeftMotorDutyCycle                       0x20000049   Data           1  drivemotors.o(.data)
    RightMotorDirection                      0x2000004a   Data           1  drivemotors.o(.data)
    LeftMotorDirection                       0x2000004b   Data           1  drivemotors.o(.data)
    .data                                    0x2000004c   Section        1  drivemotorsservice.o(.data)
    MyPriority                               0x2000004c   Data           1  drivemotorsservice.o(.data)
    .data                                    0x20000050   Section       44  drivemotorsencoder.o(.data)
    TargetTickRHasBeenSet                    0x20000050   Data           1  drivemotorsencoder.o(.data)
    TargetTickLHasBeenSet                    0x20000051   Data           1  drivemotorsencoder.o(.data)
    TickCountR                               0x20000054   Data           4  drivemotorsencoder.o(.data)
    TickCountL                               0x20000058   Data           4  drivemotorsencoder.o(.data)
    PeriodR                                  0x2000005c   Data           4  drivemotorsencoder.o(.data)
    PeriodL                                  0x20000060   Data           4  drivemotorsencoder.o(.data)
    LastCaptureR                             0x20000064   Data           4  drivemotorsencoder.o(.data)
    LastCaptureL                             0x20000068   Data           4  drivemotorsencoder.o(.data)
    RPMR                                     0x2000006c   Data           4  drivemotorsencoder.o(.data)
    RPML                                     0x20000070   Data           4  drivemotorsencoder.o(.data)
    TargetTickCountR                         0x20000074   Data           4  drivemotorsencoder.o(.data)
    TargetTickCountL                         0x20000078   Data           4  drivemotorsencoder.o(.data)
    .data                                    0x2000007c   Section       48  drivemotorspid.o(.data)
    PIDcontrolEnabled                        0x2000007c   Data           1  drivemotorspid.o(.data)
    SumErrorR                                0x20000080   Data           4  drivemotorspid.o(.data)
    SumErrorL                                0x20000084   Data           4  drivemotorspid.o(.data)
    pGain                                    0x20000088   Data           4  drivemotorspid.o(.data)
    iGain                                    0x2000008c   Data           4  drivemotorspid.o(.data)
    dGain                                    0x20000090   Data           4  drivemotorspid.o(.data)
    TargetRPMR                               0x20000094   Data           4  drivemotorspid.o(.data)
    TargetRPML                               0x20000098   Data           4  drivemotorspid.o(.data)
    RPMErrorR                                0x2000009c   Data           4  drivemotorspid.o(.data)
    LastErrorR                               0x200000a0   Data           4  drivemotorspid.o(.data)
    RPMErrorL                                0x200000a4   Data           4  drivemotorspid.o(.data)
    LastErrorL                               0x200000a8   Data           4  drivemotorspid.o(.data)
    .data                                    0x200000ac   Section       12  beaconsensor.o(.data)
    Period                                   0x200000b0   Data           4  beaconsensor.o(.data)
    LastCapture                              0x200000b4   Data           4  beaconsensor.o(.data)
    .data                                    0x200000b8   Section        6  es_framework.o(.data)
    ThisEvent                                0x200000ba   Data           4  es_framework.o(.data)
    .data                                    0x200000be   Section        4  es_port.o(.data)
    TickCount                                0x200000be   Data           1  es_port.o(.data)
    SysTickCounter                           0x200000c0   Data           2  es_port.o(.data)
    .data                                    0x200000c4   Section        4  es_queue.o(.data)
    .data                                    0x200000c8   Section       10  es_timers.o(.data)
    NextTimer2Process                        0x200000c8   Data           1  es_timers.o(.data)
    NeedsProcessing                          0x200000ca   Data           2  es_timers.o(.data)
    TMR_ActiveFlags                          0x200000cc   Data           2  es_timers.o(.data)
    NewEvent                                 0x200000ce   Data           4  es_timers.o(.data)
    .data                                    0x200000d4   Section        4  retarget.o(.data)
    .data                                    0x200000d8   Section        4  retarget.o(.data)
    .data                                    0x200000dc   Section        8  uartstdio.o(.data)
    bLastWasCR                               0x200000dc   Data           1  uartstdio.o(.data)
    g_ui32Base                               0x200000e0   Data           4  uartstdio.o(.data)
    .bss                                     0x200000e4   Section       32  beaconsensor.o(.bss)
    periodArray                              0x200000e4   Data          32  beaconsensor.o(.bss)
    .bss                                     0x20000104   Section       12  es_framework.o(.bss)
    Queue0                                   0x20000104   Data          12  es_framework.o(.bss)
    .bss                                     0x20000110   Section       16  es_framework.o(.bss)
    Queue1                                   0x20000110   Data          16  es_framework.o(.bss)
    .bss                                     0x20000120   Section       16  es_framework.o(.bss)
    Queue2                                   0x20000120   Data          16  es_framework.o(.bss)
    .bss                                     0x20000130   Section       16  es_framework.o(.bss)
    Queue3                                   0x20000130   Data          16  es_framework.o(.bss)
    .bss                                     0x20000140   Section       16  es_framework.o(.bss)
    Queue4                                   0x20000140   Data          16  es_framework.o(.bss)
    .bss                                     0x20000150   Section       32  es_timers.o(.bss)
    TMR_TimerArray                           0x20000150   Data          32  es_timers.o(.bss)
    .bss                                     0x20000170   Section       96  libspace.o(.bss)
    HEAP                                     0x200001d0   Section        0  startup_rvmdk.o(HEAP)
    STACK                                    0x200001d0   Section     2048  startup_rvmdk.o(STACK)
    HeapMem                                  0x200001d0   Data           0  startup_rvmdk.o(HEAP)
    StackMem                                 0x200001d0   Data           0  startup_rvmdk.o(STACK)

    Global Symbols

    Symbol Name                              Value     Ov Type        Size  Object(Section)

    BuildAttributes$$THM_ISAv4$E$P$D$K$B$S$7EM$VFPi3$EXTD16$VFPS$VFMA$PE$A:L22UL41UL21$X:L11$S22US41US21$IEEE1$IW$USESV6$~STKCKD$USESV7$~SHL$OTIME$ROPI$IEEEX$EBA8$UX$STANDARDLIB$REQ8$PRES8$EABIv2 0x00000000   Number         0  anon$$obj.o ABSOLUTE
    __ARM_use_no_argv                        0x00000000   Number         0  main.o ABSOLUTE
    __Vectors                                0x00000000   Data           0  startup_rvmdk.o(RESET)
    _printf_flags                            0x00000000   Number         0  printf_stubs.o ABSOLUTE
    _printf_return_value                     0x00000000   Number         0  printf_stubs.o ABSOLUTE
    _printf_sizespec                         0x00000000   Number         0  printf_stubs.o ABSOLUTE
    _printf_widthprec                        0x00000000   Number         0  printf_stubs.o ABSOLUTE
    __ARM_exceptions_init                     - Undefined Weak Reference
    __alloca_initialize                       - Undefined Weak Reference
    __cpp_initialize__aeabi_                  - Undefined Weak Reference
    __cxa_finalize                            - Undefined Weak Reference
    __sigvec_lookup                           - Undefined Weak Reference
    _atexit_init                              - Undefined Weak Reference
    _call_atexit_fns                          - Undefined Weak Reference
    _clock_init                               - Undefined Weak Reference
    _fp_trap_init                             - Undefined Weak Reference
    _fp_trap_shutdown                         - Undefined Weak Reference
    _get_lc_collate                           - Undefined Weak Reference
    _get_lc_monetary                          - Undefined Weak Reference
    _get_lc_numeric                           - Undefined Weak Reference
    _get_lc_time                              - Undefined Weak Reference
    _getenv_init                              - Undefined Weak Reference
    _handle_redirection                       - Undefined Weak Reference
    _init_alloc                               - Undefined Weak Reference
    _init_user_alloc                          - Undefined Weak Reference
    _initio                                   - Undefined Weak Reference
    _printf_mbtowc                            - Undefined Weak Reference
    _printf_truncate_signed                   - Undefined Weak Reference
    _printf_truncate_unsigned                 - Undefined Weak Reference
    _rand_init                                - Undefined Weak Reference
    _signal_finish                            - Undefined Weak Reference
    _signal_init                              - Undefined Weak Reference
    _terminate_alloc                          - Undefined Weak Reference
    _terminate_user_alloc                     - Undefined Weak Reference
    _terminateio                              - Undefined Weak Reference
    Reset_Handler                            0x0000026d   Thumb Code     0  startup_rvmdk.o(RESET)
    __main                                   0x00000289   Thumb Code     8  __main.o(!!!main)
    __scatterload                            0x00000291   Thumb Code     0  __scatter.o(!!!scatter)
    __scatterload_rt2                        0x00000291   Thumb Code    44  __scatter.o(!!!scatter)
    __scatterload_rt2_thumb_only             0x00000291   Thumb Code     0  __scatter.o(!!!scatter)
    __scatterload_null                       0x0000029f   Thumb Code     0  __scatter.o(!!!scatter)
    __scatterload_copy                       0x000002c5   Thumb Code    26  __scatter_copy.o(!!handler_copy)
    __scatterload_zeroinit                   0x000002e1   Thumb Code    28  __scatter_zi.o(!!handler_zi)
    _printf_d                                0x000002fd   Thumb Code     0  _printf_d.o(.ARM.Collect$$_printf_percent$$00000009)
    _printf_percent                          0x000002fd   Thumb Code     0  _printf_percent.o(.ARM.Collect$$_printf_percent$$00000000)
    _printf_s                                0x00000303   Thumb Code     0  _printf_s.o(.ARM.Collect$$_printf_percent$$00000014)
    _printf_percent_end                      0x00000309   Thumb Code     0  _printf_percent_end.o(.ARM.Collect$$_printf_percent$$00000017)
    __rt_lib_init                            0x0000030d   Thumb Code     0  libinit.o(.ARM.Collect$$libinit$$00000000)
    __rt_lib_init_fp_1                       0x0000030f   Thumb Code     0  libinit2.o(.ARM.Collect$$libinit$$00000001)
    __rt_lib_init_heap_1                     0x00000313   Thumb Code     0  libinit2.o(.ARM.Collect$$libinit$$00000008)
    __rt_lib_init_lc_common                  0x00000313   Thumb Code     0  libinit2.o(.ARM.Collect$$libinit$$0000000D)
    __rt_lib_init_rand_1                     0x00000313   Thumb Code     0  libinit2.o(.ARM.Collect$$libinit$$0000000C)
    __rt_lib_init_user_alloc_1               0x00000313   Thumb Code     0  libinit2.o(.ARM.Collect$$libinit$$0000000A)
    __rt_lib_init_lc_collate_1               0x00000319   Thumb Code     0  libinit2.o(.ARM.Collect$$libinit$$0000000F)
    __rt_lib_init_lc_ctype_2                 0x00000319   Thumb Code     0  libinit2.o(.ARM.Collect$$libinit$$00000010)
    __rt_lib_init_alloca_1                   0x00000325   Thumb Code     0  libinit2.o(.ARM.Collect$$libinit$$0000002C)
    __rt_lib_init_argv_1                     0x00000325   Thumb Code     0  libinit2.o(.ARM.Collect$$libinit$$0000002A)
    __rt_lib_init_atexit_1                   0x00000325   Thumb Code     0  libinit2.o(.ARM.Collect$$libinit$$00000019)
    __rt_lib_init_clock_1                    0x00000325   Thumb Code     0  libinit2.o(.ARM.Collect$$libinit$$0000001F)
    __rt_lib_init_cpp_1                      0x00000325   Thumb Code     0  libinit2.o(.ARM.Collect$$libinit$$00000030)
    __rt_lib_init_exceptions_1               0x00000325   Thumb Code     0  libinit2.o(.ARM.Collect$$libinit$$0000002E)
    __rt_lib_init_fp_trap_1                  0x00000325   Thumb Code     0  libinit2.o(.ARM.Collect$$libinit$$0000001D)
    __rt_lib_init_getenv_1                   0x00000325   Thumb Code     0  libinit2.o(.ARM.Collect$$libinit$$00000021)
    __rt_lib_init_lc_ctype_1                 0x00000325   Thumb Code     0  libinit2.o(.ARM.Collect$$libinit$$00000011)
    __rt_lib_init_lc_monetary_1              0x00000325   Thumb Code     0  libinit2.o(.ARM.Collect$$libinit$$00000013)
    __rt_lib_init_lc_numeric_1               0x00000325   Thumb Code     0  libinit2.o(.ARM.Collect$$libinit$$00000015)
    __rt_lib_init_lc_time_1                  0x00000325   Thumb Code     0  libinit2.o(.ARM.Collect$$libinit$$00000017)
    __rt_lib_init_return                     0x00000325   Thumb Code     0  libinit2.o(.ARM.Collect$$libinit$$00000031)
    __rt_lib_init_signal_1                   0x00000325   Thumb Code     0  libinit2.o(.ARM.Collect$$libinit$$0000001B)
    __rt_lib_init_stdio_1                    0x00000325   Thumb Code     0  libinit2.o(.ARM.Collect$$libinit$$00000023)
    __rt_lib_shutdown                        0x00000327   Thumb Code     0  libshutdown.o(.ARM.Collect$$libshutdown$$00000000)
    __rt_lib_shutdown_fp_trap_1              0x00000329   Thumb Code     0  libshutdown2.o(.ARM.Collect$$libshutdown$$00000006)
    __rt_lib_shutdown_heap_1                 0x00000329   Thumb Code     0  libshutdown2.o(.ARM.Collect$$libshutdown$$0000000E)
    __rt_lib_shutdown_return                 0x00000329   Thumb Code     0  libshutdown2.o(.ARM.Collect$$libshutdown$$0000000F)
    __rt_lib_shutdown_signal_1               0x00000329   Thumb Code     0  libshutdown2.o(.ARM.Collect$$libshutdown$$00000009)
    __rt_lib_shutdown_stdio_1                0x00000329   Thumb Code     0  libshutdown2.o(.ARM.Collect$$libshutdown$$00000003)
    __rt_lib_shutdown_user_alloc_1           0x00000329   Thumb Code     0  libshutdown2.o(.ARM.Collect$$libshutdown$$0000000B)
    __rt_entry                               0x0000032b   Thumb Code     0  rtentry.o(.ARM.Collect$$rtentry$$00000000)
    __rt_entry_presh_1                       0x0000032b   Thumb Code     0  rtentry2.o(.ARM.Collect$$rtentry$$00000002)
    __rt_entry_sh                            0x0000032b   Thumb Code     0  rtentry4.o(.ARM.Collect$$rtentry$$00000004)
    __rt_entry_li                            0x00000331   Thumb Code     0  rtentry2.o(.ARM.Collect$$rtentry$$0000000A)
    __rt_entry_postsh_1                      0x00000331   Thumb Code     0  rtentry2.o(.ARM.Collect$$rtentry$$00000009)
    __rt_entry_main                          0x00000335   Thumb Code     0  rtentry2.o(.ARM.Collect$$rtentry$$0000000D)
    __rt_entry_postli_1                      0x00000335   Thumb Code     0  rtentry2.o(.ARM.Collect$$rtentry$$0000000C)
    __rt_exit                                0x0000033d   Thumb Code     0  rtexit.o(.ARM.Collect$$rtexit$$00000000)
    __rt_exit_ls                             0x0000033f   Thumb Code     0  rtexit2.o(.ARM.Collect$$rtexit$$00000003)
    __rt_exit_prels_1                        0x0000033f   Thumb Code     0  rtexit2.o(.ARM.Collect$$rtexit$$00000002)
    __rt_exit_exit                           0x00000343   Thumb Code     0  rtexit2.o(.ARM.Collect$$rtexit$$00000004)
    SysCtlDelay                              0x00000349   Thumb Code     6  sysctl.o(.emb_text)
    CPUcpsid                                 0x00000351   Thumb Code     8  cpu.o(.emb_text)
    CPUprimask                               0x00000359   Thumb Code     6  cpu.o(.emb_text)
    CPUcpsie                                 0x0000035f   Thumb Code     8  cpu.o(.emb_text)
    CPUwfi                                   0x00000367   Thumb Code     4  cpu.o(.emb_text)
    CPUbasepriSet                            0x0000036b   Thumb Code     6  cpu.o(.emb_text)
    CPUbasepriGet                            0x00000371   Thumb Code     6  cpu.o(.emb_text)
    __user_initial_stackheap                 0x00000379   Thumb Code     0  startup_rvmdk.o(.text)
    __I$use$semihosting                      0x00000391   Thumb Code     0  use_no_semi.o(.text)
    __use_no_semihosting_swi                 0x00000391   Thumb Code     2  use_no_semi.o(.text)
    __aeabi_ldivmod                          0x00000393   Thumb Code     0  llsdiv.o(.text)
    _ll_sdiv                                 0x00000393   Thumb Code    72  llsdiv.o(.text)
    toupper                                  0x000003db   Thumb Code    30  toupper.o(.text)
    __2printf                                0x000003f9   Thumb Code    20  noretval__2printf.o(.text)
    _printf_str                              0x00000411   Thumb Code    82  _printf_str.o(.text)
    _printf_int_dec                          0x00000465   Thumb Code   100  _printf_dec.o(.text)
    __printf                                 0x000004d9   Thumb Code   270  __printf_wp.o(.text)
    getc                                     0x000005e7   Thumb Code     4  getc.o(.text)
    puts                                     0x000005ed   Thumb Code    40  puts.o(.text)
    __use_two_region_memory                  0x00000619   Thumb Code     2  heapauxi.o(.text)
    __rt_heap_escrow$2region                 0x0000061b   Thumb Code     2  heapauxi.o(.text)
    __rt_heap_expand$2region                 0x0000061d   Thumb Code     2  heapauxi.o(.text)
    __rt_ctype_table                         0x00000621   Thumb Code    16  rt_ctype_table.o(.text)
    __aeabi_uldivmod                         0x00000631   Thumb Code     0  lludivv7m.o(.text)
    _ll_udiv                                 0x00000631   Thumb Code   238  lludivv7m.o(.text)
    _printf_int_common                       0x0000071f   Thumb Code   178  _printf_intcommon.o(.text)
    _printf_cs_common                        0x000007d1   Thumb Code    20  _printf_char.o(.text)
    _printf_char                             0x000007e5   Thumb Code    16  _printf_char.o(.text)
    _printf_string                           0x000007f5   Thumb Code     8  _printf_char.o(.text)
    _printf_char_file                        0x000007fd   Thumb Code    32  _printf_char_file.o(.text)
    __rt_locale                              0x00000821   Thumb Code     8  rt_locale_intlibspace.o(.text)
    _printf_char_common                      0x00000833   Thumb Code    32  _printf_char_common.o(.text)
    __user_libspace                          0x00000859   Thumb Code     8  libspace.o(.text)
    __user_perproc_libspace                  0x00000859   Thumb Code     0  libspace.o(.text)
    __user_perthread_libspace                0x00000859   Thumb Code     0  libspace.o(.text)
    __user_setup_stackheap                   0x00000861   Thumb Code    74  sys_stackheap_outer.o(.text)
    exit                                     0x000008ab   Thumb Code    12  exit.o(.text)
    strcmp                                   0x000008b9   Thumb Code   128  strcmpv7m.o(.text)
    BeaconSensedCaptureResponse              0x00000939   Thumb Code    44  beaconsensor.o(i.BeaconSensedCaptureResponse)
    BumpSensorDetected                       0x00000971   Thumb Code    14  bumpsensor.o(i.BumpSensorDetected)
    CPUgetPRIMASK_cpsid                      0x00000985   Thumb Code     8  es_port.o(i.CPUgetPRIMASK_cpsid)
    CPUsetPRIMASK                            0x0000098d   Thumb Code     6  es_port.o(i.CPUsetPRIMASK)
    Check4Keystroke                          0x00000995   Thumb Code    40  eventcheckers.o(i.Check4Keystroke)
    CheckBumpSensor                          0x000009c1   Thumb Code    48  eventcheckers.o(i.CheckBumpSensor)
    CheckIRSensor                            0x000009f9   Thumb Code    52  eventcheckers.o(i.CheckIRSensor)
    ClearSumError                            0x00000a35   Thumb Code    16  drivemotorspid.o(i.ClearSumError)
    DisablePIDcontrol                        0x00000a4d   Thumb Code     8  drivemotorspid.o(i.DisablePIDcontrol)
    DriveBackward                            0x00000a59   Thumb Code    72  drivemotors.o(i.DriveBackward)
    DriveBackwardsWithBias                   0x00000ad5   Thumb Code    76  drivemotors.o(i.DriveBackwardsWithBias)
    DriveForward                             0x00000b25   Thumb Code    72  drivemotors.o(i.DriveForward)
    DriveForwardWithBias                     0x00000b9d   Thumb Code    76  drivemotors.o(i.DriveForwardWithBias)
    DriveForwardWithSetDistance              0x00000bed   Thumb Code    92  drivemotors.o(i.DriveForwardWithSetDistance)
    EOTIntHandler                            0x00000d3d   Thumb Code    34  drs.o(i.EOTIntHandler)
    ES_CheckUserEvents                       0x00000d6d   Thumb Code    34  es_checkevents.o(i.ES_CheckUserEvents)
    ES_DeQueue                               0x00000d95   Thumb Code    80  es_queue.o(i.ES_DeQueue)
    ES_EnQueueFIFO                           0x00000de9   Thumb Code    66  es_queue.o(i.ES_EnQueueFIFO)
    ES_GetMSBitSet                           0x00000e31   Thumb Code    48  es_lookuptables.o(i.ES_GetMSBitSet)
    ES_InitQueue                             0x00000e65   Thumb Code    16  es_queue.o(i.ES_InitQueue)
    ES_Initialize                            0x00000e75   Thumb Code    72  es_framework.o(i.ES_Initialize)
    ES_PostToService                         0x00000ec1   Thumb Code    42  es_framework.o(i.ES_PostToService)
    ES_Run                                   0x00000ef9   Thumb Code    84  es_framework.o(i.ES_Run)
    ES_Timer_Init                            0x00000f59   Thumb Code     4  es_timers.o(i.ES_Timer_Init)
    ES_Timer_InitTimer                       0x00000f5d   Thumb Code    44  es_timers.o(i.ES_Timer_InitTimer)
    ES_Timer_StopTimer                       0x00000f99   Thumb Code    28  es_timers.o(i.ES_Timer_StopTimer)
    ES_Timer_Tick_Resp                       0x00000fbd   Thumb Code    90  es_timers.o(i.ES_Timer_Tick_Resp)
    EnablePIDcontrol                         0x00001029   Thumb Code     8  drivemotorspid.o(i.EnablePIDcontrol)
    GPIODirModeSet                           0x00001035   Thumb Code    40  gpio.o(i.GPIODirModeSet)
    GPIOPadConfigSet                         0x0000105d   Thumb Code   314  gpio.o(i.GPIOPadConfigSet)
    GPIOPinConfigure                         0x00001199   Thumb Code    64  gpio.o(i.GPIOPinConfigure)
    GPIOPinTypeUART                          0x000011e1   Thumb Code    28  gpio.o(i.GPIOPinTypeUART)
    GamefieldPositionString                  0x000011fd   Thumb Code    62  gamefieldpositions.o(i.GamefieldPositionString)
    GetAveragePerioduS                       0x000012c5   Thumb Code    32  beaconsensor.o(i.GetAveragePerioduS)
    GetGamefieldPosition                     0x000012ed   Thumb Code    94  gamefieldpositions.o(i.GetGamefieldPosition)
    GetKartData                              0x0000134d   Thumb Code    48  drs.o(i.GetKartData)
    GetMyKart                                0x00001381   Thumb Code    18  drs.o(i.GetMyKart)
    GetRPML                                  0x00001399   Thumb Code    24  drivemotorsencoder.o(i.GetRPML)
    GetRPMR                                  0x000013bd   Thumb Code    24  drivemotorsencoder.o(i.GetRPMR)
    InitBeaconSensingCapture                 0x000013e1   Thumb Code   150  beaconsensor.o(i.InitBeaconSensingCapture)
    InitDRS_SM                               0x0000148d   Thumb Code    26  sm_drs.o(i.InitDRS_SM)
    InitDisplay                              0x000014ad   Thumb Code     8  display.o(i.InitDisplay)
    InitDriveMotorsService                   0x000014b9   Thumb Code     8  drivemotorsservice.o(i.InitDriveMotorsService)
    InitInputCapturePeriod                   0x000014c5   Thumb Code   226  drivemotorsencoder.o(i.InitInputCapturePeriod)
    InitMapKeys                              0x000015bd   Thumb Code     8  mapkeys.o(i.InitMapKeys)
    InitMasterSM                             0x000015c9   Thumb Code    22  sm_master.o(i.InitMasterSM)
    InitPeriodicInt                          0x000015e5   Thumb Code    84  drivemotorspid.o(i.InitPeriodicInt)
    InitializeBallLauncher                   0x00001641   Thumb Code   266  balllauncher.o(i.InitializeBallLauncher)
    InitializeBumpSensors                    0x0000177d   Thumb Code    44  bumpsensor.o(i.InitializeBumpSensors)
    InitializeDRS                            0x000017b5   Thumb Code   272  drs.o(i.InitializeDRS)
    InitializeDriveMotors                    0x0000192d   Thumb Code   236  drivemotors.o(i.InitializeDriveMotors)
    InitializeKartSwitchAndLED               0x00001a4d   Thumb Code    72  kartswitchandled.o(i.InitializeKartSwitchAndLED)
    IntMasterEnable                          0x00001aa9   Thumb Code    14  interrupt.o(i.IntMasterEnable)
    IsBeaconSensed                           0x00001ab9   Thumb Code    38  beaconsensor.o(i.IsBeaconSensed)
    LDriveCaptureResponse                    0x00001ae5   Thumb Code    72  drivemotorsencoder.o(i.LDriveCaptureResponse)
    PivotCCWwithSetTicks                     0x00001b3d   Thumb Code    80  drivemotors.o(i.PivotCCWwithSetTicks)
    PivotCWwithSetTicks                      0x00001be9   Thumb Code    80  drivemotors.o(i.PivotCWwithSetTicks)
    PostDRS_SM                               0x00001c95   Thumb Code    10  sm_drs.o(i.PostDRS_SM)
    PostDisplay                              0x00001ca5   Thumb Code    10  display.o(i.PostDisplay)
    PostDriveMotorsService                   0x00001cb5   Thumb Code    10  drivemotorsservice.o(i.PostDriveMotorsService)
    PostMapKeys                              0x00001cc5   Thumb Code    10  mapkeys.o(i.PostMapKeys)
    PostMasterSM                             0x00001cd5   Thumb Code    10  sm_master.o(i.PostMasterSM)
    PrintMyKartStatus                        0x00001ce5   Thumb Code   112  display.o(i.PrintMyKartStatus)
    RDriveCaptureResponse                    0x00001d59   Thumb Code    74  drivemotorsencoder.o(i.RDriveCaptureResponse)
    ReadKartSwitch                           0x00001db5   Thumb Code    46  kartswitchandled.o(i.ReadKartSwitch)
    RotateCCW                                0x00001de9   Thumb Code    72  drivemotors.o(i.RotateCCW)
    RotateCW                                 0x00001e61   Thumb Code    72  drivemotors.o(i.RotateCW)
    RunBallLaunchingSM                       0x00001ed5   Thumb Code   460  sm_balllaunching.o(i.RunBallLaunchingSM)
    RunDRS_SM                                0x00002175   Thumb Code   244  sm_drs.o(i.RunDRS_SM)
    RunDisplay                               0x00002271   Thumb Code   110  display.o(i.RunDisplay)
    RunDriveMotorsService                    0x00002431   Thumb Code    48  drivemotorsservice.o(i.RunDriveMotorsService)
    RunMapKeys                               0x00002479   Thumb Code   594  mapkeys.o(i.RunMapKeys)
    RunMasterSM                              0x000026d9   Thumb Code   230  sm_master.o(i.RunMasterSM)
    RunObstacleCrossingSM                    0x00002835   Thumb Code   280  sm_obstaclecrossing.o(i.RunObstacleCrossingSM)
    RunPlayingSM                             0x000029e1   Thumb Code   224  sm_playing.o(i.RunPlayingSM)
    RunRacingSM                              0x00002b25   Thumb Code   332  sm_racing.o(i.RunRacingSM)
    SendQuery                                0x00002cd9   Thumb Code    42  drs.o(i.SendQuery)
    ServoForward                             0x00002d0d   Thumb Code    24  balllauncher.o(i.ServoForward)
    ServoReverse                             0x00002d4d   Thumb Code    24  balllauncher.o(i.ServoReverse)
    SetMotorDirection                        0x00002d8d   Thumb Code    72  drivemotors.o(i.SetMotorDirection)
    SetMotorPWM                              0x00002ddd   Thumb Code   110  drivemotors.o(i.SetMotorPWM)
    SetPIDgains                              0x00002e55   Thumb Code    60  drivemotorspid.o(i.SetPIDgains)
    SetRPMResponse                           0x00002e95   Thumb Code   248  drivemotorspid.o(i.SetRPMResponse)
    SetTargetRPM                             0x00002f95   Thumb Code    12  drivemotorspid.o(i.SetTargetRPM)
    SetTargetTickCount                       0x00002fa5   Thumb Code    26  drivemotorsencoder.o(i.SetTargetTickCount)
    StartBallLaunchingSM                     0x00002fc5   Thumb Code    10  sm_balllaunching.o(i.StartBallLaunchingSM)
    StartMasterSM                            0x00002fd5   Thumb Code    10  sm_master.o(i.StartMasterSM)
    StartObstacleCrossingSM                  0x00002fe5   Thumb Code    16  sm_obstaclecrossing.o(i.StartObstacleCrossingSM)
    StartPlayingSM                           0x00002ff9   Thumb Code    16  sm_playing.o(i.StartPlayingSM)
    StartRacingSM                            0x0000300d   Thumb Code    70  sm_racing.o(i.StartRacingSM)
    StopMotors                               0x00003059   Thumb Code    44  drivemotors.o(i.StopMotors)
    StoreData                                0x000030a5   Thumb Code   576  drs.o(i.StoreData)
    SysCtlClockSet                           0x000032f5   Thumb Code   270  sysctl.o(i.SysCtlClockSet)
    SysCtlPeripheralEnable                   0x00003415   Thumb Code    36  sysctl.o(i.SysCtlPeripheralEnable)
    SysTickEnable                            0x0000343d   Thumb Code    14  systick.o(i.SysTickEnable)
    SysTickIntEnable                         0x0000344b   Thumb Code    14  systick.o(i.SysTickIntEnable)
    SysTickIntHandler                        0x00003459   Thumb Code    16  es_port.o(i.SysTickIntHandler)
    SysTickPeriodSet                         0x0000346d   Thumb Code    10  systick.o(i.SysTickPeriodSet)
    TERMIO_GetChar                           0x00003477   Thumb Code     4  termio.o(i.TERMIO_GetChar)
    TERMIO_Init                              0x0000347d   Thumb Code    62  termio.o(i.TERMIO_Init)
    TERMIO_PutChar                           0x000034cd   Thumb Code     8  termio.o(i.TERMIO_PutChar)
    TurnOffRaceLED                           0x000034d9   Thumb Code    16  kartswitchandled.o(i.TurnOffRaceLED)
    TurnOffShooter                           0x000034ed   Thumb Code    26  balllauncher.o(i.TurnOffShooter)
    TurnOnRaceLED                            0x0000352d   Thumb Code    16  kartswitchandled.o(i.TurnOnRaceLED)
    TurnOnShooter                            0x00003541   Thumb Code    26  balllauncher.o(i.TurnOnShooter)
    UARTCharPut                              0x0000357d   Thumb Code    12  uart.o(i.UARTCharPut)
    UARTClockSourceSet                       0x00003589   Thumb Code     6  uart.o(i.UARTClockSourceSet)
    UARTStdioConfig                          0x00003591   Thumb Code    82  uartstdio.o(i.UARTStdioConfig)
    UARTgetc                                 0x000035ed   Thumb Code    20  uartstdio.o(i.UARTgetc)
    _HW_Process_Pending_Ints                 0x00003605   Thumb Code    26  es_port.o(i._HW_Process_Pending_Ints)
    _HW_Timer_Init                           0x00003625   Thumb Code    22  es_port.o(i._HW_Timer_Init)
    _is_digit                                0x0000363b   Thumb Code    14  __printf_wp.o(i._is_digit)
    _sys_exit                                0x00003649   Thumb Code     2  retarget.o(i._sys_exit)
    ferror                                   0x0000364b   Thumb Code     6  retarget.o(i.ferror)
    fgetc                                    0x00003651   Thumb Code     4  retarget.o(i.fgetc)
    fputc                                    0x00003655   Thumb Code    14  retarget.o(i.fputc)
    kbhit                                    0x00003665   Thumb Code    16  termio.o(i.kbhit)
    main                                     0x00003679   Thumb Code   116  main.o(i.main)
    _get_lc_ctype                            0x000037cd   Thumb Code    44  lc_ctype_c.o(locale$$code)
    __aeabi_d2f                              0x000037f9   Thumb Code     0  d2f.o(x$fpl$d2f)
    _d2f                                     0x000037f9   Thumb Code    98  d2f.o(x$fpl$d2f)
    __aeabi_ddiv                             0x0000385d   Thumb Code     0  ddiv.o(x$fpl$ddiv)
    _ddiv                                    0x0000385d   Thumb Code   552  ddiv.o(x$fpl$ddiv)
    __aeabi_d2uiz                            0x00003b0d   Thumb Code     0  dfixu.o(x$fpl$dfixu)
    _dfixu                                   0x00003b0d   Thumb Code    90  dfixu.o(x$fpl$dfixu)
    __aeabi_ui2d                             0x00003b67   Thumb Code     0  dflt_clz.o(x$fpl$dfltu)
    _dfltu                                   0x00003b67   Thumb Code    38  dflt_clz.o(x$fpl$dfltu)
    __fpl_dnaninf                            0x00003b8d   Thumb Code   156  dnaninf.o(x$fpl$dnaninf)
    __fpl_dretinf                            0x00003c29   Thumb Code    12  dretinf.o(x$fpl$dretinf)
    _fp_init                                 0x00003c35   Thumb Code    10  fpinit.o(x$fpl$fpinit)
    __fplib_config_fpu_vfp                   0x00003c3d   Thumb Code     0  fpinit.o(x$fpl$fpinit)
    __fplib_config_pureend_doubles           0x00003c3d   Thumb Code     0  fpinit.o(x$fpl$fpinit)
    __fpl_fretinf                            0x00003c3f   Thumb Code    10  fretinf.o(x$fpl$fretinf)
    __I$use$fp                               0x00003c48   Number         0  usenofp.o(x$fpl$usenofp)
    BitNum2SetMask                           0x00003d00   Data          32  es_lookuptables.o(.constdata)
    Nybble2MSBitNum                          0x00003d20   Data          15  es_lookuptables.o(.constdata)
    Region$$Table$$Base                      0x00004338   Number         0  anon$$obj.o(Region$$Table)
    Region$$Table$$Limit                     0x00004358   Number         0  anon$$obj.o(Region$$Table)
    __ctype                                  0x00004365   Data           0  lc_ctype_c.o(locale$$data)
    CurrentQuery                             0x20000004   Data           1  drs.o(.data)
    MyKart                                   0x20000008   Data           4  drs.o(.data)
    Kart1                                    0x20000014   Data          12  drs.o(.data)
    Kart2                                    0x20000020   Data          12  drs.o(.data)
    Kart3                                    0x2000002c   Data          12  drs.o(.data)
    arrayCounter                             0x200000ac   Data           4  beaconsensor.o(.data)
    Ready                                    0x200000b8   Data           2  es_framework.o(.data)
    _PRIMASK_temp                            0x200000c4   Data           4  es_queue.o(.data)
    __stdout                                 0x200000d4   Data           4  retarget.o(.data)
    __stdin                                  0x200000d8   Data           4  retarget.o(.data)
    __libspace_start                         0x20000170   Data          96  libspace.o(.bss)
    __temporary_stack_top$libspace           0x200001d0   Data           0  libspace.o(.bss)



==============================================================================

Memory Map of the image

  Image Entry point : 0x0000026d

  Load Region LR_IROM1 (Base: 0x00000000, Size: 0x0000454c, Max: 0x00040000, ABSOLUTE)

    Execution Region ER_IROM1 (Base: 0x00000000, Size: 0x00004468, Max: 0x00040000, ABSOLUTE)

    Base Addr    Size         Type   Attr      Idx    E Section Name        Object

    0x00000000   0x00000288   Code   RO          934  * RESET               startup_rvmdk.o
    0x00000288   0x00000008   Code   RO         2543  * !!!main             c_w.l(__main.o)
    0x00000290   0x00000034   Code   RO         2805    !!!scatter          c_w.l(__scatter.o)
    0x000002c4   0x0000001a   Code   RO         2807    !!handler_copy      c_w.l(__scatter_copy.o)
    0x000002de   0x00000002   PAD
    0x000002e0   0x0000001c   Code   RO         2809    !!handler_zi        c_w.l(__scatter_zi.o)
    0x000002fc   0x00000000   Code   RO         2536    .ARM.Collect$$_printf_percent$$00000000  c_w.l(_printf_percent.o)
    0x000002fc   0x00000006   Code   RO         2535    .ARM.Collect$$_printf_percent$$00000009  c_w.l(_printf_d.o)
    0x00000302   0x00000006   Code   RO         2534    .ARM.Collect$$_printf_percent$$00000014  c_w.l(_printf_s.o)
    0x00000308   0x00000004   Code   RO         2594    .ARM.Collect$$_printf_percent$$00000017  c_w.l(_printf_percent_end.o)
    0x0000030c   0x00000002   Code   RO         2683    .ARM.Collect$$libinit$$00000000  c_w.l(libinit.o)
    0x0000030e   0x00000004   Code   RO         2684    .ARM.Collect$$libinit$$00000001  c_w.l(libinit2.o)
    0x00000312   0x00000000   Code   RO         2688    .ARM.Collect$$libinit$$00000008  c_w.l(libinit2.o)
    0x00000312   0x00000000   Code   RO         2690    .ARM.Collect$$libinit$$0000000A  c_w.l(libinit2.o)
    0x00000312   0x00000000   Code   RO         2692    .ARM.Collect$$libinit$$0000000C  c_w.l(libinit2.o)
    0x00000312   0x00000006   Code   RO         2693    .ARM.Collect$$libinit$$0000000D  c_w.l(libinit2.o)
    0x00000318   0x00000000   Code   RO         2695    .ARM.Collect$$libinit$$0000000F  c_w.l(libinit2.o)
    0x00000318   0x0000000c   Code   RO         2696    .ARM.Collect$$libinit$$00000010  c_w.l(libinit2.o)
    0x00000324   0x00000000   Code   RO         2697    .ARM.Collect$$libinit$$00000011  c_w.l(libinit2.o)
    0x00000324   0x00000000   Code   RO         2699    .ARM.Collect$$libinit$$00000013  c_w.l(libinit2.o)
    0x00000324   0x00000000   Code   RO         2701    .ARM.Collect$$libinit$$00000015  c_w.l(libinit2.o)
    0x00000324   0x00000000   Code   RO         2703    .ARM.Collect$$libinit$$00000017  c_w.l(libinit2.o)
    0x00000324   0x00000000   Code   RO         2705    .ARM.Collect$$libinit$$00000019  c_w.l(libinit2.o)
    0x00000324   0x00000000   Code   RO         2707    .ARM.Collect$$libinit$$0000001B  c_w.l(libinit2.o)
    0x00000324   0x00000000   Code   RO         2709    .ARM.Collect$$libinit$$0000001D  c_w.l(libinit2.o)
    0x00000324   0x00000000   Code   RO         2711    .ARM.Collect$$libinit$$0000001F  c_w.l(libinit2.o)
    0x00000324   0x00000000   Code   RO         2713    .ARM.Collect$$libinit$$00000021  c_w.l(libinit2.o)
    0x00000324   0x00000000   Code   RO         2715    .ARM.Collect$$libinit$$00000023  c_w.l(libinit2.o)
    0x00000324   0x00000000   Code   RO         2719    .ARM.Collect$$libinit$$0000002A  c_w.l(libinit2.o)
    0x00000324   0x00000000   Code   RO         2721    .ARM.Collect$$libinit$$0000002C  c_w.l(libinit2.o)
    0x00000324   0x00000000   Code   RO         2723    .ARM.Collect$$libinit$$0000002E  c_w.l(libinit2.o)
    0x00000324   0x00000000   Code   RO         2725    .ARM.Collect$$libinit$$00000030  c_w.l(libinit2.o)
    0x00000324   0x00000002   Code   RO         2726    .ARM.Collect$$libinit$$00000031  c_w.l(libinit2.o)
    0x00000326   0x00000002   Code   RO         2768    .ARM.Collect$$libshutdown$$00000000  c_w.l(libshutdown.o)
    0x00000328   0x00000000   Code   RO         2776    .ARM.Collect$$libshutdown$$00000003  c_w.l(libshutdown2.o)
    0x00000328   0x00000000   Code   RO         2779    .ARM.Collect$$libshutdown$$00000006  c_w.l(libshutdown2.o)
    0x00000328   0x00000000   Code   RO         2782    .ARM.Collect$$libshutdown$$00000009  c_w.l(libshutdown2.o)
    0x00000328   0x00000000   Code   RO         2784    .ARM.Collect$$libshutdown$$0000000B  c_w.l(libshutdown2.o)
    0x00000328   0x00000000   Code   RO         2787    .ARM.Collect$$libshutdown$$0000000E  c_w.l(libshutdown2.o)
    0x00000328   0x00000002   Code   RO         2788    .ARM.Collect$$libshutdown$$0000000F  c_w.l(libshutdown2.o)
    0x0000032a   0x00000000   Code   RO         2581    .ARM.Collect$$rtentry$$00000000  c_w.l(rtentry.o)
    0x0000032a   0x00000000   Code   RO         2626    .ARM.Collect$$rtentry$$00000002  c_w.l(rtentry2.o)
    0x0000032a   0x00000006   Code   RO         2638    .ARM.Collect$$rtentry$$00000004  c_w.l(rtentry4.o)
    0x00000330   0x00000000   Code   RO         2628    .ARM.Collect$$rtentry$$00000009  c_w.l(rtentry2.o)
    0x00000330   0x00000004   Code   RO         2629    .ARM.Collect$$rtentry$$0000000A  c_w.l(rtentry2.o)
    0x00000334   0x00000000   Code   RO         2631    .ARM.Collect$$rtentry$$0000000C  c_w.l(rtentry2.o)
    0x00000334   0x00000008   Code   RO         2632    .ARM.Collect$$rtentry$$0000000D  c_w.l(rtentry2.o)
    0x0000033c   0x00000002   Code   RO         2727    .ARM.Collect$$rtexit$$00000000  c_w.l(rtexit.o)
    0x0000033e   0x00000000   Code   RO         2738    .ARM.Collect$$rtexit$$00000002  c_w.l(rtexit2.o)
    0x0000033e   0x00000004   Code   RO         2739    .ARM.Collect$$rtexit$$00000003  c_w.l(rtexit2.o)
    0x00000342   0x00000006   Code   RO         2740    .ARM.Collect$$rtexit$$00000004  c_w.l(rtexit2.o)
    0x00000348   0x00000006   Code   RO         1790    .emb_text           driverlib.lib(sysctl.o)
    0x0000034e   0x00000002   PAD
    0x00000350   0x00000026   Code   RO         2484    .emb_text           driverlib.lib(cpu.o)
    0x00000376   0x00000002   PAD
    0x00000378   0x00000018   Code   RO          935    .text               startup_rvmdk.o
    0x00000390   0x00000002   Code   RO         2496    .text               c_w.l(use_no_semi.o)
    0x00000392   0x00000048   Code   RO         2498    .text               c_w.l(llsdiv.o)
    0x000003da   0x0000001e   Code   RO         2500    .text               c_w.l(toupper.o)
    0x000003f8   0x00000018   Code   RO         2504    .text               c_w.l(noretval__2printf.o)
    0x00000410   0x00000052   Code   RO         2510    .text               c_w.l(_printf_str.o)
    0x00000462   0x00000002   PAD
    0x00000464   0x00000074   Code   RO         2512    .text               c_w.l(_printf_dec.o)
    0x000004d8   0x0000010e   Code   RO         2522    .text               c_w.l(__printf_wp.o)
    0x000005e6   0x00000004   Code   RO         2537    .text               c_w.l(getc.o)
    0x000005ea   0x00000002   PAD
    0x000005ec   0x0000002c   Code   RO         2539    .text               c_w.l(puts.o)
    0x00000618   0x00000006   Code   RO         2541    .text               c_w.l(heapauxi.o)
    0x0000061e   0x00000002   PAD
    0x00000620   0x00000010   Code   RO         2582    .text               c_w.l(rt_ctype_table.o)
    0x00000630   0x000000ee   Code   RO         2584    .text               c_w.l(lludivv7m.o)
    0x0000071e   0x000000b2   Code   RO         2588    .text               c_w.l(_printf_intcommon.o)
    0x000007d0   0x0000002c   Code   RO         2590    .text               c_w.l(_printf_char.o)
    0x000007fc   0x00000024   Code   RO         2592    .text               c_w.l(_printf_char_file.o)
    0x00000820   0x00000008   Code   RO         2647    .text               c_w.l(rt_locale_intlibspace.o)
    0x00000828   0x00000030   Code   RO         2654    .text               c_w.l(_printf_char_common.o)
    0x00000858   0x00000008   Code   RO         2665    .text               c_w.l(libspace.o)
    0x00000860   0x0000004a   Code   RO         2668    .text               c_w.l(sys_stackheap_outer.o)
    0x000008aa   0x0000000c   Code   RO         2674    .text               c_w.l(exit.o)
    0x000008b6   0x00000002   PAD
    0x000008b8   0x00000080   Code   RO         2676    .text               c_w.l(strcmpv7m.o)
    0x00000938   0x00000038   Code   RO          832    i.BeaconSensedCaptureResponse  beaconsensor.o
    0x00000970   0x00000014   Code   RO          884    i.BumpSensorDetected  bumpsensor.o
    0x00000984   0x00000008   Code   RO         1067    i.CPUgetPRIMASK_cpsid  es_port.o
    0x0000098c   0x00000006   Code   RO         1073    i.CPUsetPRIMASK     es_port.o
    0x00000992   0x00000002   PAD
    0x00000994   0x0000002c   Code   RO          123    i.Check4Keystroke   eventcheckers.o
    0x000009c0   0x00000038   Code   RO          124    i.CheckBumpSensor   eventcheckers.o
    0x000009f8   0x0000003c   Code   RO          125    i.CheckIRSensor     eventcheckers.o
    0x00000a34   0x00000018   Code   RO          737    i.ClearSumError     drivemotorspid.o
    0x00000a4c   0x0000000c   Code   RO          738    i.DisablePIDcontrol  drivemotorspid.o
    0x00000a58   0x0000007c   Code   RO          525    i.DriveBackward     drivemotors.o
    0x00000ad4   0x00000050   Code   RO          526    i.DriveBackwardsWithBias  drivemotors.o
    0x00000b24   0x00000078   Code   RO          527    i.DriveForward      drivemotors.o
    0x00000b9c   0x00000050   Code   RO          528    i.DriveForwardWithBias  drivemotors.o
    0x00000bec   0x00000068   Code   RO          532    i.DriveForwardWithSetDistance  drivemotors.o
    0x00000c54   0x000000e8   Code   RO          436    i.DuringStraight    sm_racing.o
    0x00000d3c   0x00000030   Code   RO          233    i.EOTIntHandler     drs.o
    0x00000d6c   0x00000028   Code   RO          941    i.ES_CheckUserEvents  es_checkevents.o
    0x00000d94   0x00000054   Code   RO         1106    i.ES_DeQueue        es_queue.o
    0x00000de8   0x00000048   Code   RO         1107    i.ES_EnQueueFIFO    es_queue.o
    0x00000e30   0x00000034   Code   RO         1016    i.ES_GetMSBitSet    es_lookuptables.o
    0x00000e64   0x00000010   Code   RO         1109    i.ES_InitQueue      es_queue.o
    0x00000e74   0x0000004c   Code   RO          967    i.ES_Initialize     es_framework.o
    0x00000ec0   0x00000038   Code   RO          969    i.ES_PostToService  es_framework.o
    0x00000ef8   0x00000060   Code   RO          971    i.ES_Run            es_framework.o
    0x00000f58   0x00000004   Code   RO         1149    i.ES_Timer_Init     es_timers.o
    0x00000f5c   0x0000003c   Code   RO         1150    i.ES_Timer_InitTimer  es_timers.o
    0x00000f98   0x00000024   Code   RO         1153    i.ES_Timer_StopTimer  es_timers.o
    0x00000fbc   0x0000006c   Code   RO         1154    i.ES_Timer_Tick_Resp  es_timers.o
    0x00001028   0x0000000c   Code   RO          739    i.EnablePIDcontrol  drivemotorspid.o
    0x00001034   0x00000028   Code   RO         1353    i.GPIODirModeSet    driverlib.lib(gpio.o)
    0x0000105c   0x0000013a   Code   RO         1363    i.GPIOPadConfigSet  driverlib.lib(gpio.o)
    0x00001196   0x00000002   PAD
    0x00001198   0x00000048   Code   RO         1364    i.GPIOPinConfigure  driverlib.lib(gpio.o)
    0x000011e0   0x0000001c   Code   RO         1389    i.GPIOPinTypeUART   driverlib.lib(gpio.o)
    0x000011fc   0x000000c8   Code   RO           95    i.GamefieldPositionString  gamefieldpositions.o
    0x000012c4   0x00000028   Code   RO          833    i.GetAveragePerioduS  beaconsensor.o
    0x000012ec   0x0000005e   Code   RO           97    i.GetGamefieldPosition  gamefieldpositions.o
    0x0000134a   0x00000002   PAD
    0x0000134c   0x00000034   Code   RO          234    i.GetKartData       drs.o
    0x00001380   0x00000018   Code   RO          235    i.GetMyKart         drs.o
    0x00001398   0x00000024   Code   RO          679    i.GetRPML           drivemotorsencoder.o
    0x000013bc   0x00000024   Code   RO          680    i.GetRPMR           drivemotorsencoder.o
    0x000013e0   0x000000ac   Code   RO          836    i.InitBeaconSensingCapture  beaconsensor.o
    0x0000148c   0x00000020   Code   RO          367    i.InitDRS_SM        sm_drs.o
    0x000014ac   0x0000000c   Code   RO          200    i.InitDisplay       display.o
    0x000014b8   0x0000000c   Code   RO          648    i.InitDriveMotorsService  drivemotorsservice.o
    0x000014c4   0x000000f8   Code   RO          681    i.InitInputCapturePeriod  drivemotorsencoder.o
    0x000015bc   0x0000000c   Code   RO          170    i.InitMapKeys       mapkeys.o
    0x000015c8   0x0000001c   Code   RO          322    i.InitMasterSM      sm_master.o
    0x000015e4   0x0000005c   Code   RO          740    i.InitPeriodicInt   drivemotorspid.o
    0x00001640   0x0000013c   Code   RO          791    i.InitializeBallLauncher  balllauncher.o
    0x0000177c   0x00000038   Code   RO          885    i.InitializeBumpSensors  bumpsensor.o
    0x000017b4   0x00000178   Code   RO          236    i.InitializeDRS     drs.o
    0x0000192c   0x00000120   Code   RO          533    i.InitializeDriveMotors  drivemotors.o
    0x00001a4c   0x0000005c   Code   RO          902    i.InitializeKartSwitchAndLED  kartswitchandled.o
    0x00001aa8   0x0000000e   Code   RO         1678    i.IntMasterEnable   driverlib.lib(interrupt.o)
    0x00001ab6   0x00000002   PAD
    0x00001ab8   0x0000002c   Code   RO          837    i.IsBeaconSensed    beaconsensor.o
    0x00001ae4   0x00000058   Code   RO          682    i.LDriveCaptureResponse  drivemotorsencoder.o
    0x00001b3c   0x000000ac   Code   RO          534    i.PivotCCWwithSetTicks  drivemotors.o
    0x00001be8   0x000000ac   Code   RO          535    i.PivotCWwithSetTicks  drivemotors.o
    0x00001c94   0x00000010   Code   RO          368    i.PostDRS_SM        sm_drs.o
    0x00001ca4   0x00000010   Code   RO          201    i.PostDisplay       display.o
    0x00001cb4   0x00000010   Code   RO          649    i.PostDriveMotorsService  drivemotorsservice.o
    0x00001cc4   0x00000010   Code   RO          171    i.PostMapKeys       mapkeys.o
    0x00001cd4   0x00000010   Code   RO          323    i.PostMasterSM      sm_master.o
    0x00001ce4   0x00000074   Code   RO          202    i.PrintMyKartStatus  display.o
    0x00001d58   0x0000005c   Code   RO          683    i.RDriveCaptureResponse  drivemotorsencoder.o
    0x00001db4   0x00000034   Code   RO          903    i.ReadKartSwitch    kartswitchandled.o
    0x00001de8   0x00000078   Code   RO          536    i.RotateCCW         drivemotors.o
    0x00001e60   0x00000074   Code   RO          538    i.RotateCW          drivemotors.o
    0x00001ed4   0x000002a0   Code   RO          499    i.RunBallLaunchingSM  sm_balllaunching.o
    0x00002174   0x000000fc   Code   RO          370    i.RunDRS_SM         sm_drs.o
    0x00002270   0x000001c0   Code   RO          203    i.RunDisplay        display.o
    0x00002430   0x00000048   Code   RO          650    i.RunDriveMotorsService  drivemotorsservice.o
    0x00002478   0x00000260   Code   RO          172    i.RunMapKeys        mapkeys.o
    0x000026d8   0x0000015c   Code   RO          325    i.RunMasterSM       sm_master.o
    0x00002834   0x000001ac   Code   RO          472    i.RunObstacleCrossingSM  sm_obstaclecrossing.o
    0x000029e0   0x00000144   Code   RO          401    i.RunPlayingSM      sm_playing.o
    0x00002b24   0x000001b4   Code   RO          438    i.RunRacingSM       sm_racing.o
    0x00002cd8   0x00000034   Code   RO          239    i.SendQuery         drs.o
    0x00002d0c   0x00000040   Code   RO          792    i.ServoForward      balllauncher.o
    0x00002d4c   0x00000040   Code   RO          793    i.ServoReverse      balllauncher.o
    0x00002d8c   0x00000050   Code   RO          540    i.SetMotorDirection  drivemotors.o
    0x00002ddc   0x00000078   Code   RO          541    i.SetMotorPWM       drivemotors.o
    0x00002e54   0x00000040   Code   RO          741    i.SetPIDgains       drivemotorspid.o
    0x00002e94   0x00000100   Code   RO          742    i.SetRPMResponse    drivemotorspid.o
    0x00002f94   0x00000010   Code   RO          743    i.SetTargetRPM      drivemotorspid.o
    0x00002fa4   0x00000020   Code   RO          684    i.SetTargetTickCount  drivemotorsencoder.o
    0x00002fc4   0x00000010   Code   RO          500    i.StartBallLaunchingSM  sm_balllaunching.o
    0x00002fd4   0x00000010   Code   RO          326    i.StartMasterSM     sm_master.o
    0x00002fe4   0x00000014   Code   RO          473    i.StartObstacleCrossingSM  sm_obstaclecrossing.o
    0x00002ff8   0x00000014   Code   RO          402    i.StartPlayingSM    sm_playing.o
    0x0000300c   0x0000004c   Code   RO          439    i.StartRacingSM     sm_racing.o
    0x00003058   0x0000004c   Code   RO          542    i.StopMotors        drivemotors.o
    0x000030a4   0x00000250   Code   RO          240    i.StoreData         drs.o
    0x000032f4   0x00000120   Code   RO         1795    i.SysCtlClockSet    driverlib.lib(sysctl.o)
    0x00003414   0x00000028   Code   RO         1824    i.SysCtlPeripheralEnable  driverlib.lib(sysctl.o)
    0x0000343c   0x0000000e   Code   RO         2133    i.SysTickEnable     driverlib.lib(systick.o)
    0x0000344a   0x0000000e   Code   RO         2135    i.SysTickIntEnable  driverlib.lib(systick.o)
    0x00003458   0x00000014   Code   RO         1033    i.SysTickIntHandler  es_port.o
    0x0000346c   0x0000000a   Code   RO         2139    i.SysTickPeriodSet  driverlib.lib(systick.o)
    0x00003476   0x00000004   Code   RO         1250    i.TERMIO_GetChar    termio.o
    0x0000347a   0x00000002   PAD
    0x0000347c   0x00000050   Code   RO         1251    i.TERMIO_Init       termio.o
    0x000034cc   0x0000000c   Code   RO         1252    i.TERMIO_PutChar    termio.o
    0x000034d8   0x00000014   Code   RO          904    i.TurnOffRaceLED    kartswitchandled.o
    0x000034ec   0x00000040   Code   RO          795    i.TurnOffShooter    balllauncher.o
    0x0000352c   0x00000014   Code   RO          905    i.TurnOnRaceLED     kartswitchandled.o
    0x00003540   0x0000003c   Code   RO          796    i.TurnOnShooter     balllauncher.o
    0x0000357c   0x0000000c   Code   RO         2203    i.UARTCharPut       driverlib.lib(uart.o)
    0x00003588   0x00000006   Code   RO         2207    i.UARTClockSourceSet  driverlib.lib(uart.o)
    0x0000358e   0x00000002   PAD
    0x00003590   0x0000005c   Code   RO         1293    i.UARTStdioConfig   uartstdio.o
    0x000035ec   0x00000018   Code   RO         1294    i.UARTgetc          uartstdio.o
    0x00003604   0x00000020   Code   RO         1035    i._HW_Process_Pending_Ints  es_port.o
    0x00003624   0x00000016   Code   RO         1036    i._HW_Timer_Init    es_port.o
    0x0000363a   0x0000000e   Code   RO         2524    i._is_digit         c_w.l(__printf_wp.o)
    0x00003648   0x00000002   Code   RO         1200    i._sys_exit         retarget.o
    0x0000364a   0x00000006   Code   RO         1202    i.ferror            retarget.o
    0x00003650   0x00000004   Code   RO         1203    i.fgetc             retarget.o
    0x00003654   0x0000000e   Code   RO         1204    i.fputc             retarget.o
    0x00003662   0x00000002   PAD
    0x00003664   0x00000014   Code   RO         1253    i.kbhit             termio.o
    0x00003678   0x00000154   Code   RO            1    i.main              main.o
    0x000037cc   0x0000002c   Code   RO         2657    locale$$code        c_w.l(lc_ctype_c.o)
    0x000037f8   0x00000062   Code   RO         2545    x$fpl$d2f           fz_wm.l(d2f.o)
    0x0000385a   0x00000002   PAD
    0x0000385c   0x000002b0   Code   RO         2554    x$fpl$ddiv          fz_wm.l(ddiv.o)
    0x00003b0c   0x0000005a   Code   RO         2557    x$fpl$dfixu         fz_wm.l(dfixu.o)
    0x00003b66   0x00000026   Code   RO         2561    x$fpl$dfltu         fz_wm.l(dflt_clz.o)
    0x00003b8c   0x0000009c   Code   RO         2597    x$fpl$dnaninf       fz_wm.l(dnaninf.o)
    0x00003c28   0x0000000c   Code   RO         2599    x$fpl$dretinf       fz_wm.l(dretinf.o)
    0x00003c34   0x0000000a   Code   RO         2735    x$fpl$fpinit        fz_wm.l(fpinit.o)
    0x00003c3e   0x0000000a   Code   RO         2601    x$fpl$fretinf       fz_wm.l(fretinf.o)
    0x00003c48   0x00000000   Code   RO         2603    x$fpl$usenofp       fz_wm.l(usenofp.o)
    0x00003c48   0x0000000c   Data   RO          126    .constdata          eventcheckers.o
    0x00003c54   0x0000001c   Data   RO          241    .constdata          drs.o
    0x00003c70   0x00000004   Data   RO          327    .constdata          sm_master.o
    0x00003c74   0x00000008   Data   RO          371    .constdata          sm_drs.o
    0x00003c7c   0x00000004   Data   RO          403    .constdata          sm_playing.o
    0x00003c80   0x0000000c   Data   RO          440    .constdata          sm_racing.o
    0x00003c8c   0x00000008   Data   RO          474    .constdata          sm_obstaclecrossing.o
    0x00003c94   0x00000008   Data   RO          501    .constdata          sm_balllaunching.o
    0x00003c9c   0x00000008   Data   RO          685    .constdata          drivemotorsencoder.o
    0x00003ca4   0x0000000c   Data   RO          942    .constdata          es_checkevents.o
    0x00003cb0   0x00000050   Data   RO          977    .constdata          es_framework.o
    0x00003d00   0x00000020   Data   RO         1017    .constdata          es_lookuptables.o
    0x00003d20   0x0000000f   Data   RO         1018    .constdata          es_lookuptables.o
    0x00003d2f   0x00000001   PAD
    0x00003d30   0x00000040   Data   RO         1156    .constdata          es_timers.o
    0x00003d70   0x0000001c   Data   RO         1299    .constdata          uartstdio.o
    0x00003d8c   0x00000210   Data   RO         1396    .constdata          driverlib.lib(gpio.o)
    0x00003f9c   0x0000013d   Data   RO          173    .conststring        mapkeys.o
    0x000040d9   0x00000003   PAD
    0x000040dc   0x0000006b   Data   RO          204    .conststring        display.o
    0x00004147   0x00000001   PAD
    0x00004148   0x000000e3   Data   RO          242    .conststring        drs.o
    0x0000422b   0x00000001   PAD
    0x0000422c   0x000000f6   Data   RO          543    .conststring        drivemotors.o
    0x00004322   0x00000002   PAD
    0x00004324   0x00000011   Data   RO         1300    .conststring        uartstdio.o
    0x00004335   0x00000003   PAD
    0x00004338   0x00000020   Data   RO         2803    Region$$Table       anon$$obj.o
    0x00004358   0x00000110   Data   RO         2656    locale$$data        c_w.l(lc_ctype_c.o)


    Execution Region RW_IRAM1 (Base: 0x20000000, Size: 0x000009d0, Max: 0x00008000, ABSOLUTE)

    Base Addr    Size         Type   Attr      Idx    E Section Name        Object

    0x20000000   0x00000002   Data   RW          127    .data               eventcheckers.o
    0x20000002   0x00000001   Data   RW          174    .data               mapkeys.o
    0x20000003   0x00000001   Data   RW          205    .data               display.o
    0x20000004   0x00000034   Data   RW          243    .data               drs.o
    0x20000038   0x00000002   Data   RW          328    .data               sm_master.o
    0x2000003a   0x00000004   Data   RW          372    .data               sm_drs.o
    0x2000003e   0x00000001   Data   RW          404    .data               sm_playing.o
    0x2000003f   0x00000005   Data   RW          441    .data               sm_racing.o
    0x20000044   0x00000002   Data   RW          475    .data               sm_obstaclecrossing.o
    0x20000046   0x00000002   Data   RW          502    .data               sm_balllaunching.o
    0x20000048   0x00000004   Data   RW          544    .data               drivemotors.o
    0x2000004c   0x00000001   Data   RW          653    .data               drivemotorsservice.o
    0x2000004d   0x00000003   PAD
    0x20000050   0x0000002c   Data   RW          686    .data               drivemotorsencoder.o
    0x2000007c   0x00000030   Data   RW          744    .data               drivemotorspid.o
    0x200000ac   0x0000000c   Data   RW          839    .data               beaconsensor.o
    0x200000b8   0x00000006   Data   RW          978    .data               es_framework.o
    0x200000be   0x00000004   Data   RW         1037    .data               es_port.o
    0x200000c2   0x00000002   PAD
    0x200000c4   0x00000004   Data   RW         1111    .data               es_queue.o
    0x200000c8   0x0000000a   Data   RW         1157    .data               es_timers.o
    0x200000d2   0x00000002   PAD
    0x200000d4   0x00000004   Data   RW         1205    .data               retarget.o
    0x200000d8   0x00000004   Data   RW         1206    .data               retarget.o
    0x200000dc   0x00000008   Data   RW         1301    .data               uartstdio.o
    0x200000e4   0x00000020   Zero   RW          838    .bss                beaconsensor.o
    0x20000104   0x0000000c   Zero   RW          972    .bss                es_framework.o
    0x20000110   0x00000010   Zero   RW          973    .bss                es_framework.o
    0x20000120   0x00000010   Zero   RW          974    .bss                es_framework.o
    0x20000130   0x00000010   Zero   RW          975    .bss                es_framework.o
    0x20000140   0x00000010   Zero   RW          976    .bss                es_framework.o
    0x20000150   0x00000020   Zero   RW         1155    .bss                es_timers.o
    0x20000170   0x00000060   Zero   RW         2666    .bss                c_w.l(libspace.o)
    0x200001d0   0x00000000   Zero   RW          933    HEAP                startup_rvmdk.o
    0x200001d0   0x00000800   Zero   RW          932    STACK               startup_rvmdk.o


==============================================================================

Image component sizes


      Code (inc. data)   RO Data    RW Data    ZI Data      Debug   Object Name

       568        202          0          0          0       3446   balllauncher.o
       312         48          0         12         32       3378   beaconsensor.o
        76         18          0          0          0        977   bumpsensor.o
       592        358        107          1          0       2333   display.o
      1652        498        246          4          0       9020   drivemotors.o
       532         86          8         44          0       3934   drivemotorsencoder.o
       476         40          0         48          0       4815   drivemotorspid.o
       100         34          0          1          0       2032   drivemotorsservice.o
      1144        154        255         52          0       5414   drs.o
        40          6         12          0          0       1177   es_checkevents.o
       228         30         80          6         76       2984   es_framework.o
        52          4         47          0          0       1286   es_lookuptables.o
        88         10          0          4          0       3574   es_port.o
       172         10          0          4          0       2437   es_queue.o
       208         42         64         10         32       2951   es_timers.o
       160         20         12          2          0       2588   eventcheckers.o
       294        148          0          0          0       1637   gamefieldpositions.o
       184         34          0          0          0       2035   kartswitchandled.o
       340        224          0          0          0      11835   main.o
       636         48        317          1          0       2005   mapkeys.o
        26          0          0          8          0       3659   retarget.o
       688        218          8          2          0       2872   sm_balllaunching.o
       300         20          8          4          0       3086   sm_drs.o
       408        136          4          2          0       3908   sm_master.o
       448        152          8          2          0       2594   sm_obstaclecrossing.o
       344        104          4          1          0       3496   sm_playing.o
       744        190         12          5          0       3166   sm_racing.o
       672        636          0          0       2048        556   startup_rvmdk.o
       116         26          0          0          0       1960   termio.o
       116         14         45          8          0       2728   uartstdio.o

    ----------------------------------------------------------------------
     11724       3510       1280        228       2188      97883   Object Totals
         0          0         32          0          0          0   (incl. Generated)
         8          0         11          7          0          0   (incl. Padding)

    ----------------------------------------------------------------------

      Code (inc. data)   RO Data    RW Data    ZI Data      Debug   Library Member Name

         8          0          0          0          0         68   __main.o
       284          0          0          0          0        156   __printf_wp.o
        52          8          0          0          0          0   __scatter.o
        26          0          0          0          0          0   __scatter_copy.o
        28          0          0          0          0          0   __scatter_zi.o
        44          0          0          0          0        108   _printf_char.o
        48          6          0          0          0         96   _printf_char_common.o
        36          4          0          0          0         80   _printf_char_file.o
         6          0          0          0          0          0   _printf_d.o
       116         16          0          0          0         92   _printf_dec.o
       178          0          0          0          0         88   _printf_intcommon.o
         0          0          0          0          0          0   _printf_percent.o
         4          0          0          0          0          0   _printf_percent_end.o
         6          0          0          0          0          0   _printf_s.o
        82          0          0          0          0         80   _printf_str.o
        12          0          0          0          0         72   exit.o
         4          0          0          0          0         68   getc.o
         6          0          0          0          0        152   heapauxi.o
        44         10        272          0          0         76   lc_ctype_c.o
         2          0          0          0          0          0   libinit.o
        24          0          0          0          0          0   libinit2.o
         2          0          0          0          0          0   libshutdown.o
         2          0          0          0          0          0   libshutdown2.o
         8          4          0          0         96         68   libspace.o
        72          0          0          0          0         76   llsdiv.o
       238          0          0          0          0        100   lludivv7m.o
        24          4          0          0          0         84   noretval__2printf.o
        44          4          0          0          0         84   puts.o
        16          4          0          0          0         76   rt_ctype_table.o
         8          4          0          0          0         68   rt_locale_intlibspace.o
         0          0          0          0          0          0   rtentry.o
        12          0          0          0          0          0   rtentry2.o
         6          0          0          0          0          0   rtentry4.o
         2          0          0          0          0          0   rtexit.o
        10          0          0          0          0          0   rtexit2.o
       128          0          0          0          0         68   strcmpv7m.o
        74          0          0          0          0         80   sys_stackheap_outer.o
        30          0          0          0          0         76   toupper.o
         2          0          0          0          0         68   use_no_semi.o
        38          0          0          0          0        504   cpu.o
       454          8        528          0          0       5929   gpio.o
        14          0          0          0          0        450   interrupt.o
       334         22          0          0          0       1550   sysctl.o
        38          0          0          0          0       1218   systick.o
        18          0          0          0          0        867   uart.o
        98          4          0          0          0        140   d2f.o
       688        140          0          0          0        256   ddiv.o
        90          4          0          0          0        140   dfixu.o
        38          0          0          0          0        116   dflt_clz.o
       156          4          0          0          0        140   dnaninf.o
        12          0          0          0          0        116   dretinf.o
        10          0          0          0          0        116   fpinit.o
        10          0          0          0          0        116   fretinf.o
         0          0          0          0          0          0   usenofp.o

    ----------------------------------------------------------------------
      3708        246        800          0         96      13642   Library Totals
        22          0          0          0          0          0   (incl. Padding)

    ----------------------------------------------------------------------

      Code (inc. data)   RO Data    RW Data    ZI Data      Debug   Library Name

      1688         64        272          0         96       1984   c_w.l
       896         30        528          0          0      10518   driverlib.lib
      1102        152          0          0          0       1140   fz_wm.l

    ----------------------------------------------------------------------
      3708        246        800          0         96      13642   Library Totals

    ----------------------------------------------------------------------

==============================================================================


      Code (inc. data)   RO Data    RW Data    ZI Data      Debug   

     15432       3756       2080        228       2284      98585   Grand Totals
     15432       3756       2080        228       2284      98585   ELF Image Totals
     15432       3756       2080        228          0          0   ROM Totals

==============================================================================

    Total RO  Size (Code + RO Data)                17512 (  17.10kB)
    Total RW  Size (RW Data + ZI Data)              2512 (   2.45kB)
    Total ROM Size (Code + RO Data + RW Data)      17740 (  17.32kB)

==============================================================================

